W/EventHub(  901): Unable to disable kernel key repeat for /dev/input/event21: Function not implemented
I/EventHub(  901): New device: id=747, fd=386, path='/dev/input/event21', name='USB2.0 Camera', classes=0x80000001, configuration='', keyLayout='/system/usr/keylayout/Generic.kl', keyCharacterMap='/system/usr/keychars/Generic.kcm', builtinKeyboard=false, wakeMechanism=EVIOCSSUSPENDBLOCK, usingClockIoctl=true
I/InputReader(  901): Device added: id=747, name='USB2.0 Camera', sources=0x00000101
D/StatusBar.NetworkController( 1282): refreshViews connected={ wifi } level=3 combinedSignalIconId=0x7f020517/com.android.systemui:drawable/stat_sys_wifi_signal_4 mobileLabel=Emergency calls only wifiLabel="27 Lambert"xxxxXXXXxxxxXXXX emergencyOnly=true combinedLabel="27 Lambert"xxxxXXXXxxxxXXXX mAirplaneMode=false mDataActivity=0 mPhoneSignalIconId=0x7f02048e/com.android.systemui:drawable/stat_sys_signal_3_auto_rotate mQSPhoneSignalIconId=0x7f02012b/com.android.systemui:drawable/ic_qs_signal_3 mDataDirectionIconId=0x0/(null) mDataSignalIconId=0x7f02048e/com.android.systemui:drawable/stat_sys_signal_3_auto_rotate mDataTypeIconId=0x0/(null) mQSDataTypeIconId=0x0/(null) mNoSimIconId=0x0/(null) mWifiIconId=0x7f020517/com.android.systemui:drawable/stat_sys_wifi_signal_4 mQSWifiIconId=0x7f020143/com.android.systemui:drawable/ic_qs_wifi_4 mWifiActivityIconId=0x7f0204ea/com.android.systemui:drawable/stat_sys_signal_no_inout mBluetoothTetherIconId=0x10808cc/android:drawable/stat_sys_tether_bluetooth
D/STATUSBAR-WifiQuickSettingButton( 1282): onWifiSignalChanged enabled=true enabledDesc:"27 Lambert"
D/StatusBar.NetworkController( 1282): refreshSignalCluster - setNWBoosterIndicators(false)
D/StatusBar.NetworkController( 1282): applyOpen
D/StatusBar.NetworkController( 1282): refreshSignalCluster - setNWBoosterIndicators(false)
D/StatusBar.NetworkController( 1282): applyOpen
D/StatusBar.NetworkController( 1282): refreshSignalCluster - setNWBoosterIndicators(false)
D/StatusBar.NetworkController( 1282): applyOpen
D/StatusBar.NetworkController( 1282): refreshSignalCluster - setNWBoosterIndicators(false)
D/StatusBar.NetworkController( 1282): applyOpen
D/SurfaceFlinger(  278): FPS : 0.99
W/SurfaceFlinger(  278): Fail to Open /sys/devices/platform/gpusysfs/fps
D/UsbSettingsManager(  901): hasPermission++
D/UsbSettingsManager(  901): hasPermission: UsbDevice[mName=/dev/bus/usb/002/002,mVendorId=7758,mProductId=272,mClass=239,mSubclass=2,mProtocol=1,mManufacturerName=Etron Technology, Inc.,mProductName=USB2.0 Camera,mSerialNumber=null,mConfigurations=[
D/UsbSettingsManager(  901): UsbConfiguration[mId=1,mName=null,mAttributes=128,mMaxPower=50,mInterfaces=[
D/UsbSettingsManager(  901): UsbInterface[mId=0,mAlternateSetting=0,mName=USB2.0 Camera,mClass=14,mSubclass=1,mProtocol=0,mEndpoints=[
D/UsbSettingsManager(  901): UsbEndpoint[mAddress=130,mAttributes=3,mMaxPacketSize=64,mInterval=8]]
D/UsbSettingsManager(  901): UsbInterface[mId=1,mAlternateSetting=0,mName=null,mClass=14,mSubclass=2,mProtocol=0,mEndpoints=[]
D/UsbSettingsManager(  901): UsbInterface[mId=1,mAlternateSetting=1,mName=null,mClass=14,mSubclass=2,mProtocol=0,mEndpoints=[
D/UsbSettingsManager(  901): UsbEndpoint[mAddress=129,mAttributes=5,mMaxPacketSize=160,mInterval=1]]
D/UsbSettingsManager(  901): UsbInterface[mId=1,mAlternateSetting=2,mName=null,mClass=14,mSubclass=2,mProtocol=0,mEndpoints=[
D/UsbSettingsManager(  901): UsbEndpoint[mAddress=129,mAttributes=5,mMaxPacketSize=208,mInterval=1]]
D/UsbSettingsManager(  901): UsbInterface[mId=1,mAlternateSetting=3,mName=null,mClass=14,mSubclass=2,mProtocol=0,mEndpoints=[
D/UsbSettingsManager(  901): UsbEndpoint[mAddress=129,mAttributes=5,mMaxPacketSize=768,mInterval=1]]
D/UsbSettingsManager(  901): UsbInterface[mId=1,mAlternateSetting=4,mName=null,mClass=14,mSubclass=2,mProtocol=0,mEndpoints=[
D/UsbSettingsManager(  901): UsbEndpoint[mAddress=129,mAttributes=5,mMaxPacketSize=780,mInterval=1]]
D/UsbSettingsManager(  901): UsbInterface[mId=1,mAlternateSetting=5,mName=null,mClass=14,mSubclass=2,mProtocol=0,mEndpoints=[
D/UsbSettingsManager(  901): UsbEndpoint[mAddress=129,mAttributes=5,mMaxPacketSize=812,mInterval=1]]
D/UsbSettingsManager(  901): UsbInterface[mId=1,mAlternateSetting=6,mName=null,mClass=14,mSubclass=2,mProtocol=0,mEndpoints=[
D/UsbSettingsManager(  901): UsbEndpoint[mAddress=129,mAttributes=5,mMaxPacketSize=976,mInterval=1]]
D/UsbSettingsManager(  901): UsbInterface[mId=1,mAlternateSetting=7,mName=null,mClass=14,mSubclass=2,mProtocol=0,mEndpoints=[
D/UsbSettingsManager(  901): UsbEndpoint[mAddress=129,mAttributes=5,mMaxPacketSize=1020,mInterval=1]]
D/UsbSettingsManager(  901): UsbInterface[mId=1,mAlternateSetting=8,mName=null,mClass=14,mSubclass=2,mProtocol=0,mEndpoints=[
D/UsbSettingsManager(  901): UsbEndpoint[mAddress=129,mAttributes=5,mMaxPacketSize=1024,mInterval=1]]
D/UsbSettingsManager(  901): UsbInterface[mId=1,mAlternateSetting=9,mName=null,mClass=14,mSubclass=2,mProtocol=0,mEndpoints=[
D/UsbSettingsManager(  901): UsbEndpoint[mAddress=129,mAttributes=5,mMaxPacketSize=2648,mInterval=1]]
D/UsbSettingsManager(  901): UsbInterface[mId=1,mAlternateSetting=10,mName=null,mClass=14,mSubclass=2,mProtocol=0,mEndpoints=[
D/UsbSettingsManager(  901): UsbEndpoint[mAddress=129,mAttributes=5,mMaxPacketSize=2816,mInterval=1]]
D/UsbSettingsManager(  901): UsbInterface[mId=1,mAlternateSetting=11,mName=null,mClass=14,mSubclass=2,mProtocol=0,mEndpoints=[
D/UsbSettingsManager(  901): UsbEndpoint[mAddress=129,mAttributes=5,mMaxPacketSize=4916,mInterval=1]]
D/UsbSettingsManager(  901): UsbInterface[mId=1,mAlternateSetting=12,mName=null,mClass=14,mSubclass=2,mProtocol=0,mEndpoints=[
D/UsbSettingsManager(  901): UsbEndpoint[mAddress=129,mAttributes=5,mMaxPacketSize=5116,mInterval=1]]]]for null
D/UsbSettingsManager(  901): hasPermission++
D/UsbSettingsManager(  901): hasPermission: UsbDevice[mName=/dev/bus/usb/001/002,mVendorId=1478,mProductId=36940,mClass=0,mSubclass=0,mProtocol=0,mManufacturerName=Qualcomm, Incorporated,mProductName=Qualcomm CDMA Technologies MSM,mSerialNumber=null,mConfigurations=[
D/UsbSettingsManager(  901): UsbConfiguration[mId=1,mName=Qualcomm Configuration,mAttributes=224,mMaxPower=250,mInterfaces=[
D/UsbSettingsManager(  901): UsbInterface[mId=0,mAlternateSetting=0,mName=null,mClass=255,mSubclass=255,mProtocol=255,mEndpoints=[
D/UsbSettingsManager(  901): UsbEndpoint[mAddress=129,mAttributes=2,mMaxPacketSize=512,mInterval=32]
D/UsbSettingsManager(  901): UsbEndpoint[mAddress=1,mAttributes=2,mMaxPacketSize=512,mInterval=32]]
D/UsbSettingsManager(  901): UsbInterface[mId=1,mAlternateSetting=0,mName=null,mClass=255,mSubclass=255,mProtocol=255,mEndpoints=[
D/UsbSettingsManager(  901): UsbEndpoint[mAddress=130,mAttributes=2,mMaxPacketSize=512,mInterval=32]
D/UsbSettingsManager(  901): UsbEndpoint[mAddress=2,mAttributes=2,mMaxPacketSize=512,mInterval=32]]
D/UsbSettingsManager(  901): UsbInterface[mId=2,mAlternateSetting=0,mName=null,mClass=255,mSubclass=255,mProtocol=255,mEndpoints=[
D/UsbSettingsManager(  901): UsbEndpoint[mAddress=131,mAttributes=2,mMaxPacketSize=512,mInterval=32]
D/UsbSettingsManager(  901): UsbEndpoint[mAddress=3,mAttributes=2,mMaxPacketSize=512,mInterval=32]]
D/UsbSettingsManager(  901): UsbInterface[mId=3,mAlternateSetting=0,mName=null,mClass=255,mSubclass=255,mProtocol=255,mEndpoints=[
D/UsbSettingsManager(  901): UsbEndpoint[mAddress=132,mAttributes=3,mMaxPacketSize=64,mInterval=5]
D/UsbSettingsManager(  901): UsbEndpoint[mAddress=133,mAttributes=2,mMaxPacketSize=512,mInterval=32]
D/UsbSettingsManager(  901): UsbEndpoint[mAddress=4,mAttributes=2,mMaxPacketSize=512,mInterval=32]]
D/UsbSettingsManager(  901): UsbInterface[mId=4,mAlternateSetting=0,mName=null,mClass=255,mSubclass=254,mProtocol=255,mEndpoints=[
D/UsbSettingsManager(  901): UsbEndpoint[mAddress=134,mAttributes=3,mMaxPacketSize=64,mInterval=5]
D/UsbSettingsManager(  901): UsbEndpoint[mAddress=135,mAttributes=2,mMaxPacketSize=512,mInterval=32]
D/UsbSettingsManager(  901): UsbEndpoint[mAddress=5,mAttributes=2,mMaxPacketSize=512,mInterval=32]]
D/UsbSettingsManager(  901): UsbInterface[mId=5,mAlternateSetting=0,mName=null,mClass=255,mSubclass=255,mProtocol=255,mEndpoints=[
D/UsbSettingsManager(  901): UsbEndpoint[mAddress=136,mAttributes=3,mMaxPacketSize=64,mInterval=5]
D/UsbSettingsManager(  901): UsbEndpoint[mAddress=137,mAttributes=2,mMaxPacketSize=512,mInterval=32]
D/UsbSettingsManager(  901): UsbEndpoint[mAddress=6,mAttributes=2,mMaxPacketSize=512,mInterval=32]]
D/UsbSettingsManager(  901): UsbInterface[mId=6,mAlternateSetting=0,mName=null,mClass=255,mSubclass=255,mProtocol=255,mEndpoints=[
D/UsbSettingsManager(  901): UsbEndpoint[mAddress=138,mAttributes=3,mMaxPacketSize=64,mInterval=5]
D/UsbSettingsManager(  901): UsbEndpoint[mAddress=139,mAttributes=2,mMaxPacketSize=512,mInterval=32]
D/UsbSettingsManager(  901): UsbEndpoint[mAddress=7,mAttributes=2,mMaxPacketSize=512,mInterval=32]]
D/UsbSettingsManager(  901): UsbInterface[mId=7,mAlternateSetting=0,mName=null,mClass=255,mSubclass=255,mProtocol=255,mEndpoints=[
D/UsbSettingsManager(  901): UsbEndpoint[mAddress=140,mAttributes=3,mMaxPacketSize=64,mInterval=5]
D/UsbSettingsManager(  901): UsbEndpoint[mAddress=141,mAttributes=2,mMaxPacketSize=512,mInterval=32]
D/UsbSettingsManager(  901): UsbEndpoint[mAddress=8,mAttributes=2,mMaxPacketSize=512,mInterval=32]]
D/UsbSettingsManager(  901): UsbInterface[mId=8,mAlternateSetting=0,mName=null,mClass=255,mSubclass=255,mProtocol=255,mEndpoints=[
D/UsbSettingsManager(  901): UsbEndpoint[mAddress=142,mAttributes=3,mMaxPacketSize=64,mInterval=5]
D/UsbSettingsManager(  901): UsbEndpoint[mAddress=143,mAttributes=2,mMaxPacketSize=512,mInterval=32]
D/UsbSettingsManager(  901): UsbEndpoint[mAddress=9,mAttributes=2,mMaxPacketSize=512,mInterval=32]]]]for {10286=true, 10295=true, 10296=true}
E/WindowState(  901): getStack: Window{8a51dc5 u0 com.riftinnovation.smartblade.cabbage/com.riftinnovation.smartblade.cabbage.UserLoginActivity} couldn't find taskId=15701 Callers=com.android.server.wm.WindowState.computeFrameLw:1054 com.android.internal.policy.impl.PhoneWindowManager.layoutWindowLw:4904 com.android.server.wm.WindowManagerService.performLayoutLockedInner:10917 com.android.server.wm.WindowManagerService.performLayoutAndPlaceSurfacesLockedInner:11857 
D/SurfaceFlinger(  278): FPS : 2.22
W/SurfaceFlinger(  278): Fail to Open /sys/devices/platform/gpusysfs/fps
D/PowerManagerService(  901): [api] acquire WakeLock flags=0x2000000a tag=WindowManager uid=1000 pid=901
D/PointerIcon(  901): setMouseIconStyle1 pointerType: 1001iconType:101 flag:0
D/PointerIcon(  901): setMouseCustomIcon IconType is same.101
D/PointerIcon(  901): setHoveringSpenIconStyle1 pointerType: 10001iconType:1 flag:0
D/PointerIcon(  901): setHoveringSpenCustomIcon IconType is same.1
E/WindowState(  901): getStack: Window{8a51dc5 u0 com.riftinnovation.smartblade.cabbage/com.riftinnovation.smartblade.cabbage.UserLoginActivity} couldn't find taskId=15701 Callers=com.android.server.wm.WindowState.computeFrameLw:1054 com.android.internal.policy.impl.PhoneWindowManager.layoutWindowLw:4904 com.android.server.wm.WindowManagerService.performLayoutLockedInner:10917 com.android.server.wm.WindowManagerService.performLayoutAndPlaceSurfacesLockedInner:11857 
D/SurfaceFlinger(  278): FPS : 2.22
W/SurfaceFlinger(  278): Fail to Open /sys/devices/platform/gpusysfs/fps
D/SurfaceFlinger(  278): FPS : 2.22
W/SurfaceFlinger(  278): Fail to Open /sys/devices/platform/gpusysfs/fps
E/WindowState(  901): getStack: Window{8a51dc5 u0 com.riftinnovation.smartblade.cabbage/com.riftinnovation.smartblade.cabbage.UserLoginActivity} couldn't find taskId=15701 Callers=com.android.server.wm.WindowState.computeFrameLw:1054 com.android.internal.policy.impl.PhoneWindowManager.layoutWindowLw:4904 com.android.server.wm.WindowManagerService.performLayoutLockedInner:10917 com.android.server.wm.WindowManagerService.performLayoutAndPlaceSurfacesLockedInner:11857 
E/WindowState(  901): getStack: Window{8a51dc5 u0 com.riftinnovation.smartblade.cabbage/com.riftinnovation.smartblade.cabbage.UserLoginActivity} couldn't find taskId=15701 Callers=com.android.server.wm.WindowState.computeFrameLw:1054 com.android.internal.policy.impl.PhoneWindowManager.layoutWindowLw:4904 com.android.server.wm.WindowManagerService.performLayoutLockedInner:10917 com.android.server.wm.WindowManagerService.performLayoutAndPlaceSurfacesLockedInner:11857 
E/WindowState(  901): getStack: Window{8a51dc5 u0 com.riftinnovation.smartblade.cabbage/com.riftinnovation.smartblade.cabbage.UserLoginActivity} couldn't find taskId=15701 Callers=com.android.server.wm.WindowState.computeFrameLw:1054 com.android.internal.policy.impl.PhoneWindowManager.layoutWindowLw:4904 com.android.server.wm.WindowManagerService.performLayoutLockedInner:10917 com.android.server.wm.WindowManagerService.performLayoutAndPlaceSurfacesLockedInner:11857 
E/WindowState(  901): getStack: Window{8a51dc5 u0 com.riftinnovation.smartblade.cabbage/com.riftinnovation.smartblade.cabbage.UserLoginActivity} couldn't find taskId=15701 Callers=com.android.server.wm.WindowState.computeFrameLw:1054 com.android.internal.policy.impl.PhoneWindowManager.layoutWindowLw:4904 com.android.server.wm.WindowManagerService.performLayoutLockedInner:10917 com.android.server.wm.WindowManagerService.performLayoutAndPlaceSurfacesLockedInner:11857 
E/WindowState(  901): getStack: Window{8a51dc5 u0 com.riftinnovation.smartblade.cabbage/com.riftinnovation.smartblade.cabbage.UserLoginActivity} couldn't find taskId=15701 Callers=com.android.server.wm.WindowState.computeFrameLw:1054 com.android.internal.policy.impl.PhoneWindowManager.layoutWindowLw:4904 com.android.server.wm.WindowManagerService.performLayoutLockedInner:10917 com.android.server.wm.WindowManagerService.performLayoutAndPlaceSurfacesLockedInner:11857 
E/WindowState(  901): getStack: Window{8a51dc5 u0 com.riftinnovation.smartblade.cabbage/com.riftinnovation.smartblade.cabbage.UserLoginActivity} couldn't find taskId=15701 Callers=com.android.server.wm.WindowState.computeFrameLw:1054 com.android.internal.policy.impl.PhoneWindowManager.layoutWindowLw:4904 com.android.server.wm.WindowManagerService.performLayoutLockedInner:10917 com.android.server.wm.WindowManagerService.performLayoutAndPlaceSurfacesLockedInner:11857 
D/SurfaceFlinger(  278): FPS : 2.22
W/SurfaceFlinger(  278): Fail to Open /sys/devices/platform/gpusysfs/fps
D/SurfaceFlinger(  278): FPS : 2.22
W/SurfaceFlinger(  278): Fail to Open /sys/devices/platform/gpusysfs/fps
D/SurfaceFlinger(  278): FPS : 2.22
W/SurfaceFlinger(  278): Fail to Open /sys/devices/platform/gpusysfs/fps
D/SurfaceFlinger(  278): FPS : 2.22
W/SurfaceFlinger(  278): Fail to Open /sys/devices/platform/gpusysfs/fps
D/PointerIcon(  901): setMouseIconStyle1 pointerType: 1001iconType:101 flag:0
D/PointerIcon(  901): setMouseCustomIcon IconType is same.101
D/PointerIcon(  901): setHoveringSpenIconStyle1 pointerType: 10001iconType:1 flag:0
D/PointerIcon(  901): setHoveringSpenCustomIcon IconType is same.1
D/SurfaceFlinger(  278): FPS : 2.22
W/SurfaceFlinger(  278): Fail to Open /sys/devices/platform/gpusysfs/fps
E/WindowState(  901): getStack: Window{8a51dc5 u0 com.riftinnovation.smartblade.cabbage/com.riftinnovation.smartblade.cabbage.UserLoginActivity} couldn't find taskId=15701 Callers=com.android.server.wm.WindowState.computeFrameLw:1054 com.android.internal.policy.impl.PhoneWindowManager.layoutWindowLw:4904 com.android.server.wm.WindowManagerService.performLayoutLockedInner:10917 com.android.server.wm.WindowManagerService.performLayoutAndPlaceSurfacesLockedInner:11857 
E/WindowState(  901): getStack: Window{8a51dc5 u0 com.riftinnovation.smartblade.cabbage/com.riftinnovation.smartblade.cabbage.UserLoginActivity} couldn't find taskId=15701 Callers=com.android.server.wm.WindowState.computeFrameLw:1054 com.android.internal.policy.impl.PhoneWindowManager.layoutWindowLw:4904 com.android.server.wm.WindowManagerService.performLayoutLockedInner:10917 com.android.server.wm.WindowManagerService.performLayoutAndPlaceSurfacesLockedInner:11857 
E/WindowState(  901): getStack: Window{8a51dc5 u0 com.riftinnovation.smartblade.cabbage/com.riftinnovation.smartblade.cabbage.UserLoginActivity} couldn't find taskId=15701 Callers=com.android.server.wm.WindowState.computeFrameLw:1054 com.android.internal.policy.impl.PhoneWindowManager.layoutWindowLw:4904 com.android.server.wm.WindowManagerService.performLayoutLockedInner:10917 com.android.server.wm.WindowManagerService.performLayoutAndPlaceSurfacesLockedInner:11857 
D/SurfaceFlinger(  278): FPS : 2.22
W/SurfaceFlinger(  278): Fail to Open /sys/devices/platform/gpusysfs/fps
E/WindowState(  901): getStack: Window{8a51dc5 u0 com.riftinnovation.smartblade.cabbage/com.riftinnovation.smartblade.cabbage.UserLoginActivity} couldn't find taskId=15701 Callers=com.android.server.wm.WindowState.computeFrameLw:1054 com.android.internal.policy.impl.PhoneWindowManager.layoutWindowLw:4904 com.android.server.wm.WindowManagerService.performLayoutLockedInner:10917 com.android.server.wm.WindowManagerService.performLayoutAndPlaceSurfacesLockedInner:11857 
E/WindowState(  901): getStack: Window{8a51dc5 u0 com.riftinnovation.smartblade.cabbage/com.riftinnovation.smartblade.cabbage.UserLoginActivity} couldn't find taskId=15701 Callers=com.android.server.wm.WindowState.computeFrameLw:1054 com.android.internal.policy.impl.PhoneWindowManager.layoutWindowLw:4904 com.android.server.wm.WindowManagerService.performLayoutLockedInner:10917 com.android.server.wm.WindowManagerService.performLayoutAndPlaceSurfacesLockedInner:11857 
E/WindowState(  901): getStack: Window{8a51dc5 u0 com.riftinnovation.smartblade.cabbage/com.riftinnovation.smartblade.cabbage.UserLoginActivity} couldn't find taskId=15701 Callers=com.android.server.wm.WindowState.computeFrameLw:1054 com.android.internal.policy.impl.PhoneWindowManager.layoutWindowLw:4904 com.android.server.wm.WindowManagerService.performLayoutLockedInner:10917 com.android.server.wm.WindowManagerService.performLayoutAndPlaceSurfacesLockedInner:11857 
D/SurfaceFlinger(  278): FPS : 2.22
W/SurfaceFlinger(  278): Fail to Open /sys/devices/platform/gpusysfs/fps
E/WindowState(  901): getStack: Window{8a51dc5 u0 com.riftinnovation.smartblade.cabbage/com.riftinnovation.smartblade.cabbage.UserLoginActivity} couldn't find taskId=15701 Callers=com.android.server.wm.WindowState.computeFrameLw:1054 com.android.internal.policy.impl.PhoneWindowManager.layoutWindowLw:4904 com.android.server.wm.WindowManagerService.performLayoutLockedInner:10917 com.android.server.wm.WindowManagerService.performLayoutAndPlaceSurfacesLockedInner:11857 
E/WindowState(  901): getStack: Window{8a51dc5 u0 com.riftinnovation.smartblade.cabbage/com.riftinnovation.smartblade.cabbage.UserLoginActivity} couldn't find taskId=15701 Callers=com.android.server.wm.WindowState.computeFrameLw:1054 com.android.internal.policy.impl.PhoneWindowManager.layoutWindowLw:4904 com.android.server.wm.WindowManagerService.performLayoutLockedInner:10917 com.android.server.wm.WindowManagerService.performLayoutAndPlaceSurfacesLockedInner:11857 
E/WindowState(  901): getStack: Window{8a51dc5 u0 com.riftinnovation.smartblade.cabbage/com.riftinnovation.smartblade.cabbage.UserLoginActivity} couldn't find taskId=15701 Callers=com.android.server.wm.WindowState.computeFrameLw:1054 com.android.internal.policy.impl.PhoneWindowManager.layoutWindowLw:4904 com.android.server.wm.WindowManagerService.performLayoutLockedInner:10917 com.android.server.wm.WindowManagerService.performLayoutAndPlaceSurfacesLockedInner:11857 
D/SurfaceFlinger(  278): FPS : 2.22
W/SurfaceFlinger(  278): Fail to Open /sys/devices/platform/gpusysfs/fps
D/SurfaceFlinger(  278): FPS : 2.22
W/SurfaceFlinger(  278): Fail to Open /sys/devices/platform/gpusysfs/fps
D/SurfaceFlinger(  278): FPS : 2.22
W/SurfaceFlinger(  278): Fail to Open /sys/devices/platform/gpusysfs/fps
D/SurfaceFlinger(  278): FPS : 2.22
W/SurfaceFlinger(  278): Fail to Open /sys/devices/platform/gpusysfs/fps
E/WindowState(  901): getStack: Window{8a51dc5 u0 com.riftinnovation.smartblade.cabbage/com.riftinnovation.smartblade.cabbage.UserLoginActivity} couldn't find taskId=15701 Callers=com.android.server.wm.WindowState.computeFrameLw:1054 com.android.internal.policy.impl.PhoneWindowManager.layoutWindowLw:4904 com.android.server.wm.WindowManagerService.performLayoutLockedInner:10917 com.android.server.wm.WindowManagerService.performLayoutAndPlaceSurfacesLockedInner:11857 
E/WindowState(  901): getStack: Window{8a51dc5 u0 com.riftinnovation.smartblade.cabbage/com.riftinnovation.smartblade.cabbage.UserLoginActivity} couldn't find taskId=15701 Callers=com.android.server.wm.WindowState.computeFrameLw:1054 com.android.internal.policy.impl.PhoneWindowManager.layoutWindowLw:4904 com.android.server.wm.WindowManagerService.performLayoutLockedInner:10917 com.android.server.wm.WindowManagerService.performLayoutAndPlaceSurfacesLockedInner:11857 
E/WindowState(  901): getStack: Window{8a51dc5 u0 com.riftinnovation.smartblade.cabbage/com.riftinnovation.smartblade.cabbage.UserLoginActivity} couldn't find taskId=15701 Callers=com.android.server.wm.WindowState.computeFrameLw:1054 com.android.internal.policy.impl.PhoneWindowManager.layoutWindowLw:4904 com.android.server.wm.WindowManagerService.performLayoutLockedInner:10917 com.android.server.wm.WindowManagerService.performLayoutAndPlaceSurfacesLockedInner:11857 
D/SurfaceFlinger(  278): FPS : 2.22
W/SurfaceFlinger(  278): Fail to Open /sys/devices/platform/gpusysfs/fps
D/SurfaceFlinger(  278): FPS : 56.68
W/SurfaceFlinger(  278): Fail to Open /sys/devices/platform/gpusysfs/fps
D/SurfaceFlinger(  278): FPS : 56.68
W/SurfaceFlinger(  278): Fail to Open /sys/devices/platform/gpusysfs/fps
D/SurfaceFlinger(  278): FPS : 56.68
W/SurfaceFlinger(  278): Fail to Open /sys/devices/platform/gpusysfs/fps
D/SurfaceFlinger(  278): FPS : 56.68
W/SurfaceFlinger(  278): Fail to Open /sys/devices/platform/gpusysfs/fps
D/SurfaceFlinger(  278): FPS : 56.68
W/SurfaceFlinger(  278): Fail to Open /sys/devices/platform/gpusysfs/fps
D/SurfaceFlinger(  278): FPS : 56.68
W/SurfaceFlinger(  278): Fail to Open /sys/devices/platform/gpusysfs/fps
E/SMD     (11187): smd Interface open failed errno is 2 -1
D/SurfaceFlinger(  278): FPS : 56.68
W/SurfaceFlinger(  278): Fail to Open /sys/devices/platform/gpusysfs/fps
D/SurfaceFlinger(  278): FPS : 56.68
W/SurfaceFlinger(  278): Fail to Open /sys/devices/platform/gpusysfs/fps
D/SurfaceFlinger(  278): FPS : 56.68
W/SurfaceFlinger(  278): Fail to Open /sys/devices/platform/gpusysfs/fps
D/SurfaceFlinger(  278): FPS : 56.68
W/SurfaceFlinger(  278): Fail to Open /sys/devices/platform/gpusysfs/fps
D/SurfaceFlinger(  278): FPS : 56.68
W/SurfaceFlinger(  278): Fail to Open /sys/devices/platform/gpusysfs/fps
D/SurfaceFlinger(  278): FPS : 56.68
W/SurfaceFlinger(  278): Fail to Open /sys/devices/platform/gpusysfs/fps
D/SurfaceFlinger(  278): FPS : 56.68
W/SurfaceFlinger(  278): Fail to Open /sys/devices/platform/gpusysfs/fps
D/SurfaceFlinger(  278): FPS : 56.68
W/SurfaceFlinger(  278): Fail to Open /sys/devices/platform/gpusysfs/fps
D/SurfaceFlinger(  278): FPS : 56.68
W/SurfaceFlinger(  278): Fail to Open /sys/devices/platform/gpusysfs/fps
D/SurfaceFlinger(  278): FPS : 59.22
W/SurfaceFlinger(  278): Fail to Open /sys/devices/platform/gpusysfs/fps
D/StatusBar.NetworkController( 1282): refreshViews connected={ wifi } level=3 combinedSignalIconId=0x7f020517/com.android.systemui:drawable/stat_sys_wifi_signal_4 mobileLabel=Emergency calls only wifiLabel="27 Lambert"xxxxXXXXxxxxXXXX emergencyOnly=true combinedLabel="27 Lambert"xxxxXXXXxxxxXXXX mAirplaneMode=false mDataActivity=0 mPhoneSignalIconId=0x7f02048e/com.android.systemui:drawable/stat_sys_signal_3_auto_rotate mQSPhoneSignalIconId=0x7f02012b/com.android.systemui:drawable/ic_qs_signal_3 mDataDirectionIconId=0x0/(null) mDataSignalIconId=0x7f02048e/com.android.systemui:drawable/stat_sys_signal_3_auto_rotate mDataTypeIconId=0x0/(null) mQSDataTypeIconId=0x0/(null) mNoSimIconId=0x0/(null) mWifiIconId=0x7f020517/com.android.systemui:drawable/stat_sys_wifi_signal_4 mQSWifiIconId=0x7f020143/com.android.systemui:drawable/ic_qs_wifi_4 mWifiActivityIconId=0x7f0204e6/com.android.systemui:drawable/stat_sys_signal_in mBluetoothTetherIconId=0x10808cc/android:drawable/stat_sys_tether_bluetooth
D/STATUSBAR-WifiQuickSettingButton( 1282): onWifiSignalChanged enabled=true enabledDesc:"27 Lambert"
D/StatusBar.NetworkController( 1282): refreshSignalCluster - setNWBoosterIndicators(false)
D/StatusBar.NetworkController( 1282): applyOpen
D/StatusBar.NetworkController( 1282): refreshSignalCluster - setNWBoosterIndicators(false)
D/StatusBar.NetworkController( 1282): applyOpen
D/StatusBar.NetworkController( 1282): refreshSignalCluster - setNWBoosterIndicators(false)
D/StatusBar.NetworkController( 1282): applyOpen
D/StatusBar.NetworkController( 1282): refreshSignalCluster - setNWBoosterIndicators(false)
D/StatusBar.NetworkController( 1282): applyOpen
D/SurfaceFlinger(  278): FPS : 59.22
W/SurfaceFlinger(  278): Fail to Open /sys/devices/platform/gpusysfs/fps
D/SurfaceFlinger(  278): FPS : 59.22
W/SurfaceFlinger(  278): Fail to Open /sys/devices/platform/gpusysfs/fps
D/SurfaceFlinger(  278): FPS : 59.22
W/SurfaceFlinger(  278): Fail to Open /sys/devices/platform/gpusysfs/fps
D/SurfaceFlinger(  278): FPS : 59.22
W/SurfaceFlinger(  278): Fail to Open /sys/devices/platform/gpusysfs/fps
D/SurfaceFlinger(  278): FPS : 59.22
W/SurfaceFlinger(  278): Fail to Open /sys/devices/platform/gpusysfs/fps
D/UsbHostNotification(  901): setUsbObserverNotification : cancel id = 998563545, device = UsbDevices
D/LightsService(  901): [api] [SvcLED] turnOff:: id = 4 (uid: 1000 pid: 901) 
D/LightsService(  901): [SvcLED] setSvcLedStateLocked:: SvcLEDState : 0x0 -> 0x0 | SvcLED(id=4) set Off
D/LightsService(  901): [SvcLED] Lux failed to be updated in 700ms. -> handleForcedSvcLEDTasK
D/LightsService(  901): [SvcLED]  setSvcLedLightLocked :: Current SvcLED(id=4) maintains its priority right
D/KeyguardUpdateMonitor( 1282): updateCMASText( show = false )
W/Settings( 1282): Setting airplane_mode_on has moved from android.provider.Settings.System to android.provider.Settings.Global, returning read-only value.
D/NotificationStackScrollLayout( 1282): hasNotification()-C:4
D/NotificationStackScrollLayout( 1282): hasNotification()-0-N:false
D/NotificationStackScrollLayout( 1282): hasNotification()-0-V:0
D/NotificationStackScrollLayout( 1282): hasNotification()-1-N:false
D/NotificationStackScrollLayout( 1282): hasNotification()-1-V:0
D/NotificationStackScrollLayout( 1282): hasNotification()-2-N:true
D/NotificationStackScrollLayout( 1282): hasNotification()-2-V:8
D/NotificationStackScrollLayout( 1282): hasNotification()-3-N:false
D/NotificationStackScrollLayout( 1282): hasNotification()-3-V:8
D/PanelView( 1282): There is/are nonotification(s) 
D/KeyguardUpdateMonitor( 1282): updateCMASText( show = false )
W/Settings( 1282): Setting airplane_mode_on has moved from android.provider.Settings.System to android.provider.Settings.Global, returning read-only value.
D/NotificationStackScrollLayout( 1282): hasNotification()-C:4
D/NotificationStackScrollLayout( 1282): hasNotification()-0-N:false
D/NotificationStackScrollLayout( 1282): hasNotification()-0-V:0
D/NotificationStackScrollLayout( 1282): hasNotification()-1-N:false
D/NotificationStackScrollLayout( 1282): hasNotification()-1-V:0
D/NotificationStackScrollLayout( 1282): hasNotification()-2-N:true
D/NotificationStackScrollLayout( 1282): hasNotification()-2-V:8
D/NotificationStackScrollLayout( 1282): hasNotification()-3-N:false
D/NotificationStackScrollLayout( 1282): hasNotification()-3-V:8
D/PanelView( 1282): There is/are nonotification(s) 
D/PhoneStatusBar( 1282): animateCollapse(): mExpandedVisible=false flags=0
D/StatusBar-Window( 1282): fnf=true sanc=false, kni=false, sbf=false
D/CoverUI ( 1282): applyFocusableFlag() : Remove SAMSUNG_FLAG_SVIEW_COVER
D/KeyguardUpdateMonitor( 1282): updateCMASText( show = false )
W/Settings( 1282): Setting airplane_mode_on has moved from android.provider.Settings.System to android.provider.Settings.Global, returning read-only value.
D/NotificationStackScrollLayout( 1282): hasNotification()-C:4
D/NotificationStackScrollLayout( 1282): hasNotification()-0-N:false
D/NotificationStackScrollLayout( 1282): hasNotification()-0-V:0
D/NotificationStackScrollLayout( 1282): hasNotification()-1-N:false
D/NotificationStackScrollLayout( 1282): hasNotification()-1-V:0
D/NotificationStackScrollLayout( 1282): hasNotification()-2-N:true
D/NotificationStackScrollLayout( 1282): hasNotification()-2-V:8
D/NotificationStackScrollLayout( 1282): hasNotification()-3-N:false
D/NotificationStackScrollLayout( 1282): hasNotification()-3-V:8
D/PanelView( 1282): There is/are nonotification(s) 
D/KeyguardUpdateMonitor( 1282): updateCMASText( show = false )
D/StatusBar.NetworkController( 1282): onSignalStrengthsChanged signalStrength=SignalStrength: 7 99 -120 -160 -120 -1 -1 99 2147483647 2147483647 2147483647 -1 2147483647 0x2 gsm|lte level=2
D/StatusBar.NetworkController( 1282): updateTelephonySignalStrength: hasService=true ss=SignalStrength: 7 99 -120 -160 -120 -1 -1 99 2147483647 2147483647 2147483647 -1 2147483647 0x2 gsm|lte
D/StatusBar.NetworkController( 1282): updateTelephonySignalStrength: iconLevel=2
D/StatusBar.NetworkController( 1282): updateTelephonySignalStrength, No signal level. mPhoneSignalIconId = com.android.systemui:drawable/stat_sys_signal_2_auto_rotate mDataSignalIconId = com.android.systemui:drawable/stat_sys_signal_2_auto_rotate mQSPhoneSignalIconId = com.android.systemui:drawable/ic_qs_signal_2 mContentDescriptionPhoneSignal = Phone two bars.
D/StatusBar.NetworkController( 1282): refreshViews connected={ wifi } level=2 combinedSignalIconId=0x7f020517/com.android.systemui:drawable/stat_sys_wifi_signal_4 mobileLabel=Emergency calls only wifiLabel="27 Lambert"xxxxXXXXxxxxXXXX emergencyOnly=true combinedLabel="27 Lambert"xxxxXXXXxxxxXXXX mAirplaneMode=false mDataActivity=0 mPhoneSignalIconId=0x7f020466/com.android.systemui:drawable/stat_sys_signal_2_auto_rotate mQSPhoneSignalIconId=0x7f02012a/com.android.systemui:drawable/ic_qs_signal_2 mDataDirectionIconId=0x0/(null) mDataSignalIconId=0x7f020466/com.android.systemui:drawable/stat_sys_signal_2_auto_rotate mDataTypeIconId=0x0/(null) mQSDataTypeIconId=0x0/(null) mNoSimIconId=0x0/(null) mWifiIconId=0x7f020517/com.android.systemui:drawable/stat_sys_wifi_signal_4 mQSWifiIconId=0x7f020143/com.android.systemui:drawable/ic_qs_wifi_4 mWifiActivityIconId=0x7f0204e6/com.android.systemui:drawable/stat_sys_signal_in mBluetoothTetherIconId=0x10808cc/android:drawable/stat_sys_tether_bluetooth
D/STATUSBAR-WifiQuickSettingButton( 1282): onWifiSignalChanged enabled=true enabledDesc:"27 Lambert"
D/StatusBar.NetworkController( 1282): refreshSignalCluster - setNWBoosterIndicators(false)
D/StatusBar.NetworkController( 1282): applyOpen
D/StatusBar.NetworkController( 1282): refreshSignalCluster - setNWBoosterIndicators(false)
D/StatusBar.NetworkController( 1282): applyOpen
D/StatusBar.NetworkController( 1282): refreshSignalCluster - setNWBoosterIndicators(false)
D/StatusBar.NetworkController( 1282): applyOpen
D/StatusBar.NetworkController( 1282): refreshSignalCluster - setNWBoosterIndicators(false)
D/StatusBar.NetworkController( 1282): applyOpen
E/WindowState(  901): getStack: Window{8a51dc5 u0 com.riftinnovation.smartblade.cabbage/com.riftinnovation.smartblade.cabbage.UserLoginActivity} couldn't find taskId=15701 Callers=com.android.server.wm.WindowState.computeFrameLw:1054 com.android.internal.policy.impl.PhoneWindowManager.layoutWindowLw:4904 com.android.server.wm.WindowManagerService.performLayoutLockedInner:10917 com.android.server.wm.WindowManagerService.performLayoutAndPlaceSurfacesLockedInner:11857 
E/WindowState(  901): getStack: Window{8a51dc5 u0 com.riftinnovation.smartblade.cabbage/com.riftinnovation.smartblade.cabbage.UserLoginActivity} couldn't find taskId=15701 Callers=com.android.server.wm.WindowState.computeFrameLw:1054 com.android.internal.policy.impl.PhoneWindowManager.layoutWindowLw:4904 com.android.server.wm.WindowManagerService.performLayoutLockedInner:10917 com.android.server.wm.WindowManagerService.performLayoutAndPlaceSurfacesLockedInner:11857 
E/WindowState(  901): getStack: Window{8a51dc5 u0 com.riftinnovation.smartblade.cabbage/com.riftinnovation.smartblade.cabbage.UserLoginActivity} couldn't find taskId=15701 Callers=com.android.server.wm.WindowState.computeFrameLw:1054 com.android.internal.policy.impl.PhoneWindowManager.layoutWindowLw:4904 com.android.server.wm.WindowManagerService.performLayoutLockedInner:10917 com.android.server.wm.WindowManagerService.performLayoutAndPlaceSurfacesLockedInner:11857 
D/Recents_AlternateRecentsComponent( 1282): isRecentsTopMost is getting called
D/SurfaceFlinger(  278): FPS : 13.43
W/SurfaceFlinger(  278): Fail to Open /sys/devices/platform/gpusysfs/fps
E/SMD     (11187): smd Interface open failed errno is 2 -1
D/SurfaceFlinger(  278): FPS : 2.20
W/SurfaceFlinger(  278): Fail to Open /sys/devices/platform/gpusysfs/fps
D/StatusBar.NetworkController( 1282): refreshViews connected={ wifi } level=2 combinedSignalIconId=0x7f020517/com.android.systemui:drawable/stat_sys_wifi_signal_4 mobileLabel=Emergency calls only wifiLabel="27 Lambert"xxxxXXXXxxxxXXXX emergencyOnly=true combinedLabel="27 Lambert"xxxxXXXXxxxxXXXX mAirplaneMode=false mDataActivity=0 mPhoneSignalIconId=0x7f020466/com.android.systemui:drawable/stat_sys_signal_2_auto_rotate mQSPhoneSignalIconId=0x7f02012a/com.android.systemui:drawable/ic_qs_signal_2 mDataDirectionIconId=0x0/(null) mDataSignalIconId=0x7f020466/com.android.systemui:drawable/stat_sys_signal_2_auto_rotate mDataTypeIconId=0x0/(null) mQSDataTypeIconId=0x0/(null) mNoSimIconId=0x0/(null) mWifiIconId=0x7f020517/com.android.systemui:drawable/stat_sys_wifi_signal_4 mQSWifiIconId=0x7f020143/com.android.systemui:drawable/ic_qs_wifi_4 mWifiActivityIconId=0x7f0204ea/com.android.systemui:drawable/stat_sys_signal_no_inout mBluetoothTetherIconId=0x10808cc/android:drawable/stat_sys_tether_bluetooth
D/STATUSBAR-WifiQuickSettingButton( 1282): onWifiSignalChanged enabled=true enabledDesc:"27 Lambert"
D/StatusBar.NetworkController( 1282): refreshSignalCluster - setNWBoosterIndicators(false)
D/StatusBar.NetworkController( 1282): applyOpen
D/StatusBar.NetworkController( 1282): refreshSignalCluster - setNWBoosterIndicators(false)
D/StatusBar.NetworkController( 1282): applyOpen
D/StatusBar.NetworkController( 1282): refreshSignalCluster - setNWBoosterIndicators(false)
D/StatusBar.NetworkController( 1282): applyOpen
D/StatusBar.NetworkController( 1282): refreshSignalCluster - setNWBoosterIndicators(false)
D/StatusBar.NetworkController( 1282): applyOpen
D/SurfaceFlinger(  278): FPS : 2.20
W/SurfaceFlinger(  278): Fail to Open /sys/devices/platform/gpusysfs/fps
D/StatusBar.NetworkController( 1282): onSignalStrengthsChanged signalStrength=SignalStrength: 6 99 -120 -160 -120 -1 -1 99 2147483647 2147483647 2147483647 -1 2147483647 0x2 gsm|lte level=2
D/StatusBar.NetworkController( 1282): updateTelephonySignalStrength: hasService=true ss=SignalStrength: 6 99 -120 -160 -120 -1 -1 99 2147483647 2147483647 2147483647 -1 2147483647 0x2 gsm|lte
D/StatusBar.NetworkController( 1282): updateTelephonySignalStrength: iconLevel=2
D/StatusBar.NetworkController( 1282): updateTelephonySignalStrength, No signal level. mPhoneSignalIconId = com.android.systemui:drawable/stat_sys_signal_2_auto_rotate mDataSignalIconId = com.android.systemui:drawable/stat_sys_signal_2_auto_rotate mQSPhoneSignalIconId = com.android.systemui:drawable/ic_qs_signal_2 mContentDescriptionPhoneSignal = Phone two bars.
D/StatusBar.NetworkController( 1282): refreshViews connected={ wifi } level=2 combinedSignalIconId=0x7f020517/com.android.systemui:drawable/stat_sys_wifi_signal_4 mobileLabel=Emergency calls only wifiLabel="27 Lambert"xxxxXXXXxxxxXXXX emergencyOnly=true combinedLabel="27 Lambert"xxxxXXXXxxxxXXXX mAirplaneMode=false mDataActivity=0 mPhoneSignalIconId=0x7f020466/com.android.systemui:drawable/stat_sys_signal_2_auto_rotate mQSPhoneSignalIconId=0x7f02012a/com.android.systemui:drawable/ic_qs_signal_2 mDataDirectionIconId=0x0/(null) mDataSignalIconId=0x7f020466/com.android.systemui:drawable/stat_sys_signal_2_auto_rotate mDataTypeIconId=0x0/(null) mQSDataTypeIconId=0x0/(null) mNoSimIconId=0x0/(null) mWifiIconId=0x7f020517/com.android.systemui:drawable/stat_sys_wifi_signal_4 mQSWifiIconId=0x7f020143/com.android.systemui:drawable/ic_qs_wifi_4 mWifiActivityIconId=0x7f0204ea/com.android.systemui:drawable/stat_sys_signal_no_inout mBluetoothTetherIconId=0x10808cc/android:drawable/stat_sys_tether_bluetooth
D/STATUSBAR-WifiQuickSettingButton( 1282): onWifiSignalChanged enabled=true enabledDesc:"27 Lambert"
D/UsbSettingsManager(  901): hasPermission++
D/UsbSettingsManager(  901): hasPermission: UsbDevice[mName=/dev/bus/usb/002/002,mVendorId=7758,mProductId=272,mClass=239,mSubclass=2,mProtocol=1,mManufacturerName=Etron Technology, Inc.,mProductName=USB2.0 Camera,mSerialNumber=null,mConfigurations=[
D/UsbSettingsManager(  901): UsbConfiguration[mId=1,mName=null,mAttributes=128,mMaxPower=50,mInterfaces=[
D/UsbSettingsManager(  901): UsbInterface[mId=0,mAlternateSetting=0,mName=USB2.0 Camera,mClass=14,mSubclass=1,mProtocol=0,mEndpoints=[
D/UsbSettingsManager(  901): UsbEndpoint[mAddress=130,mAttributes=3,mMaxPacketSize=64,mInterval=8]]
D/UsbSettingsManager(  901): UsbInterface[mId=1,mAlternateSetting=0,mName=null,mClass=14,mSubclass=2,mProtocol=0,mEndpoints=[]
D/UsbSettingsManager(  901): UsbInterface[mId=1,mAlternateSetting=1,mName=null,mClass=14,mSubclass=2,mProtocol=0,mEndpoints=[
D/UsbSettingsManager(  901): UsbEndpoint[mAddress=129,mAttributes=5,mMaxPacketSize=160,mInterval=1]]
D/UsbSettingsManager(  901): UsbInterface[mId=1,mAlternateSetting=2,mName=null,mClass=14,mSubclass=2,mProtocol=0,mEndpoints=[
D/UsbSettingsManager(  901): UsbEndpoint[mAddress=129,mAttributes=5,mMaxPacketSize=208,mInterval=1]]
D/UsbSettingsManager(  901): UsbInterface[mId=1,mAlternateSetting=3,mName=null,mClass=14,mSubclass=2,mProtocol=0,mEndpoints=[
D/UsbSettingsManager(  901): UsbEndpoint[mAddress=129,mAttributes=5,mMaxPacketSize=768,mInterval=1]]
D/UsbSettingsManager(  901): UsbInterface[mId=1,mAlternateSetting=4,mName=null,mClass=14,mSubclass=2,mProtocol=0,mEndpoints=[
D/UsbSettingsManager(  901): UsbEndpoint[mAddress=129,mAttributes=5,mMaxPacketSize=780,mInterval=1]]
D/UsbSettingsManager(  901): UsbInterface[mId=1,mAlternateSetting=5,mName=null,mClass=14,mSubclass=2,mProtocol=0,mEndpoints=[
D/UsbSettingsManager(  901): UsbEndpoint[mAddress=129,mAttributes=5,mMaxPacketSize=812,mInterval=1]]
D/UsbSettingsManager(  901): UsbInterface[mId=1,mAlternateSetting=6,mName=null,mClass=14,mSubclass=2,mProtocol=0,mEndpoints=[
D/UsbSettingsManager(  901): UsbEndpoint[mAddress=129,mAttributes=5,mMaxPacketSize=976,mInterval=1]]
D/UsbSettingsManager(  901): UsbInterface[mId=1,mAlternateSetting=7,mName=null,mClass=14,mSubclass=2,mProtocol=0,mEndpoints=[
D/UsbSettingsManager(  901): UsbEndpoint[mAddress=129,mAttributes=5,mMaxPacketSize=1020,mInterval=1]]
D/UsbSettingsManager(  901): UsbInterface[mId=1,mAlternateSetting=8,mName=null,mClass=14,mSubclass=2,mProtocol=0,mEndpoints=[
D/UsbSettingsManager(  901): UsbEndpoint[mAddress=129,mAttributes=5,mMaxPacketSize=1024,mInterval=1]]
D/UsbSettingsManager(  901): UsbInterface[mId=1,mAlternateSetting=9,mName=null,mClass=14,mSubclass=2,mProtocol=0,mEndpoints=[
D/UsbSettingsManager(  901): UsbEndpoint[mAddress=129,mAttributes=5,mMaxPacketSize=2648,mInterval=1]]
D/UsbSettingsManager(  901): UsbInterface[mId=1,mAlternateSetting=10,mName=null,mClass=14,mSubclass=2,mProtocol=0,mEndpoints=[
D/UsbSettingsManager(  901): UsbEndpoint[mAddress=129,mAttributes=5,mMaxPacketSize=2816,mInterval=1]]
D/UsbSettingsManager(  901): UsbInterface[mId=1,mAlternateSetting=11,mName=null,mClass=14,mSubclass=2,mProtocol=0,mEndpoints=[
D/UsbSettingsManager(  901): UsbEndpoint[mAddress=129,mAttributes=5,mMaxPacketSize=4916,mInterval=1]]
D/UsbSettingsManager(  901): UsbInterface[mId=1,mAlternateSetting=12,mName=null,mClass=14,mSubclass=2,mProtocol=0,mEndpoints=[
D/UsbSettingsManager(  901): UsbEndpoint[mAddress=129,mAttributes=5,mMaxPacketSize=5116,mInterval=1]]]]for null
D/UsbSettingsManager(  901): hasPermission++
D/UsbSettingsManager(  901): hasPermission: UsbDevice[mName=/dev/bus/usb/001/002,mVendorId=1478,mProductId=36940,mClass=0,mSubclass=0,mProtocol=0,mManufacturerName=Qualcomm, Incorporated,mProductName=Qualcomm CDMA Technologies MSM,mSerialNumber=null,mConfigurations=[
D/UsbSettingsManager(  901): UsbConfiguration[mId=1,mName=Qualcomm Configuration,mAttributes=224,mMaxPower=250,mInterfaces=[
D/UsbSettingsManager(  901): UsbInterface[mId=0,mAlternateSetting=0,mName=null,mClass=255,mSubclass=255,mProtocol=255,mEndpoints=[
D/UsbSettingsManager(  901): UsbEndpoint[mAddress=129,mAttributes=2,mMaxPacketSize=512,mInterval=32]
D/UsbSettingsManager(  901): UsbEndpoint[mAddress=1,mAttributes=2,mMaxPacketSize=512,mInterval=32]]
D/UsbSettingsManager(  901): UsbInterface[mId=1,mAlternateSetting=0,mName=null,mClass=255,mSubclass=255,mProtocol=255,mEndpoints=[
D/UsbSettingsManager(  901): UsbEndpoint[mAddress=130,mAttributes=2,mMaxPacketSize=512,mInterval=32]
D/UsbSettingsManager(  901): UsbEndpoint[mAddress=2,mAttributes=2,mMaxPacketSize=512,mInterval=32]]
D/UsbSettingsManager(  901): UsbInterface[mId=2,mAlternateSetting=0,mName=null,mClass=255,mSubclass=255,mProtocol=255,mEndpoints=[
D/UsbSettingsManager(  901): UsbEndpoint[mAddress=131,mAttributes=2,mMaxPacketSize=512,mInterval=32]
D/UsbSettingsManager(  901): UsbEndpoint[mAddress=3,mAttributes=2,mMaxPacketSize=512,mInterval=32]]
D/UsbSettingsManager(  901): UsbInterface[mId=3,mAlternateSetting=0,mName=null,mClass=255,mSubclass=255,mProtocol=255,mEndpoints=[
D/UsbSettingsManager(  901): UsbEndpoint[mAddress=132,mAttributes=3,mMaxPacketSize=64,mInterval=5]
D/UsbSettingsManager(  901): UsbEndpoint[mAddress=133,mAttributes=2,mMaxPacketSize=512,mInterval=32]
D/UsbSettingsManager(  901): UsbEndpoint[mAddress=4,mAttributes=2,mMaxPacketSize=512,mInterval=32]]
D/UsbSettingsManager(  901): UsbInterface[mId=4,mAlternateSetting=0,mName=null,mClass=255,mSubclass=254,mProtocol=255,mEndpoints=[
D/UsbSettingsManager(  901): UsbEndpoint[mAddress=134,mAttributes=3,mMaxPacketSize=64,mInterval=5]
D/UsbSettingsManager(  901): UsbEndpoint[mAddress=135,mAttributes=2,mMaxPacketSize=512,mInterval=32]
D/UsbSettingsManager(  901): UsbEndpoint[mAddress=5,mAttributes=2,mMaxPacketSize=512,mInterval=32]]
D/UsbSettingsManager(  901): UsbInterface[mId=5,mAlternateSetting=0,mName=null,mClass=255,mSubclass=255,mProtocol=255,mEndpoints=[
D/UsbSettingsManager(  901): UsbEndpoint[mAddress=136,mAttributes=3,mMaxPacketSize=64,mInterval=5]
D/UsbSettingsManager(  901): UsbEndpoint[mAddress=137,mAttributes=2,mMaxPacketSize=512,mInterval=32]
D/UsbSettingsManager(  901): UsbEndpoint[mAddress=6,mAttributes=2,mMaxPacketSize=512,mInterval=32]]
D/UsbSettingsManager(  901): UsbInterface[mId=6,mAlternateSetting=0,mName=null,mClass=255,mSubclass=255,mProtocol=255,mEndpoints=[
D/UsbSettingsManager(  901): UsbEndpoint[mAddress=138,mAttributes=3,mMaxPacketSize=64,mInterval=5]
D/UsbSettingsManager(  901): UsbEndpoint[mAddress=139,mAttributes=2,mMaxPacketSize=512,mInterval=32]
D/UsbSettingsManager(  901): UsbEndpoint[mAddress=7,mAttributes=2,mMaxPacketSize=512,mInterval=32]]
D/UsbSettingsManager(  901): UsbInterface[mId=7,mAlternateSetting=0,mName=null,mClass=255,mSubclass=255,mProtocol=255,mEndpoints=[
D/UsbSettingsManager(  901): UsbEndpoint[mAddress=140,mAttributes=3,mMaxPacketSize=64,mInterval=5]
D/UsbSettingsManager(  901): UsbEndpoint[mAddress=141,mAttributes=2,mMaxPacketSize=512,mInterval=32]
D/UsbSettingsManager(  901): UsbEndpoint[mAddress=8,mAttributes=2,mMaxPacketSize=512,mInterval=32]]
D/UsbSettingsManager(  901): UsbInterface[mId=8,mAlternateSetting=0,mName=null,mClass=255,mSubclass=255,mProtocol=255,mEndpoints=[
D/UsbSettingsManager(  901): UsbEndpoint[mAddress=142,mAttributes=3,mMaxPacketSize=64,mInterval=5]
D/UsbSettingsManager(  901): UsbEndpoint[mAddress=143,mAttributes=2,mMaxPacketSize=512,mInterval=32]
D/UsbSettingsManager(  901): UsbEndpoint[mAddress=9,mAttributes=2,mMaxPacketSize=512,mInterval=32]]]]for {10286=true, 10295=true, 10296=true}
E/WindowState(  901): getStack: Window{8a51dc5 u0 com.riftinnovation.smartblade.cabbage/com.riftinnovation.smartblade.cabbage.UserLoginActivity} couldn't find taskId=15701 Callers=com.android.server.wm.WindowState.computeFrameLw:1054 com.android.internal.policy.impl.PhoneWindowManager.layoutWindowLw:4904 com.android.server.wm.WindowManagerService.performLayoutLockedInner:10917 com.android.server.wm.WindowManagerService.performLayoutAndPlaceSurfacesLockedInner:11857 
E/WindowState(  901): getStack: Window{8a51dc5 u0 com.riftinnovation.smartblade.cabbage/com.riftinnovation.smartblade.cabbage.UserLoginActivity} couldn't find taskId=15701 Callers=com.android.server.wm.WindowState.computeFrameLw:1054 com.android.internal.policy.impl.PhoneWindowManager.layoutWindowLw:4904 com.android.server.wm.WindowManagerService.performLayoutLockedInner:10917 com.android.server.wm.WindowManagerService.performLayoutAndPlaceSurfacesLockedInner:11857 
E/WindowState(  901): getStack: Window{8a51dc5 u0 com.riftinnovation.smartblade.cabbage/com.riftinnovation.smartblade.cabbage.UserLoginActivity} couldn't find taskId=15701 Callers=com.android.server.wm.WindowState.computeFrameLw:1054 com.android.internal.policy.impl.PhoneWindowManager.layoutWindowLw:4904 com.android.server.wm.WindowManagerService.performLayoutLockedInner:10917 com.android.server.wm.WindowManagerService.performLayoutAndPlaceSurfacesLockedInner:11857 
D/PowerManagerService(  901): [api] [s] userActivity : event: 0 flags: 0 (uid: 1000 pid: 901) eventTime = 597387615
D/PowerManagerService(  901): [api] release WakeLock flags=0x2000000a tag=WindowManager uid=1000 pid=901 (0x0)
D/PowerManagerService(  901): [api] applyWakeLockFlagsOnReleaseLocked : userActivityNoUpdateLocked is called : SCREEN_BRIGHT_WAKE_LOCK        'WindowManager' ON_AFTER_RELEASE (uid=1000, pid=901, ws=WorkSource{10301}) (elapsedTime=1958)
E/WindowState(  901): getStack: Window{8a51dc5 u0 com.riftinnovation.smartblade.cabbage/com.riftinnovation.smartblade.cabbage.UserLoginActivity} couldn't find taskId=15701 Callers=com.android.server.wm.WindowState.computeFrameLw:1054 com.android.internal.policy.impl.PhoneWindowManager.layoutWindowLw:4904 com.android.server.wm.WindowManagerService.performLayoutLockedInner:10917 com.android.server.wm.WindowManagerService.performLayoutAndPlaceSurfacesLockedInner:11857 
E/WindowState(  901): getStack: Window{8a51dc5 u0 com.riftinnovation.smartblade.cabbage/com.riftinnovation.smartblade.cabbage.UserLoginActivity} couldn't find taskId=15701 Callers=com.android.server.wm.WindowState.computeFrameLw:1054 com.android.internal.policy.impl.PhoneWindowManager.layoutWindowLw:4904 com.android.server.wm.WindowManagerService.performLayoutLockedInner:10917 com.android.server.wm.WindowManagerService.performLayoutAndPlaceSurfacesLockedInner:11857 
E/WindowState(  901): getStack: Window{8a51dc5 u0 com.riftinnovation.smartblade.cabbage/com.riftinnovation.smartblade.cabbage.UserLoginActivity} couldn't find taskId=15701 Callers=com.android.server.wm.WindowState.computeFrameLw:1054 com.android.internal.policy.impl.PhoneWindowManager.layoutWindowLw:4904 com.android.server.wm.WindowManagerService.performLayoutLockedInner:10917 com.android.server.wm.WindowManagerService.performLayoutAndPlaceSurfacesLockedInner:11857 
D/SurfaceFlinger(  278): FPS : 3.55
W/SurfaceFlinger(  278): Fail to Open /sys/devices/platform/gpusysfs/fps
D/PowerManagerService(  901): [api] acquire WakeLock flags=0x2000000a tag=WindowManager uid=1000 pid=901
E/WindowState(  901): getStack: Window{8a51dc5 u0 com.riftinnovation.smartblade.cabbage/com.riftinnovation.smartblade.cabbage.UserLoginActivity} couldn't find taskId=15701 Callers=com.android.server.wm.WindowState.computeFrameLw:1054 com.android.internal.policy.impl.PhoneWindowManager.layoutWindowLw:4904 com.android.server.wm.WindowManagerService.performLayoutLockedInner:10917 com.android.server.wm.WindowManagerService.performLayoutAndPlaceSurfacesLockedInner:11857 
E/WindowState(  901): getStack: Window{8a51dc5 u0 com.riftinnovation.smartblade.cabbage/com.riftinnovation.smartblade.cabbage.UserLoginActivity} couldn't find taskId=15701 Callers=com.android.server.wm.WindowState.computeFrameLw:1054 com.android.internal.policy.impl.PhoneWindowManager.layoutWindowLw:4904 com.android.server.wm.WindowManagerService.performLayoutLockedInner:10917 com.android.server.wm.WindowManagerService.performLayoutAndPlaceSurfacesLockedInner:11857 
E/WindowState(  901): getStack: Window{8a51dc5 u0 com.riftinnovation.smartblade.cabbage/com.riftinnovation.smartblade.cabbage.UserLoginActivity} couldn't find taskId=15701 Callers=com.android.server.wm.WindowState.computeFrameLw:1054 com.android.internal.policy.impl.PhoneWindowManager.layoutWindowLw:4904 com.android.server.wm.WindowManagerService.performLayoutLockedInner:10917 com.android.server.wm.WindowManagerService.performLayoutAndPlaceSurfacesLockedInner:11857 
D/SurfaceFlinger(  278): FPS : 3.55
W/SurfaceFlinger(  278): Fail to Open /sys/devices/platform/gpusysfs/fps
