E/MTPRx   (11217): state from USB_STATE event DISCONNECTED
W/MTPRx   (11217): MTP_RUNNING_STATUS = 1
E/MTPRx   (11217):  sendbooster is false!
E/MTPRx   (11217): In usbRemoved Status bar enabled
E/        (11217): [mtp_simple_sink_thread 329] read error [0] [Success]
E/MTPRx   (11217): stop observing and calling usbRemoved 
W/MTPRx   (11217): MTP_RUNNING_STATUS = 1
E/MTPRx   (11217):  sendbooster is false!
E/MTPRx   (11217): In usbRemoved Status bar enabled
E/MTPRx   (11217): Sending Broadcast
D/SettingsProvider(  901): name = mtp_usb_conditions_met
D/[MyFiles](11606): MainActivity::Myfiles : android.intent.action.MTP_FILE_SCAN
D/SettingsProvider(  901): name = mtp_running_status
E/MTPRx   (11217): Sending Broadcast
D/SettingsProvider(  901): name = mtp_usb_conditions_met
D/[MyFiles](11606): MainActivity::Myfiles : android.intent.action.MTP_FILE_SCAN
D/SettingsProvider(  901): name = mtp_running_status
D/SettingsProvider(  901): name = mtp_usb_connection_status
D/SettingsProvider(  901): name = mtp_usb_connection_status
D/SettingsProvider(  901): name = mtp_drive_display
D/SettingsProvider(  901): name = mtp_drive_display
D/SettingsProvider(  901): name = mtp_sync_alive
D/SettingsProvider(  901): name = mtp_sync_alive
D/SettingsProvider(  901): name = sdcard_launch
D/SettingsProvider(  901): name = sdcard_launch
D/SettingsProvider(  901): name = mtp_open_session
D/SettingsProvider(  901): name = mtp_open_session
D/NetworkStatsFactory(  901): UpdateStatsForKnox
D/NetworkStatsFactory(  901): UpdateStatsForKnox
E/MtpService(11217): onDestroy.
D/KeyguardUpdateMonitor( 1282): received broadcast android.intent.action.BATTERY_CHANGED
E/MtpService(11217): Unregister Mtp disable Receiver
D/KeyguardUpdateMonitor( 1282): handleBatteryUpdate
E/MtpService(11217): Receiver not registered: com.samsung.android.MtpApplication.MtpService$1@2d146034
E/MtpService(11217): Unregister mtpEmergencyReceiver
E/MtpService(11217): Receiver not registered: com.samsung.android.MtpApplication.MtpService$2@334fe5d
E/MtpService(11217): unregistering mtpMediaReceiver in UnregisterAllIntent
E/MtpService(11217): Receiver not registered: com.samsung.android.MtpApplication.MtpService$3@17655707
E/MTPJNIInterface(11217): noti = 3
D/        (11217): USB_MTP_ENABLED AND usb_ptp_enabled!
D/        (11217): __mtp_handler_eh_notify: USB plugged out.
D/        (11217): [__mtp_handler_eh_notify:624] is_connected = 1 and is_enumeration_finished = 1
D/        (11217):  [__mtp_handler_eh_notify:665] Enumeration is Complete and hence exiting the Mtp App 
D/        (11217): gbin_sem_mtp semphore destroy successful
D/        (11217): [__mtp_handler_eh_notify:729] sending event to event handler thread to close...
D/        (11217): [__mtp_handler_eh_notify:738] starting mtp_deinitialize() ...
D/        (11217):  cleaning MP3 properties
D/        (11217):  cleaning WMA properties
D/        (11217):  cleaning WMV properties
D/        (11217):  cleaning ALBUM properties
D/        (11217):  cleaning default properties
D/        (11217): [__mtp_handler_eh_notify:764] Checking for MMC_INSERTED and kill data threads ...
D/        (11217): [__mtp_handler_eh_notify:775] calling mtp_g_fs_mtp_init() ...
D/        (11217):  ************** In mtp_g_fs_mtp_init to kill the threads
D/        (11217): [mtp_g_fs_mtp_init] ********* gfs_mode = 0 mtp_clean_usb_driver  
D/        (11217): [mtp_g_fs_mtp_init] ************ Calling mtp_usb_mtp_finalize fn
E/        (11217): ****** [mtp_usb_mtp_finalize 1221] mtp_close_fd Calling 
E/        (11217): [mtp_close_fd 109]  fd = 32...
E/        (11217): [mtp_close_fd 114] USB endpoint [32] closed...
E/        (11217): ****** [mtp_usb_mtp_finalize 1224] Updating the gInitializeFlag Flag to FALSE 
E/        (11217): ****** [mtp_usb_mtp_finalize 1227] Calling mtp_stop_io 
D/        (11217): mtp_stop_io going to kill source thread, th_source value = 1
I/CAE     (  901): handleMessage(CaPowerManager.java:197) - POWER_DISCONNECTED
I/CAE     (  901): sendCmdToSensorHub(SensorHubCommManager.java:144) - -76, 13, -41, 0,
D/SensorHubManager(  901): SendSensorHubData: send data = -76, 13, -41, 0
D/Sensorhubs(  312): sendContextData: -76, 13, -41, 0
D/SurfaceFlinger(  278): FPS : 0.89
W/SurfaceFlinger(  278): Fail to Open /sys/devices/platform/gpusysfs/fps
D/[MyFiles](11606): MainActivity::Receive == android.intent.action.MEDIA_SCANNER_STARTED
I/KIES_RECEIVE(11074): [APK BnR] Receive KIES_USB_DISCONNECT
D/MediaProvider(14244): savePlaylistTableInBulkDeleter started
D/MediaProvider(14244): savePlaylistTableInBulkDeleter started - audio_playlists_map_cache existed
E/TranscodeReceiver( 8388): onReceive : android.intent.action.ACTION_POWER_DISCONNECTED
D/TranscodeService( 8388): onDestroy()
D/TranscodeService( 8388): releaseTranscodeThread.
D/MediaProvider(14244): savePlaylistTableInBulkDeleter started - audio_playlists_map_cache is empty
D/MediaProvider(14244): savePlaylistTableInBulkDeleter finished
D/MediaProvider(14244): savePlaylistTableInBulkDeleter started
D/MediaProvider(14244): savePlaylistTableInBulkDeleter started - audio_playlists_map_personal_cache existed
D/MediaProvider(14244): savePlaylistTableInBulkDeleter started - audio_playlists_map_personal_cache is empty
D/MediaProvider(14244): savePlaylistTableInBulkDeleter finished
D/MediaScanner(14244): Prescan. DB items number : 771 DB_FILES_NUMBER_CACHING_LIMITATION : 7000  Caching mode : true
I/KnoxUsageLogPro(11089): KnoxUsageReceiver onReceive :android.intent.action.ACTION_POWER_DISCONNECTED myUserId=0
I/KnoxUsageLogPro(11089): premStatus:2
I/KnoxUsageLogPro(11089): isEulaShown : false
I/KnoxUsageLogPro(11089): KnoxUsageReceiver onReceive : not Processible, just return
V/ApplicationPolicy(  901): isApplicationStateBlocked userId 0 pkgname com.sec.android.app.videoplayer
I/iu.Environment( 8102): update battery state; isPlugged? false*
V/MediaScanner(14244): processDirectory :  /storage/emulated/0
D/MediaScanner(14244): Skipping:
D/MediaScanner(14244): 7klwibgf7fvntblfd7(75ebcf7
D/[MyFiles](11606): MainActivity::refreshActivity mCurrentView :0
I/[MyFiles](11606): AllFileBrowser::refreshActivity
I/[MyFiles](11606): AllFileBrowser::refresh by MediaMount
I/[MyFiles](11606): AllFileBrowser::Call showWaitProgressDialog : true
I/[MyFiles](11606): AllFileBrowser::finish browseTo : 
D/[MyFiles](11606): AllFileBrowser::Loading handler - start
I/[MyFiles](11606): AllFileBrowser::load file list => start
D/MediaScanner(14244): Skipping:
D/MediaScanner(14244): 7klwibgf7fvntblfd7(7DCRV75lpnvaubrtk7
D/[MyFiles](11606): AllFileBrowser::fill - size : 9
I/[MyFiles](11606): AllFileBrowser::load file list => finish
I/[MyFiles](11606): AllFileBrowser::sort after loading => start
I/[MyFiles](11606): AllFileBrowser::sort after loading => finish
I/[MyFiles](11606): ListAdapter::clearAll
V/[MyFiles](11606): ListAdapter::/ImageThumbnailManager.onPause
I/PathIndicator(11606): setPath() - folderPath : /storage/emulated/0/Pictures/Screenshots
V/[MyFiles](11606): ListAdapter::ThumbnailUpdateThread - Stopping update here image-thumbnail-manager
I/[MyFiles](11606): AllFileBrowser::updateAdapter => start
I/[MyFiles](11606): AllFileBrowser::File Count : 9
I/[MyFiles](11606): AllFileBrowser::updateAdapter => finish
I/[MyFiles](11606): AllFileBrowser::Call showWaitProgressDialog : false
I/[MyFiles](11606): AllFileBrowser::showWaitProgressDialog false
D/[MyFiles](11606): AllFileBrowser::Loading handler - finish
D/MediaScanner(14244): Skipping:
D/MediaScanner(14244): 7klwibgf7fvntblfd7(7Budiwrd7dblb7
D/[MyFiles](11606): MainActivity::onPrepareOptionsMenu mCurrentView :0
D/[MyFiles](11606): AllFileBrowser::onPrepareOptionsMenu
W/ExifInterface(11606): Invalid image.
W/ExifInterface(11606): java.io.IOException: Invalid marker: 89
W/ExifInterface(11606): 	at android.media.ExifInterface.getJpegAttributes(ExifInterface.java:1607)
W/ExifInterface(11606): 	at android.media.ExifInterface.loadAttributes(ExifInterface.java:1336)
W/ExifInterface(11606): 	at android.media.ExifInterface.<init>(ExifInterface.java:1053)
W/ExifInterface(11606): 	at com.sec.android.app.myfiles.MediaLoader.getExifOrientation(MediaLoader.java:627)
W/ExifInterface(11606): 	at com.sec.android.app.myfiles.MediaLoader.getSampleSizeBitmap(MediaLoader.java:603)
W/ExifInterface(11606): 	at com.sec.android.app.myfiles.MediaLoader.getImageBitmap(MediaLoader.java:190)
W/ExifInterface(11606): 	at com.sec.android.app.myfiles.SimpleIcon.thumbnailBitmap(SimpleIcon.java:79)
W/ExifInterface(11606): 	at com.sec.android.app.myfiles.ImageLoader$1.run(ImageLoader.java:244)
W/ExifInterface(11606): 	at java.lang.Thread.run(Thread.java:818)
W/ExifInterface(11606): Invalid image.
W/ExifInterface(11606): java.io.IOException: Invalid marker: 89
W/ExifInterface(11606): 	at android.media.ExifInterface.getJpegAttributes(ExifInterface.java:1607)
W/ExifInterface(11606): 	at android.media.ExifInterface.loadAttributes(ExifInterface.java:1336)
W/ExifInterface(11606): 	at android.media.ExifInterface.<init>(ExifInterface.java:1053)
W/ExifInterface(11606): 	at com.sec.android.app.myfiles.MediaLoader.getExifOrientation(MediaLoader.java:627)
W/ExifInterface(11606): 	at com.sec.android.app.myfiles.MediaLoader.getSampleSizeBitmap(MediaLoader.java:603)
W/ExifInterface(11606): 	at com.sec.android.app.myfiles.MediaLoader.getImageBitmap(MediaLoader.java:190)
W/ExifInterface(11606): 	at com.sec.android.app.myfiles.SimpleIcon.thumbnailBitmap(SimpleIcon.java:79)
W/ExifInterface(11606): 	at com.sec.android.app.myfiles.ImageLoader$1.run(ImageLoader.java:244)
W/ExifInterface(11606): 	at java.lang.Thread.run(Thread.java:818)
I/iu.UploadsManager( 8102): num queued entries: 0
W/ExifInterface(11606): Invalid image.
W/ExifInterface(11606): java.io.IOException: Invalid marker: 89
W/ExifInterface(11606): 	at android.media.ExifInterface.getJpegAttributes(ExifInterface.java:1607)
W/ExifInterface(11606): 	at android.media.ExifInterface.loadAttributes(ExifInterface.java:1336)
W/ExifInterface(11606): 	at android.media.ExifInterface.<init>(ExifInterface.java:1053)
W/ExifInterface(11606): 	at com.sec.android.app.myfiles.MediaLoader.getExifOrientation(MediaLoader.java:627)
W/ExifInterface(11606): 	at com.sec.android.app.myfiles.MediaLoader.getSampleSizeBitmap(MediaLoader.java:603)
W/ExifInterface(11606): 	at com.sec.android.app.myfiles.MediaLoader.getImageBitmap(MediaLoader.java:190)
W/ExifInterface(11606): 	at com.sec.android.app.myfiles.SimpleIcon.thumbnailBitmap(SimpleIcon.java:79)
W/ExifInterface(11606): 	at com.sec.android.app.myfiles.ImageLoader$1.run(ImageLoader.java:244)
W/ExifInterface(11606): 	at java.lang.Thread.run(Thread.java:818)
W/ExifInterface(11606): Invalid image.
W/ExifInterface(11606): java.io.IOException: Invalid marker: 89
W/ExifInterface(11606): 	at android.media.ExifInterface.getJpegAttributes(ExifInterface.java:1607)
W/ExifInterface(11606): 	at android.media.ExifInterface.loadAttributes(ExifInterface.java:1336)
W/ExifInterface(11606): 	at android.media.ExifInterface.<init>(ExifInterface.java:1053)
W/ExifInterface(11606): 	at com.sec.android.app.myfiles.MediaLoader.getExifOrientation(MediaLoader.java:627)
W/ExifInterface(11606): 	at com.sec.android.app.myfiles.MediaLoader.getSampleSizeBitmap(MediaLoader.java:603)
W/ExifInterface(11606): 	at com.sec.android.app.myfiles.MediaLoader.getImageBitmap(MediaLoader.java:190)
W/ExifInterface(11606): 	at com.sec.android.app.myfiles.SimpleIcon.thumbnailBitmap(SimpleIcon.java:79)
W/ExifInterface(11606): 	at com.sec.android.app.myfiles.ImageLoader$1.run(ImageLoader.java:244)
W/ExifInterface(11606): 	at java.lang.Thread.run(Thread.java:818)
I/iu.UploadsManager( 8102): num updated entries: 0
W/ExifInterface(11606): Invalid image.
W/ExifInterface(11606): java.io.IOException: Invalid marker: 89
W/ExifInterface(11606): 	at android.media.ExifInterface.getJpegAttributes(ExifInterface.java:1607)
W/ExifInterface(11606): 	at android.media.ExifInterface.loadAttributes(ExifInterface.java:1336)
W/ExifInterface(11606): 	at android.media.ExifInterface.<init>(ExifInterface.java:1053)
W/ExifInterface(11606): 	at com.sec.android.app.myfiles.MediaLoader.getExifOrientation(MediaLoader.java:627)
W/ExifInterface(11606): 	at com.sec.android.app.myfiles.MediaLoader.getSampleSizeBitmap(MediaLoader.java:603)
W/ExifInterface(11606): 	at com.sec.android.app.myfiles.MediaLoader.getImageBitmap(MediaLoader.java:190)
W/ExifInterface(11606): 	at com.sec.android.app.myfiles.SimpleIcon.thumbnailBitmap(SimpleIcon.java:79)
W/ExifInterface(11606): 	at com.sec.android.app.myfiles.ImageLoader$1.run(ImageLoader.java:244)
W/ExifInterface(11606): 	at java.lang.Thread.run(Thread.java:818)
D/MediaScanner(14244): Skipping:
D/MediaScanner(14244): 7klwibgf7fvntblfd7(75lpnvaubrtk7
W/ExifInterface(11606): Invalid image.
W/ExifInterface(11606): java.io.IOException: Invalid marker: 89
W/ExifInterface(11606): 	at android.media.ExifInterface.getJpegAttributes(ExifInterface.java:1607)
W/ExifInterface(11606): 	at android.media.ExifInterface.loadAttributes(ExifInterface.java:1336)
W/ExifInterface(11606): 	at android.media.ExifInterface.<init>(ExifInterface.java:1053)
W/ExifInterface(11606): 	at com.sec.android.app.myfiles.MediaLoader.getExifOrientation(MediaLoader.java:627)
W/ExifInterface(11606): 	at com.sec.android.app.myfiles.MediaLoader.getSampleSizeBitmap(MediaLoader.java:603)
W/ExifInterface(11606): 	at com.sec.android.app.myfiles.MediaLoader.getImageBitmap(MediaLoader.java:190)
W/ExifInterface(11606): 	at com.sec.android.app.myfiles.SimpleIcon.thumbnailBitmap(SimpleIcon.java:79)
W/ExifInterface(11606): 	at com.sec.android.app.myfiles.ImageLoader$1.run(ImageLoader.java:244)
W/ExifInterface(11606): 	at java.lang.Thread.run(Thread.java:818)
I/iu.SyncManager( 8102): NEXT; no task
V/MediaScanner(14244): processDirectory :  /storage/extSdCard
W/MediaScanner(14244): Error opening directory, reason : Permission denied.
W/MediaScanner(14244): 7klwibgf7fxlKdCbid7
D/[MyFiles](11606): MainActivity::Receive == android.intent.action.MEDIA_SCANNER_FINISHED
D/[MyFiles](11606): MainActivity::setSkipThumb = false
E/CscFactoryReceiver( 1511): onReceive android.intent.action.MEDIA_SCANNER_FINISHED
D/CscFactoryReceiver( 1511): Media DB Scanner finished.
D/CscFactoryReceiver( 1511): start service to Set Ringtone
D/CscFactoryReceiver( 1511): start service to Set Notification
D/[MyFiles](11606): MainActivity::Receive == android.intent.action.MEDIA_SCANNER_STARTED
D/CscFactoryReceiver( 1511): start service to Set Alarmtone
D/CscUpdateService( 1511): onStart
E/CscUpdateService( 1511): costomer file is exists : it has been preconfiged.
D/CscUpdateService( 1511): only ringtone update
D/CscUpdateService( 1511): onStart
E/CscUpdateService( 1511): costomer file is exists : it has been preconfiged.
D/CscUpdateService( 1511): only notification update
D/MediaProvider(14244): savePlaylistTableInBulkDeleter started
D/CscUpdateService( 1511): onStart
E/CscParser( 1511): update(): xml file exist
E/CscUpdateService( 1511): costomer file is exists : it has been preconfiged.
D/CscUpdateService( 1511): only alarmtone update
D/MediaProvider(14244): savePlaylistTableInBulkDeleter started - audio_playlists_map_cache existed
E/CscParser( 1511): update(): xml file exist
E/CscParser( 1511): update(): xml file exist
D/MediaProvider(14244): savePlaylistTableInBulkDeleter started - audio_playlists_map_cache is empty
D/MediaProvider(14244): savePlaylistTableInBulkDeleter finished
D/MediaProvider(14244): savePlaylistTableInBulkDeleter started
D/MediaProvider(14244): savePlaylistTableInBulkDeleter started - audio_playlists_map_personal_cache existed
D/MediaProvider(14244): savePlaylistTableInBulkDeleter started - audio_playlists_map_personal_cache is empty
D/MediaProvider(14244): savePlaylistTableInBulkDeleter finished
W/CSCSettings( 1511): Setting Ringtones (type) : 1
D/CscParser( 1511): RingTone: null
W/CSCSettings( 1511): 1. Tag_Str: null
W/CSCSettings( 1511): Setting Ringtones (type) : 2
D/CscParser( 1511): MessageTone: null
W/CSCSettings( 1511): 1. Tag_Str: null
W/CSCSettings( 1511): Setting Ringtones (type) : 4
D/CscParser( 1511): AlarmTone: null
W/CSCSettings( 1511): 1. Tag_Str: null
D/MediaScanner(14244): Prescan. DB items number : 771 DB_FILES_NUMBER_CACHING_LIMITATION : 7000  Caching mode : true
W/ExifInterface(11606): Invalid image.
W/ExifInterface(11606): java.io.IOException: Invalid marker: 89
W/ExifInterface(11606): 	at android.media.ExifInterface.getJpegAttributes(ExifInterface.java:1607)
W/ExifInterface(11606): 	at android.media.ExifInterface.loadAttributes(ExifInterface.java:1336)
W/ExifInterface(11606): 	at android.media.ExifInterface.<init>(ExifInterface.java:1053)
W/ExifInterface(11606): 	at com.sec.android.app.myfiles.MediaLoader.getExifOrientation(MediaLoader.java:627)
W/ExifInterface(11606): 	at com.sec.android.app.myfiles.MediaLoader.getSampleSizeBitmap(MediaLoader.java:603)
W/ExifInterface(11606): 	at com.sec.android.app.myfiles.MediaLoader.getImageBitmap(MediaLoader.java:190)
W/ExifInterface(11606): 	at com.sec.android.app.myfiles.SimpleIcon.thumbnailBitmap(SimpleIcon.java:79)
W/ExifInterface(11606): 	at com.sec.android.app.myfiles.ImageLoader$1.run(ImageLoader.java:244)
W/ExifInterface(11606): 	at java.lang.Thread.run(Thread.java:818)
D/ContentApp(14244): startScan() is called.
D/ContentApp(14244): startScan() is end.
D/ContentApp(14244): face_restore FINISHED_TYPE: 3
D/FaceScanner(14244): isNeedToRestore : start
D/SMUSIC-Widget( 9550): There's no active widget.
D/Gallery_Performance(  826): UpdateQueueThread End spent time[52   msec ]
E/SQLiteLog(14244): (284) automatic index on sqlite_sq_A0801A10(_id)
E/SQLiteLog(14244): (284) automatic index on sqlite_sq_A08011F0(_id)
W/ExifInterface(11606): Invalid image.
W/ExifInterface(11606): java.io.IOException: Invalid marker: 89
W/ExifInterface(11606): 	at android.media.ExifInterface.getJpegAttributes(ExifInterface.java:1607)
W/ExifInterface(11606): 	at android.media.ExifInterface.loadAttributes(ExifInterface.java:1336)
W/ExifInterface(11606): 	at android.media.ExifInterface.<init>(ExifInterface.java:1053)
W/ExifInterface(11606): 	at com.sec.android.app.myfiles.MediaLoader.getExifOrientation(MediaLoader.java:627)
W/ExifInterface(11606): 	at com.sec.android.app.myfiles.MediaLoader.getSampleSizeBitmap(MediaLoader.java:603)
W/ExifInterface(11606): 	at com.sec.android.app.myfiles.MediaLoader.getImageBitmap(MediaLoader.java:190)
W/ExifInterface(11606): 	at com.sec.android.app.myfiles.SimpleIcon.thumbnailBitmap(SimpleIcon.java:79)
W/ExifInterface(11606): 	at com.sec.android.app.myfiles.ImageLoader$1.run(ImageLoader.java:244)
W/ExifInterface(11606): 	at java.lang.Thread.run(Thread.java:818)
V/MediaScanner(14244): processDirectory :  /storage/emulated/0
D/MediaScanner(14244): Skipping:
D/MediaScanner(14244): 7klwibgf7fvntblfd7(75ebcf7
D/MediaScanner(14244): Skipping:
D/MediaScanner(14244): 7klwibgf7fvntblfd7(7DCRV75lpnvaubrtk7
D/MediaScanner(14244): Skipping:
D/MediaScanner(14244): 7klwibgf7fvntblfd7(7Budiwrd7dblb7
D/StatusBar.NetworkController( 1282): refreshViews connected={ wifi } level=4 combinedSignalIconId=0x7f020517/com.android.systemui:drawable/stat_sys_wifi_signal_4 mobileLabel=Emergency calls only wifiLabel="27 Lambert"xxxxXXXXxxxxXXXX emergencyOnly=true combinedLabel="27 Lambert"xxxxXXXXxxxxXXXX mAirplaneMode=false mDataActivity=0 mPhoneSignalIconId=0x7f0204ba/com.android.systemui:drawable/stat_sys_signal_4_auto_rotate mQSPhoneSignalIconId=0x7f02012d/com.android.systemui:drawable/ic_qs_signal_4 mDataDirectionIconId=0x0/(null) mDataSignalIconId=0x7f0204ba/com.android.systemui:drawable/stat_sys_signal_4_auto_rotate mDataTypeIconId=0x0/(null) mQSDataTypeIconId=0x0/(null) mNoSimIconId=0x0/(null) mWifiIconId=0x7f020517/com.android.systemui:drawable/stat_sys_wifi_signal_4 mQSWifiIconId=0x7f020143/com.android.systemui:drawable/ic_qs_wifi_4 mWifiActivityIconId=0x7f0204ea/com.android.systemui:drawable/stat_sys_signal_no_inout mBluetoothTetherIconId=0x10808cc/android:drawable/stat_sys_tether_bluetooth
D/STATUSBAR-WifiQuickSettingButton( 1282): onWifiSignalChanged enabled=true enabledDesc:"27 Lambert"
D/StatusBar.NetworkController( 1282): refreshSignalCluster - setNWBoosterIndicators(false)
D/StatusBar.NetworkController( 1282): applyOpen
D/StatusBar.NetworkController( 1282): refreshSignalCluster - setNWBoosterIndicators(false)
D/StatusBar.NetworkController( 1282): applyOpen
D/StatusBar.NetworkController( 1282): refreshSignalCluster - setNWBoosterIndicators(false)
D/StatusBar.NetworkController( 1282): applyOpen
D/StatusBar.NetworkController( 1282): refreshSignalCluster - setNWBoosterIndicators(false)
D/StatusBar.NetworkController( 1282): applyOpen
W/ExifInterface(11606): Invalid image.
W/ExifInterface(11606): java.io.IOException: Invalid marker: 89
W/ExifInterface(11606): 	at android.media.ExifInterface.getJpegAttributes(ExifInterface.java:1607)
W/ExifInterface(11606): 	at android.media.ExifInterface.loadAttributes(ExifInterface.java:1336)
W/ExifInterface(11606): 	at android.media.ExifInterface.<init>(ExifInterface.java:1053)
W/ExifInterface(11606): 	at com.sec.android.app.myfiles.MediaLoader.getExifOrientation(MediaLoader.java:627)
W/ExifInterface(11606): 	at com.sec.android.app.myfiles.MediaLoader.getSampleSizeBitmap(MediaLoader.java:603)
W/ExifInterface(11606): 	at com.sec.android.app.myfiles.MediaLoader.getImageBitmap(MediaLoader.java:190)
W/ExifInterface(11606): 	at com.sec.android.app.myfiles.SimpleIcon.thumbnailBitmap(SimpleIcon.java:79)
W/ExifInterface(11606): 	at com.sec.android.app.myfiles.ImageLoader$1.run(ImageLoader.java:244)
W/ExifInterface(11606): 	at java.lang.Thread.run(Thread.java:818)
D/SurfaceFlinger(  278): FPS : 1.98
W/SurfaceFlinger(  278): Fail to Open /sys/devices/platform/gpusysfs/fps
I/art     (  901): Explicit concurrent mark sweep GC freed 26801(2MB) AllocSpace objects, 4(120KB) LOS objects, 21% free, 60MB/76MB, paused 3.692ms total 212.707ms
D/GalleryCacheReady(  826): GalleryCacheReady end
D/Gallery_Performance(  826): cleanFileInfoHashMap End spent time[327   msec ] before size : 61 After Size : 61
D/MediaScanner(14244): Skipping:
D/MediaScanner(14244): 7klwibgf7fvntblfd7(75lpnvaubrtk7
V/MediaScanner(14244): processDirectory :  /storage/extSdCard
W/MediaScanner(14244): Error opening directory, reason : Permission denied.
W/MediaScanner(14244): 7klwibgf7fxlKdCbid7
D/[MyFiles](11606): MainActivity::Receive == android.intent.action.MEDIA_SCANNER_FINISHED
D/[MyFiles](11606): MainActivity::setSkipThumb = false
E/CscFactoryReceiver( 1511): onReceive android.intent.action.MEDIA_SCANNER_FINISHED
D/CscFactoryReceiver( 1511): Media DB Scanner finished.
D/CscFactoryReceiver( 1511): start service to Set Ringtone
D/CscFactoryReceiver( 1511): start service to Set Notification
D/CscFactoryReceiver( 1511): start service to Set Alarmtone
D/CscUpdateService( 1511): onStart
E/CscUpdateService( 1511): costomer file is exists : it has been preconfiged.
D/CscUpdateService( 1511): only ringtone update
D/CscUpdateService( 1511): onStart
E/CscUpdateService( 1511): costomer file is exists : it has been preconfiged.
D/CscUpdateService( 1511): only notification update
D/CscUpdateService( 1511): onStart
E/CscUpdateService( 1511): costomer file is exists : it has been preconfiged.
D/CscUpdateService( 1511): only alarmtone update
E/CscParser( 1511): update(): xml file exist
E/CscParser( 1511): update(): xml file exist
W/CSCSettings( 1511): Setting Ringtones (type) : 2
D/CscParser( 1511): MessageTone: null
W/CSCSettings( 1511): 1. Tag_Str: null
E/CscParser( 1511): update(): xml file exist
W/CSCSettings( 1511): Setting Ringtones (type) : 1
D/CscParser( 1511): RingTone: null
W/CSCSettings( 1511): 1. Tag_Str: null
W/CSCSettings( 1511): Setting Ringtones (type) : 4
D/CscParser( 1511): AlarmTone: null
W/CSCSettings( 1511): 1. Tag_Str: null
D/SMUSIC-Widget( 9550): There's no active widget.
D/ContentApp(14244): startScan() is called.
D/ContentApp(14244): startScan() is end.
D/ContentApp(14244): face_restore FINISHED_TYPE: 3
D/FaceScanner(14244): isNeedToRestore : start
D/Gallery_Performance(  826): UpdateQueueThread End spent time[55   msec ]
W/ContextImpl(11149): Implicit intents with startService are not safe: Intent { act=com.google.android.gms.analytics.service.START (has extras) } android.content.ContextWrapper.bindService:559 com.google.analytics.tracking.android.J.I:82 com.google.analytics.tracking.android.r.d:279 
D/Gallery_Performance(  826): cleanFileInfoHashMap End spent time[20   msec ] before size : 61 After Size : 61
I/GAV2    (11149): Thread[GAThread,5,main]: No campaign data found.
D/NetworkStatsFactory(  901): UpdateStatsForKnox
D/KeyguardUpdateMonitor( 1282): received broadcast android.intent.action.BATTERY_CHANGED
D/KeyguardUpdateMonitor( 1282): handleBatteryUpdate
I/SCloudBackupReceiver(11120): Other Intent
E/TranscodeReceiver( 8388): onReceive : android.intent.action.ACTION_POWER_CONNECTED
I/art     (14244): Explicit concurrent mark sweep GC freed 49147(2MB) AllocSpace objects, 0(0B) LOS objects, 39% free, 18MB/31MB, paused 1.190ms total 60.821ms
V/MediaPlayer-JNI( 1282): native_setup
V/MediaPlayer( 1282): constructor
V/MediaPlayer( 1282): setListener
E/ExtMediaPlayer-JNI( 1282): QCMediaPlayer could not be located....
E/MediaPlayer-JNI( 1282): QCMediaPlayer mediaplayer NOT present
V/MediaPlayer-JNI( 1282): setParameter: key 1400
V/MediaPlayer( 1282): MediaPlayer::setParameter(1400)
V/MediaPlayer( 1282): setParameter: no active player
V/MediaPlayer-JNI( 1282): setAudioStreamType: 5
V/MediaPlayer( 1282): MediaPlayer::setAudioStreamType
V/MediaPlayer-JNI( 1282): setDataSourceFD: fd 80
V/MediaPlayer( 1282): setDataSource(80, 0, 576460752303423487)
V/MediaPlayerService(  308): Create new client(170) from pid 1282, uid 10020, 
D/TranscodeService( 8388): onCreate()
V/MediaPlayerService(  308): setDataSource fd=39, offset=0, length=576460752303423487
V/MediaPlayerService(  308): st_dev  = 45840
V/MediaPlayerService(  308): st_mode = 33188
V/MediaPlayerService(  308): st_uid  = 0
V/MediaPlayerService(  308): st_gid  = 0
V/MediaPlayerService(  308): st_size = 9313
V/MediaPlayerService(  308): calculated length = 9313
V/MediaPlayerService(  308): player type = 3
V/AwesomePlayer(  308): setDefault
V/AwesomePlayer(  308): constructor
D/SurfaceFlinger(  278): FPS : 1.93
I/KnoxUsageLogPro(11089): KnoxUsageReceiver onReceive :android.intent.action.ACTION_POWER_CONNECTED myUserId=0
I/KnoxUsageLogPro(11089): premStatus:2
W/SurfaceFlinger(  278): Fail to Open /sys/devices/platform/gpusysfs/fps
D/TranscodeService( 8388): power? : true / screen off : false / ssrm.live_thumbnail : true, 0
D/TranscodeService( 8388): releaseTranscodeThread.
V/AwesomePlayer(  308): setDefault
V/AwesomePlayer(  308): reset_l()
V/AwesomePlayer(  308): notifyListner_l() msg (8-MEDIA_STOPPED), ext1 (0), ext2 (0)
V/AwesomePlayer(  308): cancelPlayerEvents (keepNotifications=0)
V/AwesomePlayer(  308): mAudioTrackVector clear
V/AwesomePlayer(  308): reset_l() mAudioPlayer successfully deleted
V/AwesomePlayer(  308): mSecCapture clear
V/AwesomePlayer(  308): mSecMediaClock clear
V/StagefrightPlayer(  308): StagefrightPlayer
V/AwesomePlayer(  308): setListener
V/StagefrightPlayer(  308): initCheck
V/AwesomePlayer(  308): AwesomePlayer running on behalf of uid 10020
V/AudioSink(  308): AudioOutput(336)
V/AwesomePlayer(  308): setAudioSink
V/StagefrightPlayer(  308): setDataSource(39, 0, 9313)
D/AwesomePlayer(  308): Before reset_l
V/AwesomePlayer(  308): reset_l()
V/AwesomePlayer(  308): notifyListner_l() msg (8-MEDIA_STOPPED), ext1 (0), ext2 (0)
V/MediaPlayerService(  308): [170] notify (0xb2c86100, 8, 0, 0)
V/AwesomePlayer(  308): cancelPlayerEvents (keepNotifications=0)
V/AwesomePlayer(  308): mAudioTrackVector clear
V/AwesomePlayer(  308): reset_l() mAudioPlayer successfully deleted
V/AwesomePlayer(  308): mSecCapture clear
V/AwesomePlayer(  308): mSecMediaClock clear
V/MediaPlayer( 1282): message received msg=8, ext1=0, ext2=0
I/CAE     (  901): handleMessage(CaPowerManager.java:193) - POWER_CONNECTED
I/CAE     (  901): sendCmdToSensorHub(SensorHubCommManager.java:144) - -76, 13, -42, 0,
D/SensorHubManager(  901): SendSensorHubData: send data = -76, 13, -42, 0
V/MediaPlayer( 1282): notify(8, 0, 0) callback on disconnected mediaplayer
D/AwesomePlayer(  308): printFileName fd(41) -> /system/media/audio/ui/Charger_Connection.ogg
D/Sensorhubs(  312): sendContextData: -76, 13, -42, 0
D/GalleryCacheReady(  826): GalleryCacheReady end
I/KnoxUsageLogPro(11089): isEulaShown : false
I/KnoxUsageLogPro(11089): KnoxUsageReceiver onReceive : not Processible, just return
D/KeyguardUpdateMonitor( 1282): updateCMASText( show = false )
V/AwesomePlayer(  308): track of type 'audio/vorbis' does not publish bitrate
V/AwesomePlayer(  308): mBitrate = -1 bits/sec
I/OggExtractor(  308): OggSource::OggSource() mExtractor ref count = 4
V/AwesomePlayer(  308): current audio track index (0) is added to vector
V/AwesomePlayer(  308): setDataSource_l: Audio(1), Video(0)
I/AwesomePlayer(  308): this is widevine, checkRightsStatus will be skip - AwesomePlayer::setDataSource_l
V/MediaPlayerService(  308): [170] setParameter(1604)
V/StagefrightPlayer(  308): setParameter(key=1604)
V/AwesomePlayer(  308): setParameter key (1604)
V/AwesomePlayer(  308): Current Contet PID : 1282
V/MediaPlayerService(  308): [170] getParameter(1700)
V/MediaPlayer-JNI( 1282): setLooping: 0
V/MediaPlayer( 1282): MediaPlayer::setLooping
V/MediaPlayerService(  308): [170] setLooping(0)
V/StagefrightPlayer(  308): setLooping
V/AwesomePlayer(  308): setLooping (0)
V/MediaPlayer( 1282): setVideoSurfaceTexture
W/Settings( 1282): Setting airplane_mode_on has moved from android.provider.Settings.System to android.provider.Settings.Global, returning read-only value.
V/MediaPlayerService(  308): [170] setVideoSurfaceTexture(0x0)
V/MediaPlayer( 1282): prepare
V/MediaPlayerService(  308): [170] setAudioStreamType(5)
V/MediaPlayerService(  308): [170] prepareAsync
V/AwesomePlayer(  308): prepareAsync
D/NotificationStackScrollLayout( 1282): hasNotification()-C:4
D/NotificationStackScrollLayout( 1282): hasNotification()-0-N:false
D/NotificationStackScrollLayout( 1282): hasNotification()-0-V:0
D/NotificationStackScrollLayout( 1282): hasNotification()-1-N:false
D/NotificationStackScrollLayout( 1282): hasNotification()-1-V:0
D/NotificationStackScrollLayout( 1282): hasNotification()-2-N:true
D/NotificationStackScrollLayout( 1282): hasNotification()-2-V:8
D/NotificationStackScrollLayout( 1282): hasNotification()-3-N:false
D/NotificationStackScrollLayout( 1282): hasNotification()-3-V:8
D/PanelView( 1282): There is/are nonotification(s) 
D/KeyguardUpdateMonitor( 1282): updateCMASText( show = false )
W/Settings( 1282): Setting airplane_mode_on has moved from android.provider.Settings.System to android.provider.Settings.Global, returning read-only value.
V/AwesomePlayer(  308): onPrepareAsyncEvent
I/SecMediaClock(  308): SecMediaClock constructor
I/SecMediaClock(  308): reset
I/SecVideoCapture(  308): SecVideoCapture constructor
D/NotificationStackScrollLayout( 1282): hasNotification()-C:4
I/SecVideoCapture(  308): reset
V/AwesomePlayer(  308): initAudioDecoder
V/AwesomePlayer(  308): checkOffloadExceptions is true
D/NotificationStackScrollLayout( 1282): hasNotification()-0-N:false
D/NotificationStackScrollLayout( 1282): hasNotification()-0-V:0
D/NotificationStackScrollLayout( 1282): hasNotification()-1-N:false
V/AudioPolicyManager_legacy(  308): isOffloadSupported: SR=44100, CM=0x3, Format=0x7000000, StreamType=5, BitRate=4294967295, duration=558480 us, has_video=0
D/NotificationStackScrollLayout( 1282): hasNotification()-1-V:0
V/AudioPolicyManager_legacy(  308): isOffloadSupported: stream_type != MUSIC, returning false
V/AwesomePlayer(  308): nchannels 2;LPA will be skipped if nchannels is > 2 or nchannels == 0
D/NotificationStackScrollLayout( 1282): hasNotification()-2-N:true
D/AwesomePlayer(  308): Tunnel Mime Type: audio/vorbis, object alive = 0, mTunnelAliveAP = 0
D/NotificationStackScrollLayout( 1282): hasNotification()-2-V:8
I/AwesomePlayer(  308): AwesomePlayer::initAudioDecoder Sample Rate= 44100 
D/NotificationStackScrollLayout( 1282): hasNotification()-3-N:false
D/NotificationStackScrollLayout( 1282): hasNotification()-3-V:8
D/PanelView( 1282): There is/are nonotification(s) 
I/AudioPolicyManager_legacy(  308): getAudioPolicyConfig: audioParam;outDevice
V/AudioPolicyManager_legacy(  308): getNewOutputDevice() selected device 0
V/AudioPolicyManager_legacy(  308): ### curdevice : 2
D/AwesomePlayer(  308): maxPossible tunnels = 1
D/AwesomePlayer(  308): Normal Audio Playback
D/AwesomePlayer(  308): Use tunnel player only for AUDIO_STREAM_MUSIC
I/OMXCodec(  308): Attempting to allocate OMX node 'OMX.google.vorbis.decoder'
D/PhoneStatusBar( 1282): animateCollapse(): mExpandedVisible=false flags=0
D/StatusBar-Window( 1282): fnf=true sanc=false, kni=false, sbf=false
D/CoverUI ( 1282): applyFocusableFlag() : Remove SAMSUNG_FLAG_SVIEW_COVER
I/OMXCodec(  308): Successfully allocated OMX node 'OMX.google.vorbis.decoder'
I/AwesomePlayer(  308): Could not offload audio decode, try pcm offload
V/AudioPolicyManager_legacy(  308): isOffloadSupported: SR=44100, CM=0x1, Format=0x1, StreamType=5, BitRate=4294967295, duration=558480 us, has_video=0
V/AudioPolicyManager_legacy(  308): isOffloadSupported: stream_type != MUSIC, returning false
I/OMXCodec(  308): [OMX.google.vorbis.decoder] OMXCodec::start mState=1
I/OMXCodec(  308): [OMX.google.vorbis.decoder] allocating 4 buffers of size 8192 on input port
D/KeyguardUpdateMonitor( 1282): updateCMASText( show = false )
I/OMXCodec(  308): [OMX.google.vorbis.decoder] allocating 4 buffers of size 32768 on output port
I/OMXCodec(  308): [OMX.google.vorbis.decoder] Now Idle. Component sends idle done Event 
V/AwesomePlayer(  308): finishAsyncPrepare_l
V/AwesomePlayer(  308): notifyListner_l() msg (200-MEDIA_INFO), ext1 (973), ext2 (0)
V/MediaPlayerService(  308): [170] notify (0xb2c86100, 200, 973, 0)
V/AwesomePlayer(  308): notifyListner_l() msg (5-MEDIA_SET_VIDEO_SIZE), ext1 (0), ext2 (0)
V/MediaPlayerService(  308): [170] notify (0xb2c86100, 5, 0, 0)
V/AwesomePlayer(  308): notifyListner_l() msg (1-MEDIA_PREPARED), ext1 (0), ext2 (0)
V/MediaPlayerService(  308): [170] notify (0xb2c86100, 1, 0, 0)
V/MediaPlayer( 1282): message received msg=200, ext1=973, ext2=0
W/MediaPlayer( 1282): info/warning (973, 0)
V/MediaPlayer( 1282): callback application
V/MediaPlayer( 1282): back from callback
V/MediaPlayer( 1282): message received msg=5, ext1=0, ext2=0
W/Settings( 1282): Setting airplane_mode_on has moved from android.provider.Settings.System to android.provider.Settings.Global, returning read-only value.
D/NotificationStackScrollLayout( 1282): hasNotification()-C:4
D/NotificationStackScrollLayout( 1282): hasNotification()-0-N:false
D/NotificationStackScrollLayout( 1282): hasNotification()-0-V:0
D/NotificationStackScrollLayout( 1282): hasNotification()-1-N:false
D/NotificationStackScrollLayout( 1282): hasNotification()-1-V:0
D/NotificationStackScrollLayout( 1282): hasNotification()-2-N:true
D/NotificationStackScrollLayout( 1282): hasNotification()-2-V:8
D/NotificationStackScrollLayout( 1282): hasNotification()-3-N:false
D/NotificationStackScrollLayout( 1282): hasNotification()-3-V:8
D/PanelView( 1282): There is/are nonotification(s) 
D/KeyguardUpdateMonitor( 1282): updateCMASText( show = false )
V/MediaPlayer( 1282): New video size 0 x 0
V/MediaPlayer( 1282): callback application
V/MediaPlayer( 1282): back from callback
V/MediaPlayer( 1282): message received msg=1, ext1=0, ext2=0
V/MediaPlayer( 1282): prepared
V/MediaPlayer( 1282): signal application thread
V/MediaPlayer( 1282): callback application
V/MediaPlayer( 1282): back from callback
V/MediaPlayer( 1282): prepare complete - status=0
E/MediaPlayer( 1282): Should have subtitle controller already set
I/MediaFocusControl(  901):  AudioFocus  requestAudioFocus() from android.media.AudioManager$2b3df798 hint:3
V/MediaPlayer-JNI( 1282): start
V/MediaPlayer( 1282): start
V/MediaPlayerService(  308): [170] setLooping(0)
V/StagefrightPlayer(  308): setLooping
V/AwesomePlayer(  308): setLooping (0)
V/MediaPlayerService(  308): [170] setVolume(1.000000, 1.000000)
V/AudioSink(  308): setVolume(1.000000, 1.000000)
V/MediaPlayerService(  308): [170] setAuxEffectSendLevel(0.000000)
V/AudioSink(  308): setAuxEffectSendLevel(0.000000)
V/MediaPlayerService(  308): [170] start
V/StagefrightPlayer(  308): setLooping
V/AwesomePlayer(  308): setLooping (0)
E/MediaPlayerService(  308): WFD client is not created 
V/StagefrightPlayer(  308): start
V/AwesomePlayer(  308): play
V/AwesomePlayer(  308): AwesomePlayer::play_l():: This is not a DRM content
W/AwesomePlayer(  308): Trying to create tunnel player mIsTunnelAudio 0,             LPAPlayer::objectsAlive 0,             TunnelPlayer::mTunnelObjectsAlive = 0,            (mAudioPlayer == NULL) 1
V/AwesomePlayer(  308): nchannels 2;LPA will be skipped if nchannels is > 2 or nchannels == 0
E/AwesomePlayer(  308): LPAPlayer::Clip duration setting of less than 30sec not supported, defaulting to 60sec
E/AwesomePlayer(  308): LPAPlayer::Clip duration setting of less than 30sec not supported, defaulting to 60sec
V/AwesomePlayer(  308): AudioPlayer created, Non-LPA mode mime audio/vorbis duration 558480
V/AwesomePlayer(  308): startAudioPlayer_l, sendErrorNotification (0)
D/AudioPlayer(  308): start of Playback, useOffload 0
I/OMXCodec(  308): OMXCodec::read : mch : 2, DDPoutput : 2
I/iu.Environment( 8102): update battery state; isPlugged? true*
--------- beginning of system
E/WindowState(  901): getStack: Window{8a51dc5 u0 com.riftinnovation.smartblade.cabbage/com.riftinnovation.smartblade.cabbage.UserLoginActivity} couldn't find taskId=15701 Callers=com.android.server.wm.WindowState.computeFrameLw:1054 com.android.internal.policy.impl.PhoneWindowManager.layoutWindowLw:4904 com.android.server.wm.WindowManagerService.performLayoutLockedInner:10917 com.android.server.wm.WindowManagerService.performLayoutAndPlaceSurfacesLockedInner:11857 
D/ActivityManager(  901): startService callerProcessName:com.google.android.gms, calleePkgName: com.google.android.gms
I/OMXCodec(  308): [OMX.google.vorbis.decoder] 0onCmdComplete  mState =  7
I/OMXCodec(  308): [OMX.google.vorbis.decoder] PORT_DISABLED(1)
I/OMXCodec(  308): [OMX.google.vorbis.decoder] allocating 4 buffers of size 32768 on output port
I/AudioPlayer(  308): Audio channels(2)
I/AudioPlayer(  308): Audioplayer kKeyAudioPCMFormat:0, 1, 0
I/AudioPlayer(  308): Audioplayer kKeyAudioPCMFormat read fail(2, 1)
V/AudioSink(  308): open(44100, 2, 0x0, 0x1, 0, 4 0x150)
V/AudioPolicyManager_legacy(  308): getOutput() device 2, stream 5, samplingRate 0, format 0, channelMask 0, flags 3
V/AudioPolicyManager_legacy(  308): getOutputsForDevice device 0002 -> 0002
V/AudioPolicyManager_legacy(  308): getOutput() returns output 2
V/AudioPolicyManager_legacy(  308): getOutput() device 2, stream 5, samplingRate 0, format 0, channelMask 0, flags 3
V/AudioPolicyManager_legacy(  308): getOutputsForDevice device 0002 -> 0002
V/AudioPolicyManager_legacy(  308): getOutput() returns output 2
V/AudioSink(  308): no track available to recycle
V/AudioSink(  308): creating new AudioTrack
V/AudioPolicyManager_legacy(  308): getOutputForAttr() usage=5, content=4, tag= flags=00000000
V/AudioPolicyManager_legacy(  308): getOutputForAttr() device 2, samplingRate 44100, format 1, channelMask 3, flags 0
V/AudioPolicyManager_legacy(  308): getOutputsForDevice device 0002 -> 0002
V/AudioPolicyManager_legacy(  308): getOutput() returns output 2
E/AudioTrack(  308): AudioTrack::set : Exit
V/AudioSink(  308): deleteRecycledTrack
V/AudioSink(  308): setVolume
V/AudioPolicyManager_legacy(  308): getOutputForAttr() usage=5, content=4, tag= flags=00000000
V/AudioPolicyManager_legacy(  308): getOutputForAttr() device 2, samplingRate 0, format 0, channelMask 3, flags 0
V/AudioPolicyManager_legacy(  308): getOutputsForDevice device 0002 -> 0002
V/AudioPolicyManager_legacy(  308): getOutput() returns output 2
D/AudioSink(  308): If this output is Tunnel output, Effects will be set in open()
V/AudioSink(  308): open() DONE status 0
V/AudioSink(  308): start
V/AudioPolicyManager_legacy(  308): startOutput() output 2, stream 5, session 336
V/AudioPolicyManager_legacy(  308): changeRefCount() stream 5, count 1
V/AudioPolicyManager_legacy(  308): getNewOutputDevice() selected device 2
V/AudioPolicyManager_legacy(  308): setOutputDevice() output 2 device 0002 delayMs 0
V/AudioPolicyManager_legacy(  308): setOutputDevice() prevDevice 0002
V/AudioPolicyManager_legacy(  308): setOutputDevice() setting same device 0002 or null device for output 2
V/AwesomePlayer(  308): notifyListner_l() msg (6-MEDIA_STARTED), ext1 (0), ext2 (0)
I/AudioPlayer(  308): First fillBuffer call!!
V/MediaPlayerService(  308): [170] notify (0xb2c86100, 6, 0, 0)
I/OMXCodec(  308): OMXCodec::read : mch : 2, DDPoutput : 2
I/OMXCodec(  308): OMXCodec::read : mch : 2, DDPoutput : 2
I/OMXCodec(  308): OMXCodec::read : mch : 2, DDPoutput : 2
I/OMXCodec(  308): OMXCodec::read : mch : 2, DDPoutput : 2
I/OMXCodec(  308): OMXCodec::read : mch : 2, DDPoutput : 2
I/OMXCodec(  308): OMXCodec::read : mch : 2, DDPoutput : 2
I/OMXCodec(  308): OMXCodec::read : mch : 2, DDPoutput : 2
I/OMXCodec(  308): OMXCodec::read : mch : 2, DDPoutput : 2
I/OMXCodec(  308): OMXCodec::read : mch : 2, DDPoutput : 2
I/OMXCodec(  308): OMXCodec::read : mch : 2, DDPoutput : 2
I/OMXCodec(  308): OMXCodec::read : mch : 2, DDPoutput : 2
I/OMXCodec(  308): OMXCodec::read : mch : 2, DDPoutput : 2
V/AwesomePlayer(  308): addBatteryData
V/MediaPlayer( 1282): message received msg=6, ext1=0, ext2=0
V/MediaPlayer-JNI( 1282): release
V/MediaPlayer( 1282): setListener
V/MediaPlayer( 1282): disconnect
V/MediaPlayerService(  308): disconnect(169) from pid 1282
V/StagefrightPlayer(  308): reset
V/AwesomePlayer(  308): reset_l()
V/AwesomePlayer(  308): notifyListner_l() msg (8-MEDIA_STOPPED), ext1 (0), ext2 (0)
V/AwesomePlayer(  308): cancelPlayerEvents (keepNotifications=0)
V/AwesomePlayer(  308): mAudioTrackVector clear
D/AudioPlayer(  308): reset: mPlaying=0 mReachedEOS=1 useOffload=0
V/AudioSink(  308): stop
V/AudioSink(  308): flush
V/AudioSink(  308): close
D/SoundAliveResampler(  308): [SoundAliveResampler] Init+++
D/ALSADevice(  308): route: devices 0x2 in mode 0
V/ALSADevice(  308): switchDevice: device 0x2 mode:0
V/ALSADevice(  308): getUCMDevice for output device: devices:2 is input device:0
V/ALSADevice(  308): getUCMDevice for input device: devices:0 is input device:1
D/ALSADevice(  308): No valid input device: 0
V/ALSADevice(  308): switchDevice,rxDev:Speaker, txDev:(null), curRxDev:Speaker, curTxDev:Main Mic
D/alsa_ucm(  308): snd_use_case_set(): uc_mgr 0xb3c18510 identifier _enadev value Speaker
D/ALSADevice(  308): switchDevice: mCurTxUCMDevivce Main Mic mCurRxDevDevice Speaker inCallDevSwitch = 0
V/ALSADevice(  308): switchDevice Done
D/alsa_ucm(  308): snd_use_case_set(): uc_mgr 0xb3c18510 identifier _verb value HiFi
D/alsa_ucm(  308): Set mixer controls for Speaker enable 1
V/AudioPolicyManager_legacy(  308): releaseOutput() 2
D/alsa_ucm(  308): acdb_id 15 cap 1 enable 1
D/ACDB-LOADER(  308): ACDB -> send_audio_cal, acdb_id = 15, path =  0
D/ACDB-LOADER(  308): ACDB -> send_adm_topology
D/ACDB-LOADER(  308): ACDB -> ACDB_CMD_GET_AUDPROC_COMMON_TOPOLOGY_ID
V/AudioSink(  308): --- close
D/ACDB-LOADER(  308): ACDB -> send_asm_topology
I/OMXCodec(  308): [OMX.google.vorbis.decoder] stop mState=4
D/ACDB-LOADER(  308): ACDB -> ACDB_CMD_GET_AUDPROC_STREAM_TOPOLOGY_ID
D/ACDB-LOADER(  308): ACDB -> send_audtable
D/ACDB-LOADER(  308): ACDB -> ACDB_CMD_GET_AUDPROC_COMMON_TABLE
D/ACDB-LOADER(  308): ACDB -> AUDIO_SET_AUDPROC_CAL
I/OMXCodec(  308): [OMX.google.vorbis.decoder] stop() sendCommand(0x938, OMX_CommandStateSet, OMX_StateIdle)
D/ACDB-LOADER(  308): ACDB -> send_audvoltable
D/ACDB-LOADER(  308): ACDB -> ACDB_CMD_GET_AUDPROC_GAIN_DEP_VOLTBL_STEP_COPP
I/OMXCodec(  308): [OMX.google.vorbis.decoder] Now Idle. Component sends idle done Event 
E/ACDB-LOADER(  308): Error: ACDB AudProc vol returned = -8
D/ACDB-LOADER(  308): ACDB -> AUDIO_SET_AUDPROC_VOL_CAL
D/ACDB-LOADER(  308): ACDB -> send_afe_cal
D/ACDB-LOADER(  308): ACDB -> ACDB_CMD_GET_AFE_COMMON_TABLE
D/ACDB-LOADER(  308): ACDB -> AUDIO_SET_AFE_CAL
D/ACDB-LOADER(  308): ACDB -> send_hw_delay : acdb_id = 15 path = 0
D/ACDB-LOADER(  308): ACDB -> ACDB_CMD_GET_DEVICE_PROPERTY_SIZE
D/ACDB-LOADER(  308): ACDB -> ACDB_AVSYNC_INFO: ACDB_CMD_GET_DEVICE_PROPERTY
D/ACDB-LOADER(  308): send_hw_delay id = 15 delay_num_entries = 1 result = 0
D/alsa_ucm(  308): Setting mixer control: SLIM_0_RX Channels, value: Two
I/OMXCodec(  308): [OMX.google.vorbis.decoder] stopOmxComponent_l() mstate = 1
I/OggExtractor(  308): OggSource::stop() mExtractor ref count = 1
I/OggExtractor(  308): OggSource::~OggSource() mExtractor !mStarted ref count = 1
I/OggExtractor(  308): ~OggSource --
I/OggExtractor(  308): ~OggExtractor ++
V/MediaPlayer( 1282): Received MEDIA_STARTED
I/OggExtractor(  308): ~MyVorbisExtractor ++ 
V/MediaPlayer( 1282): callback application
I/OggExtractor(  308): ~MyVorbisExtractor --
V/MediaPlayer( 1282): back from callback
I/OggExtractor(  308): ~OggExtractor --
D/alsa_ucm(  308): Setting mixer control: RX5 MIX1 INP1, value: RX1
I/AudioPlayer(  308): reset out
D/Recents_AlternateRecentsComponent( 1282): isRecentsTopMost is getting called
D/ActivityManager(  901): startService callerProcessName:com.google.android.gms, calleePkgName: com.google.android.gms
V/AwesomePlayer(  308): reset_l() mAudioPlayer successfully deleted
I/SecVideoCapture(  308): SecVideoCapture destructor
I/SecVideoCapture(  308): reset
V/AwesomePlayer(  308): mSecCapture clear
I/SecMediaClock(  308): SecMediaClock destructor
V/AwesomePlayer(  308): mSecMediaClock clear
V/StagefrightPlayer(  308): ~StagefrightPlayer
V/StagefrightPlayer(  308): reset
V/AwesomePlayer(  308): reset_l()
V/AwesomePlayer(  308): notifyListner_l() msg (8-MEDIA_STOPPED), ext1 (0), ext2 (0)
V/AwesomePlayer(  308): cancelPlayerEvents (keepNotifications=0)
V/AwesomePlayer(  308): mAudioTrackVector clear
V/AwesomePlayer(  308): reset_l() mAudioPlayer successfully deleted
V/AwesomePlayer(  308): mSecCapture clear
V/AwesomePlayer(  308): mSecMediaClock clear
V/AwesomePlayer(  308): destructor
V/AwesomePlayer(  308): reset_l()
V/AwesomePlayer(  308): notifyListner_l() msg (8-MEDIA_STOPPED), ext1 (0), ext2 (0)
V/AwesomePlayer(  308): cancelPlayerEvents (keepNotifications=0)
V/AwesomePlayer(  308): mAudioTrackVector clear
V/AwesomePlayer(  308): reset_l() mAudioPlayer successfully deleted
V/AwesomePlayer(  308): mSecCapture clear
V/AwesomePlayer(  308): mSecMediaClock clear
V/MediaPlayer( 1282): destructor
V/MediaPlayerService(  308): Client(169) destructor pid = 1282
V/AudioSink(  308): close
V/AudioSink(  308): --- close
V/MediaPlayerService(  308): disconnect(169) from pid 1282
V/MediaPlayer( 1282): disconnect
I/MediaPlayer( 1282): Don't send intent. msg.arg1 = 0, msg.arg2 = 0
E/MediaPlayer( 1282): Should have subtitle controller already set
V/MediaPlayer-JNI( 1282): getCurrentPosition: 103 (msec)
V/MediaPlayer-JNI( 1282): isPlaying: 1
I/iu.FingerprintManager( 8102): Start processing all media
D/alsa_ucm(  308): Setting mixer control: RX5 MIX1 INP2, value: RX2
D/alsa_ucm(  308): Setting mixer control: RX6 DSM MUX, value: DSM_INV
D/alsa_ucm(  308): Setting multi value: LINEOUT2 Volume
D/alsa_ucm(  308): Setting multi value: LINEOUT4 Volume
D/alsa_ucm(  308): Setting multi value: RX5 Digital Volume
D/alsa_ucm(  308): Set mixer controls for HiFi enable 1
D/alsa_ucm(  308): Setting mixer control: SLIMBUS_0_RX Audio Mixer MultiMedia1, value: 1
D/SurfaceFlinger(  278): FPS : 1.93
W/SurfaceFlinger(  278): Fail to Open /sys/devices/platform/gpusysfs/fps
D/ALSADevice(  308): close: handle 0xb3c57700 h 0x0
D/ALSADevice(  308): open: handle 0xb3c57700, format 0x2
V/ALSADevice(  308): Music case
D/ALSADevice(  308): Device value returned is hw:0,0
V/ALSADevice(  308): flags 0, devName hw:0,0
V/ALSADevice(  308): pcm_open returned fd 157
D/ALSADevice(  308): handle->format: 0x2
D/ALSADevice(  308): setHardwareParams: reqBuffSize 2048 channels 2 sampleRate 48000
D/ALSADevice(  308): setHardwareParams: buffer_size 16384, period_size 2048, period_cnt 8
D/PopupuiReceiver(11201): onReceive() getAction : com.android.systemui.power.action.ACTION_CABLE_CONNECTED
D/SecContentProvider2(  901): uri = -1 selection = getSealedState
D/SecContentProvider2(  901): mCursor = null
I/PopupuiReceiver_KNOX(11201): getSealedState : true
D/SecContentProvider2(  901): uri = 15 selection = getSealedHideNotificationMessages
D/SecContentProvider2(  901): mCursor = null
I/PopupuiReceiver_KNOX(11201): getSealedHideNotificationMessages : 1
D/ActivityManager(  901): startService callerProcessName:com.google.android.gms, calleePkgName: com.google.android.gms
D/SecContentProvider2(  901): uri = 15 selection = getCheckCoverPopupState
D/SecContentProvider2(  901): mCursor = null
I/PopupuiReceiver_KNOX(11201): getCheckCoverPopupState : true
D/PopupuiReceiver(11201): Action cable connected ! on - 
