D/ActivityManager(  901): startProcessLocked calleePkgName: com.samsung.android.MtpApplication, hostingType: broadcast
E/ActivityManager(  901): checkUser: useridlist=null, currentuser=0
E/ActivityManager(  901): checkUser: useridlist=null, currentuser=0
E/ActivityManager(  901): checkUser: useridlist=null, currentuser=0
E/ActivityManager(  901): checkUser: useridlist=null, currentuser=0
E/Zygote  (11318): MountEmulatedStorage()
E/Zygote  (11318): v2
I/SELinux (11318): Function: selinux_compare_spd_ram, SPD-policy is existed. and_ver=SEPF_GT-I9505_5.0.1-1 ver=51
I/SELinux (11318): Function: selinux_compare_spd_ram , priority [2] , priority version is VE=SEPF_GT-I9505_5.0.1-1_0070
D/SecContentProvider(  901): uri = 18 selection = isUsbMediaPlayerAvailable
E/SELinux (11318): [DEBUG] get_category: variable seinfo: platform sensitivity: NULL, cateogry: NULL
I/libpersona(11318): KNOX_SDCARD checking this for 1000
I/libpersona(11318): KNOX_SDCARD not a persona
V/UsbDeviceManager(  901): USB UEVENT: {USB_STATE=CONNECTED, SUBSYSTEM=android_usb, SEQNUM=330233, ACTION=change, DEVPATH=/devices/virtual/android_usb/android0}
D/UsbDeviceManager(  901): handleMessage -> MSG_UPDATE_STATE connected = 1,configured = 0
D/UsbDeviceManager(  901): updateUsbNotification : mConnected = true, mConfigured = false, mCurrentFunctions = mtp,adb
E/UsbDeviceManager(  901): mtp_and_ptp policy not yet?
D/ApplicationPolicy(  901): isStatusBarNotificationAllowedAsUser: packageName = android,userId = -1
V/ApplicationPolicy(  901): isApplicationStateBlocked userId -1 pkgname android
I/ActivityManager(  901): Start proc com.samsung.android.MtpApplication for broadcast com.samsung.android.MtpApplication/.MtpReceiver: pid=11318 uid=1000 gids={41000, 9997, 3002, 3001, 3003, 1007, 1028, 1015, 1023, 2001, 1024, 1001} abi=armeabi-v7a
I/ActivityManager(  901): Waited long enough for: ServiceRecord{2a05bc5 u0 com.sec.android.app.samsungapps/.account.SamsungAccountServiceReceiver}
D/UsbDeviceManager(  901): updateUsbNotification : notify id = 17040631, title = Connected as a media device
I/ValidateNoPeople(  901): skipping global notification
D/UsbDeviceManager(  901): broadcasting Intent { act=android.hardware.usb.action.USB_STATE flg=0x20000000 (has extras) } connected: true configured: false
D/WindowManager(  901): showStatusBarByNotification() mOpenByNotification=false
D/UsbDeviceManager(  901): sending intent : ACTION_USB_STATE : connected = true, configured = false, functions = mtp,adb
I/OMXCodec(  308): OMXCodec::read : mch : 2, DDPoutput : 2
I/OMXCodec(  308): OMXCodec::read : mch : 2, DDPoutput : 2
W/AudioSink(  308): Event underrun
D/AudioSink(  308): Callback!!!
I/OMXCodec(  308): OMXCodec::read : mch : 2, DDPoutput : 2
I/OMXCodec(  308): OMXCodec::read : mch : 2, DDPoutput : 2
I/OMXCodec(  308): OMXCodec::read : mch : 2, DDPoutput : 2
I/OMXCodec(  308): OMXCodec::read : mch : 2, DDPoutput : 2
I/OMXCodec(  308): OMXCodec::read : mch : 2, DDPoutput : 2
D/KnoxNotification( 1282): ----- inflateViews : modified publicViewLocal -----
D/ResourcesManager(11318): creating new AssetManager and set to /system/priv-app/MtpApplication/MtpApplication.apk
D/KnoxNotification( 1282): ----- inflateViews : modified KnoxViewLocal -----
D/PersonaManager( 1282): PersonaID is invalid or persona doesn't exists. : -1
I/OMXCodec(  308): OMXCodec::read : mch : 2, DDPoutput : 2
D/PersonaManager( 1282): isKioskContainerExistOnDevice
D/PersonaManager( 1282): isKioskContainerExistOnDevice
D/PhoneStatusBar( 1282): tick(): knoxCustomManager = android.app.enterprise.knoxcustom.KnoxCustomManager@3808b3d7
D/KeyguardUpdateMonitor( 1282): updateCMASText( show = false )
W/Settings( 1282): Setting airplane_mode_on has moved from android.provider.Settings.System to android.provider.Settings.Global, returning read-only value.
D/PanelView( 1282): There is/are notification(s) 
D/KeyguardUpdateMonitor( 1282): updateCMASText( show = false )
W/Settings( 1282): Setting airplane_mode_on has moved from android.provider.Settings.System to android.provider.Settings.Global, returning read-only value.
D/PanelView( 1282): There is/are notification(s) 
D/PersonaManager( 1282): isKioskContainerExistOnDevice
D/KeyguardUpdateMonitor( 1282): updateCMASText( show = false )
E/MTPRx   (11318): In MtpReceiverandroid.hardware.usb.action.USB_STATE
W/Settings( 1282): Setting airplane_mode_on has moved from android.provider.Settings.System to android.provider.Settings.Global, returning read-only value.
D/PanelView( 1282): There is/are notification(s) 
D/KeyguardUpdateMonitor( 1282): updateCMASText( show = false )
D/SecContentProvider2(  901): uri = 14 selection = getSealedState
D/SecContentProvider2(  901): mCursor = null
D/SecContentProvider2(  901): uri = 14 selection = getSealedUsbMassStorageState
D/SecContentProvider2(  901): mCursor = null
V/MTPRx   (11318): sealedState: false
V/MTPRx   (11318): sealedUsbMassStorageState: false
E/MTPRx   (11318): check value of boot_completed is1
E/MTPRx   (11318): check booting is completed_sys.boot_completed
E/MTPRx   (11318): Sd-Card path/storage/extSdCard
D/SecContentProvider(  901): uri = 18 selection = isUsbMediaPlayerAvailable
E/MTPRx   (11318): Status for mount/Unmount :removed
E/MTPRx   (11318): SDcard is not available
I/OMXCodec(  308): OMXCodec::read : mch : 2, DDPoutput : 2
I/OMXCodec(  308): OMXCodec::read : mch : 2, DDPoutput : 2
W/MTPRx   (11318): value of connected isfalse
W/MTPRx   (11318): value of configured isfalse
W/MTPRx   (11318): value of mtpEnabled istrue
W/MTPRx   (11318): value of ptpEnabled isfalse
E/MTPRx   (11318): Received USB_STATE with sdCardLaunch = 0
E/MTPRx   (11318): Unexpected Disconnection. call usbRemoved.
W/MTPRx   (11318): MTP_RUNNING_STATUS = 0
E/MTPRx   (11318):  sendbooster is false!
E/MTPRx   (11318): configured is false
V/UsbDeviceManager(  901): USB UEVENT: {USB_STATE=CONFIGURED, SUBSYSTEM=android_usb, SEQNUM=330234, ACTION=change, DEVPATH=/devices/virtual/android_usb/android0}
D/UsbDeviceManager(  901): handleMessage -> MSG_UPDATE_STATE connected = 1,configured = 1
D/UsbDeviceManager(  901): updateUsbNotification : mConnected = true, mConfigured = true, mCurrentFunctions = mtp,adb
E/UsbDeviceManager(  901): mtp_and_ptp policy not yet?
D/UsbDeviceManager(  901): broadcasting Intent { act=android.hardware.usb.action.USB_STATE flg=0x20000000 (has extras) } connected: true configured: true
D/UsbDeviceManager(  901): sending intent : ACTION_USB_STATE : connected = true, configured = true, functions = mtp,adb
I/OMXCodec(  308): OMXCodec::read : mch : 2, DDPoutput : 2
V/AlarmManager(  901): waitForAlarm result :4
I/OMXCodec(  308): OMXCodec::read : mch : 2, DDPoutput : 2
E/MTPRx   (11318): In MtpReceiverandroid.hardware.usb.action.USB_STATE
D/SecContentProvider2(  901): uri = 14 selection = getSealedState
D/SecContentProvider2(  901): mCursor = null
D/SecContentProvider2(  901): uri = 14 selection = getSealedUsbMassStorageState
D/SecContentProvider2(  901): mCursor = null
V/MTPRx   (11318): sealedState: false
V/MTPRx   (11318): sealedUsbMassStorageState: false
E/MTPRx   (11318): check value of boot_completed is1
E/MTPRx   (11318): check booting is completed_sys.boot_completed
E/MTPRx   (11318): Sd-Card path/storage/extSdCard
E/MTPRx   (11318): Status for mount/Unmount :removed
E/MTPRx   (11318): SDcard is not available
W/MTPRx   (11318): value of connected istrue
W/MTPRx   (11318): value of configured istrue
W/MTPRx   (11318): value of mtpEnabled istrue
W/MTPRx   (11318): value of ptpEnabled isfalse
E/MTPRx   (11318): Received USB_STATE with sdCardLaunch = 0
E/MTPRx   (11318): mFirstTime: false
D/        (11318): MTP: reading debug level property
E/MTPJNIInterface(11318): Getting CryptionKey from JAVA
E/MTPRx   (11318): currentUserId is 0
E/MTPRx   (11318): Start observing USB_STATE_MATCH 
E/MTPRx   (11318): cannot open file : /sys/class/android_usb/android0/bcdUSB
E/MTPRx   (11318): is_Privatemode is NOT 1
D/SettingsProvider(  901): name = mtp_usb_conditions_met
D/SecContentProvider(  901): uri = 18 selection = isUsbMediaPlayerAvailable
E/MTPRx   (11318): sending MTP_ICON_ENABLED to stack
I/OMXCodec(  308): OMXCodec::read : mch : 2, DDPoutput : 2
I/OMXCodec(  308): OMXCodec::read : mch : 2, DDPoutput : 2
I/OMXCodec(  308): [OMX.google.vorbis.decoder] End Of Stream
D/ActivityManager(  901): startService callerProcessName:com.samsung.android.MtpApplication, calleePkgName: com.samsung.android.MtpApplication
D/SettingsProvider(  901): name = mtp_running_status
D/SettingsProvider(  901): name = mtp_usb_conditions_met
E/MTPRx   (11318): else part ... so first time!!!
E/MTPPlaObsrvr(11318): inside setContext()
E/MTPPlaObsrvr(11318):  inside createplafiles
E/MTPPlaObsrvr(11318): playlist count is0
E/MTPPlaObsrvr(11318):  inside try branch createplafiles
E/MTPPlaObsrvr(11318):  inside deleteing plas createplafiles
E/MTPPlaObsrvr(11318): Inside registerContentObserver
I/OMXCodec(  308): OMXCodec::read : mch : 2, DDPoutput : 2
E/MtpAdbObserver(11318): inside setContext()
E/MtpAdbObserver(11318): Inside registerContentObserver
W/Settings(11318): Setting adb_enabled has moved from android.provider.Settings.System to android.provider.Settings.Global, returning read-only global URI.
D/SettingsProvider(  901): name = mtp_running_status
D/SettingsProvider(  901): name = mtp_usb_conditions_met
E/MtpService(11318): onCreate.
D/ActivityManager(  901): startService callerProcessName:com.samsung.android.MtpApplication, calleePkgName: com.samsung.android.MtpApplication
D/ActivityManager(  901): startService callerProcessName:com.android.providers.media, calleePkgName: com.android.providers.media
D/ActivityManager(  901): bindService callerProcessName:com.android.providers.media, calleePkgName: com.android.providers.media, action: null
E/MtpService(11318): < MTP > Registering BroadCast receiver :::::
E/MtpService(11318): < MTP > Registering BroadCast registerBroadCastPolicyRec :::::
D/MtpService(14244): updating state; isCurrentUser=true, mMtpLocked=false
D/MtpService(14244): addStorageLocked 65537 /storage/emulated/0
E/MtpService(11318): < MTP > Registering BroadCast registerBroadCastEmergencyRec :::::
D/MtpService(14244): updating state; isCurrentUser=true, mMtpLocked=false
E/MtpService(11318): onStartCommand.
I/OMXCodec(  308): OMXCodec::read : mch : 2, DDPoutput : 2
I/OMXCodec(  308): OMXCodec::read : mch : 2, DDPoutput : 2
W/MTPRx   (11318): calling native method
E/MTPJNIInterface(11318): < MTP > Registering BroadCast receiver :::::
E/MtpService(11318): handleMessage. msg= { when=-1ms what=0 arg1=1 obj=Intent { cmp=com.samsung.android.MtpApplication/.MtpService } target=com.samsung.android.MtpApplication.MtpService$ServiceHandler }
E/MTPJNIInterface(11318): < MTP > Registering BroadCast receiver :::::::
D/MtpService(14244): starting MTP server in MTP mode
E/MtpServerJNI(14244): could not open MTP driver, errno: 2
E/MTPJNIInterface(11318): noti = 10
E/MtpService(11318): onStartCommand.
W/MTPRx   (11318): calling native method
E/MTPRx   (11318): Checking the driver time out
E/MTPJNIInterface(11318): noti = 2
D/        (11318): deleting sockets before message queue initialization
E/MtpService(11318): handleMessage. msg= { when=0 what=0 arg1=2 obj=Intent { cmp=com.samsung.android.MtpApplication/.MtpService } target=com.samsung.android.MtpApplication.MtpService$ServiceHandler }
D/        (11318): event handler thread is created, so set the flag
E/MTPRx   (11318): called native method
E/MTPJNIInterface(11318): setting Media scanner status0
E/MTPJNIInterface(11318): After setting Media scanner status0
W/MTPRx   (11318): notification from stack 1
D/MtpService(14244): addStorageLocked 65537 /storage/emulated/0
E/MtpServerJNI(14244): server is null in add_storage
E/        (11318): Unable to get Object Class and clearing cls 2 [int check_media_scanner_status() 594]
E/MTPJNIInterface(11318): Getting media scanner status0
E/MtpServerJNI(14244): server is null in run
E/MtpServerJNI(14244): server is null in cleanup
E/MTPJNIInterface(11318): DeviceName is Sunette (Galaxy S4)
E/MtpServerJNI(14244): server is null in send_object_removed
I/iu.FingerprintManager( 8102): Start processing media store URI: content://media/external/images/media
I/iu.UploadsManager( 8102): num queued entries: 0
I/OMXCodec(  308): OMXCodec::read : mch : 2, DDPoutput : 2
I/iu.FingerprintManager( 8102): Start processing media store URI: content://media/external/video/media
I/iu.FingerprintManager( 8102): Start processing media store URI: content://media/phoneStorage/images/media
I/iu.FingerprintManager( 8102): Start processing media store URI: content://media/phoneStorage/video/media
I/iu.FingerprintManager( 8102): Finished generating fingerprints; 0,346 seconds
I/iu.FingerprintManager( 8102):   numSeen=90 numGenerated=0 numDeleted=0 numFailed=0
I/OMXCodec(  308): OMXCodec::read : mch : 2, DDPoutput : 2
E/        (11318): Error Code returned 0x0. [setSecureClockInDevProp 174]
I/OMXCodec(  308): OMXCodec::read : mch : 2, DDPoutput : 2
I/OMXCodec(  308): OMXCodec::read : mch : 2, DDPoutput : 2
I/OMXCodec(  308): OMXCodec::read : mch : 2, DDPoutput : 2
I/AudioPlayer(  308): getNumFramesPendingPlayout() mNumFramesPlayed (24576), numFramesPlayedOut (21084)
V/AwesomePlayer(  308): postAudioEOS delayUs (271385)
D/StatusBar.NetworkController( 1282): refreshViews connected={ wifi } level=4 combinedSignalIconId=0x7f020517/com.android.systemui:drawable/stat_sys_wifi_signal_4 mobileLabel=Emergency calls only wifiLabel="27 Lambert"xxxxXXXXxxxxXXXX emergencyOnly=true combinedLabel="27 Lambert"xxxxXXXXxxxxXXXX mAirplaneMode=false mDataActivity=0 mPhoneSignalIconId=0x7f0204ba/com.android.systemui:drawable/stat_sys_signal_4_auto_rotate mQSPhoneSignalIconId=0x7f02012d/com.android.systemui:drawable/ic_qs_signal_4 mDataDirectionIconId=0x0/(null) mDataSignalIconId=0x7f0204ba/com.android.systemui:drawable/stat_sys_signal_4_auto_rotate mDataTypeIconId=0x0/(null) mQSDataTypeIconId=0x0/(null) mNoSimIconId=0x0/(null) mWifiIconId=0x7f020517/com.android.systemui:drawable/stat_sys_wifi_signal_4 mQSWifiIconId=0x7f020143/com.android.systemui:drawable/ic_qs_wifi_4 mWifiActivityIconId=0x7f0204e6/com.android.systemui:drawable/stat_sys_signal_in mBluetoothTetherIconId=0x10808cc/android:drawable/stat_sys_tether_bluetooth
D/STATUSBAR-WifiQuickSettingButton( 1282): onWifiSignalChanged enabled=true enabledDesc:"27 Lambert"
D/StatusBar.NetworkController( 1282): refreshSignalCluster - setNWBoosterIndicators(false)
D/StatusBar.NetworkController( 1282): applyOpen
D/StatusBar.NetworkController( 1282): refreshSignalCluster - setNWBoosterIndicators(false)
D/StatusBar.NetworkController( 1282): applyOpen
D/StatusBar.NetworkController( 1282): refreshSignalCluster - setNWBoosterIndicators(false)
D/StatusBar.NetworkController( 1282): applyOpen
D/StatusBar.NetworkController( 1282): refreshSignalCluster - setNWBoosterIndicators(false)
D/StatusBar.NetworkController( 1282): applyOpen
D/SurfaceFlinger(  278): FPS : 4.16
W/SurfaceFlinger(  278): Fail to Open /sys/devices/platform/gpusysfs/fps
D/DataRouter(  304): dr_usb_deinit
D/DataRouter(  304): Initialise USB and start the thread
D/DataRouter(  304): dr_usb_init
E/DataRouter(  304): USB Interface is open with 0xa
D/DataRouter(  304): USB interface is now configured for usb_fd = 0xa
D/DataRouter(  304): monitor_data_of_usb
D/DataRouter(  304): USB monitor thread launched, usb_fd= 0xa
D/DataRouter(  304): Before the usb select
I/iu.UploadsManager( 8102): num updated entries: 0
V/FA      (11166): Inactivity, disconnecting from the service
I/iu.SyncManager( 8102): NEXT; no task
I/Finsky  (32713): [43007] com.google.android.finsky.h.c.a(22): Completed 0 account content syncs with 0 successful.
I/Finsky  (32713): [1] com.google.android.finsky.services.e.a(5): Installation state replication succeeded.
V/AwesomePlayer(  308): onCheckAudioStatus
V/AwesomePlayer(  308): onCheckAudioStatus() set AUDIO_AT_EOS flag
V/AwesomePlayer(  308): onStreamDone
V/AwesomePlayer(  308): MEDIA_PLAYBACK_COMPLETE
V/AwesomePlayer(  308): notifyListner_l() msg (2-MEDIA_PLAYBACK_COMPLETE), ext1 (0), ext2 (0)
V/MediaPlayerService(  308): [170] notify (0xb2c86100, 2, 0, 0)
V/AwesomePlayer(  308): notifyListner_l() msg (7-MEDIA_PAUSED), ext1 (0), ext2 (0)
V/MediaPlayerService(  308): [170] notify (0xb2c86100, 7, 0, 0)
V/AwesomePlayer(  308): cancelPlayerEvents (keepNotifications=1)
V/AudioSink(  308): stop
V/AwesomePlayer(  308): addBatteryData
V/MediaPlayer( 1282): message received msg=2, ext1=0, ext2=0
V/MediaPlayer( 1282): playback complete
V/MediaPlayer( 1282): callback application
V/MediaPlayer( 1282): back from callback
V/MediaPlayer( 1282): message received msg=7, ext1=0, ext2=0
I/MediaFocusControl(  901):  AudioFocus  abandonAudioFocus() from android.media.AudioManager$2b3df798
V/MediaPlayer( 1282): unrecognized message: (7, 0, 0)
V/MediaPlayer( 1282): callback application
W/MessageQueue( 1282): Handler (android.media.MediaPlayer$EventHandler) {8117372} sending message to a Handler on a dead thread
W/MessageQueue( 1282): java.lang.IllegalStateException: Handler (android.media.MediaPlayer$EventHandler) {8117372} sending message to a Handler on a dead thread
W/MessageQueue( 1282): 	at android.os.MessageQueue.enqueueMessage(MessageQueue.java:325)
W/MessageQueue( 1282): 	at android.os.Handler.enqueueMessage(Handler.java:631)
W/MessageQueue( 1282): 	at android.os.Handler.sendMessageAtTime(Handler.java:600)
W/MessageQueue( 1282): 	at android.os.Handler.sendMessageDelayed(Handler.java:570)
W/MessageQueue( 1282): 	at android.os.Handler.sendMessage(Handler.java:507)
W/MessageQueue( 1282): 	at android.media.MediaPlayer.postEventFromNative(MediaPlayer.java:3627)
V/MediaPlayer( 1282): back from callback
D/StatusBar.NetworkController( 1282): onSignalStrengthsChanged signalStrength=SignalStrength: 11 99 -120 -160 -120 -1 -1 99 2147483647 2147483647 2147483647 -1 2147483647 0x3 gsm|lte level=3
D/StatusBar.NetworkController( 1282): updateTelephonySignalStrength: hasService=true ss=SignalStrength: 11 99 -120 -160 -120 -1 -1 99 2147483647 2147483647 2147483647 -1 2147483647 0x3 gsm|lte
D/StatusBar.NetworkController( 1282): updateTelephonySignalStrength: iconLevel=3
D/StatusBar.NetworkController( 1282): updateTelephonySignalStrength, No signal level. mPhoneSignalIconId = com.android.systemui:drawable/stat_sys_signal_3_auto_rotate mDataSignalIconId = com.android.systemui:drawable/stat_sys_signal_3_auto_rotate mQSPhoneSignalIconId = com.android.systemui:drawable/ic_qs_signal_3 mContentDescriptionPhoneSignal = Phone three bars.
D/StatusBar.NetworkController( 1282): refreshViews connected={ wifi } level=3 combinedSignalIconId=0x7f020517/com.android.systemui:drawable/stat_sys_wifi_signal_4 mobileLabel=Emergency calls only wifiLabel="27 Lambert"xxxxXXXXxxxxXXXX emergencyOnly=true combinedLabel="27 Lambert"xxxxXXXXxxxxXXXX mAirplaneMode=false mDataActivity=0 mPhoneSignalIconId=0x7f02048e/com.android.systemui:drawable/stat_sys_signal_3_auto_rotate mQSPhoneSignalIconId=0x7f02012b/com.android.systemui:drawable/ic_qs_signal_3 mDataDirectionIconId=0x0/(null) mDataSignalIconId=0x7f02048e/com.android.systemui:drawable/stat_sys_signal_3_auto_rotate mDataTypeIconId=0x0/(null) mQSDataTypeIconId=0x0/(null) mNoSimIconId=0x0/(null) mWifiIconId=0x7f020517/com.android.systemui:drawable/stat_sys_wifi_signal_4 mQSWifiIconId=0x7f020143/com.android.systemui:drawable/ic_qs_wifi_4 mWifiActivityIconId=0x7f0204e6/com.android.systemui:drawable/stat_sys_signal_in mBluetoothTetherIconId=0x10808cc/android:drawable/stat_sys_tether_bluetooth
D/STATUSBAR-WifiQuickSettingButton( 1282): onWifiSignalChanged enabled=true enabledDesc:"27 Lambert"
D/StatusBar.NetworkController( 1282): refreshSignalCluster - setNWBoosterIndicators(false)
D/StatusBar.NetworkController( 1282): applyOpen
D/StatusBar.NetworkController( 1282): refreshSignalCluster - setNWBoosterIndicators(false)
D/StatusBar.NetworkController( 1282): applyOpen
D/StatusBar.NetworkController( 1282): refreshSignalCluster - setNWBoosterIndicators(false)
D/StatusBar.NetworkController( 1282): applyOpen
D/StatusBar.NetworkController( 1282): refreshSignalCluster - setNWBoosterIndicators(false)
D/StatusBar.NetworkController( 1282): applyOpen
D/SurfaceFlinger(  278): FPS : 3.16
W/SurfaceFlinger(  278): Fail to Open /sys/devices/platform/gpusysfs/fps
V/AudioPolicyManager_legacy(  308): stopOutput() output 2, stream 5, session 336
V/AudioPolicyManager_legacy(  308): changeRefCount() stream 5, count 0
V/AudioPolicyManager_legacy(  308): getNewOutputDevice() selected device 0
V/AudioPolicyManager_legacy(  308): setOutputDevice() output 2 device 0000 delayMs 192
V/AudioPolicyManager_legacy(  308): setOutputDevice() prevDevice 0002
V/AudioPolicyManager_legacy(  308): setOutputDevice() setting same device 0000 or null device for output 2
D/UsbSettingsManager(  901): hasPermission++
D/UsbSettingsManager(  901): hasPermission: UsbDevice[mName=/dev/bus/usb/001/002,mVendorId=1478,mProductId=36940,mClass=0,mSubclass=0,mProtocol=0,mManufacturerName=Qualcomm, Incorporated,mProductName=Qualcomm CDMA Technologies MSM,mSerialNumber=null,mConfigurations=[
D/UsbSettingsManager(  901): UsbConfiguration[mId=1,mName=Qualcomm Configuration,mAttributes=224,mMaxPower=250,mInterfaces=[
D/UsbSettingsManager(  901): UsbInterface[mId=0,mAlternateSetting=0,mName=null,mClass=255,mSubclass=255,mProtocol=255,mEndpoints=[
D/UsbSettingsManager(  901): UsbEndpoint[mAddress=129,mAttributes=2,mMaxPacketSize=512,mInterval=32]
D/UsbSettingsManager(  901): UsbEndpoint[mAddress=1,mAttributes=2,mMaxPacketSize=512,mInterval=32]]
D/UsbSettingsManager(  901): UsbInterface[mId=1,mAlternateSetting=0,mName=null,mClass=255,mSubclass=255,mProtocol=255,mEndpoints=[
D/UsbSettingsManager(  901): UsbEndpoint[mAddress=130,mAttributes=2,mMaxPacketSize=512,mInterval=32]
D/UsbSettingsManager(  901): UsbEndpoint[mAddress=2,mAttributes=2,mMaxPacketSize=512,mInterval=32]]
D/UsbSettingsManager(  901): UsbInterface[mId=2,mAlternateSetting=0,mName=null,mClass=255,mSubclass=255,mProtocol=255,mEndpoints=[
D/UsbSettingsManager(  901): UsbEndpoint[mAddress=131,mAttributes=2,mMaxPacketSize=512,mInterval=32]
D/UsbSettingsManager(  901): UsbEndpoint[mAddress=3,mAttributes=2,mMaxPacketSize=512,mInterval=32]]
D/UsbSettingsManager(  901): UsbInterface[mId=3,mAlternateSetting=0,mName=null,mClass=255,mSubclass=255,mProtocol=255,mEndpoints=[
D/UsbSettingsManager(  901): UsbEndpoint[mAddress=132,mAttributes=3,mMaxPacketSize=64,mInterval=5]
D/UsbSettingsManager(  901): UsbEndpoint[mAddress=133,mAttributes=2,mMaxPacketSize=512,mInterval=32]
D/UsbSettingsManager(  901): UsbEndpoint[mAddress=4,mAttributes=2,mMaxPacketSize=512,mInterval=32]]
D/UsbSettingsManager(  901): UsbInterface[mId=4,mAlternateSetting=0,mName=null,mClass=255,mSubclass=254,mProtocol=255,mEndpoints=[
D/UsbSettingsManager(  901): UsbEndpoint[mAddress=134,mAttributes=3,mMaxPacketSize=64,mInterval=5]
D/UsbSettingsManager(  901): UsbEndpoint[mAddress=135,mAttributes=2,mMaxPacketSize=512,mInterval=32]
D/UsbSettingsManager(  901): UsbEndpoint[mAddress=5,mAttributes=2,mMaxPacketSize=512,mInterval=32]]
D/UsbSettingsManager(  901): UsbInterface[mId=5,mAlternateSetting=0,mName=null,mClass=255,mSubclass=255,mProtocol=255,mEndpoints=[
D/UsbSettingsManager(  901): UsbEndpoint[mAddress=136,mAttributes=3,mMaxPacketSize=64,mInterval=5]
D/UsbSettingsManager(  901): UsbEndpoint[mAddress=137,mAttributes=2,mMaxPacketSize=512,mInterval=32]
D/UsbSettingsManager(  901): UsbEndpoint[mAddress=6,mAttributes=2,mMaxPacketSize=512,mInterval=32]]
D/UsbSettingsManager(  901): UsbInterface[mId=6,mAlternateSetting=0,mName=null,mClass=255,mSubclass=255,mProtocol=255,mEndpoints=[
D/UsbSettingsManager(  901): UsbEndpoint[mAddress=138,mAttributes=3,mMaxPacketSize=64,mInterval=5]
D/UsbSettingsManager(  901): UsbEndpoint[mAddress=139,mAttributes=2,mMaxPacketSize=512,mInterval=32]
D/UsbSettingsManager(  901): UsbEndpoint[mAddress=7,mAttributes=2,mMaxPacketSize=512,mInterval=32]]
D/UsbSettingsManager(  901): UsbInterface[mId=7,mAlternateSetting=0,mName=null,mClass=255,mSubclass=255,mProtocol=255,mEndpoints=[
D/UsbSettingsManager(  901): UsbEndpoint[mAddress=140,mAttributes=3,mMaxPacketSize=64,mInterval=5]
D/UsbSettingsManager(  901): UsbEndpoint[mAddress=141,mAttributes=2,mMaxPacketSize=512,mInterval=32]
D/UsbSettingsManager(  901): UsbEndpoint[mAddress=8,mAttributes=2,mMaxPacketSize=512,mInterval=32]]
D/UsbSettingsManager(  901): UsbInterface[mId=8,mAlternateSetting=0,mName=null,mClass=255,mSubclass=255,mProtocol=255,mEndpoints=[
D/UsbSettingsManager(  901): UsbEndpoint[mAddress=142,mAttributes=3,mMaxPacketSize=64,mInterval=5]
D/UsbSettingsManager(  901): UsbEndpoint[mAddress=143,mAttributes=2,mMaxPacketSize=512,mInterval=32]
D/UsbSettingsManager(  901): UsbEndpoint[mAddress=9,mAttributes=2,mMaxPacketSize=512,mInterval=32]]]]for {10286=true, 10295=true, 10296=true}
I/art     (  901): Explicit concurrent mark sweep GC freed 13147(880KB) AllocSpace objects, 0(0B) LOS objects, 21% free, 60MB/76MB, paused 3.265ms total 195.373ms
E/MTPJNIInterface(11318): Status for mount/Unmount :removed
E/MTPJNIInterface(11318): SDcard is not available
E/        (11318): [mtp_hidden_system_volume 189] Error opening file [error = Read-only file system] 
E/MTPJNIInterface(11318): Status for mount/Unmount :removed
E/MTPJNIInterface(11318): SDcard is not available
E/SQLiteLog(11318): (21) API call with NULL database connection pointer
E/SQLiteLog(11318): (21) misuse at line 105987 of [b3bb660af9]
E/SQLiteLog(11318): (21) API call with NULL database connection pointer
E/SQLiteLog(11318): (21) misuse at line 100651 of [b3bb660af9]
E/SQLiteLog(11318): (21) API call with NULL database connection pointer
E/SQLiteLog(11318): (21) misuse at line 100651 of [b3bb660af9]
E/SQLiteLog(11318): (21) API call with NULL database connection pointer
E/SQLiteLog(11318): (21) misuse at line 105987 of [b3bb660af9]
W/MTPRx   (11318): notification from stack 2
D/        (11318): [mtp_init_device] Library open with 32 bits.
D/        (11318): [mtp_init_device] Going to open(): /dev/usb_mtp_gadget
E/        (11318): [mtp_init_device 694]  After open the MTP fd = 32 and line = 694...
D/        (11318): [mtp_init_device] IOCTL SET_MTP_USER_PID Sucesss 
E/        (11318):  [sua_support_present:1277] returning false 
D/        (11318): *****Starting mtp_io()
W/MTPRx   (11318): notification from stack 3
D/        (11318): [mtp_start_io] source_thread Creation 
D/        (11318): [mtp_start_io] sink_thread Creation 
D/        (11318): [mtp_start_io:368] sink thread created so set th_sink
W/MTPRx   (11318): notification from stack 14
E/MTPRx   (11318): Open session has come  remove the  Message false
D/SettingsProvider(  901): name = mtp_open_session
W/MTPRx   (11318): notification from stack 3
W/MTPRx   (11318): notification from stack 14
E/MTPRx   (11318): Open session has come  remove the  Message false
D/SettingsProvider(  901): name = mtp_open_session
W/MTPRx   (11318): notification from stack 3
D/StatusBar.NetworkController( 1282): refreshViews connected={ wifi } level=3 combinedSignalIconId=0x7f020517/com.android.systemui:drawable/stat_sys_wifi_signal_4 mobileLabel=Emergency calls only wifiLabel="27 Lambert"xxxxXXXXxxxxXXXX emergencyOnly=true combinedLabel="27 Lambert"xxxxXXXXxxxxXXXX mAirplaneMode=false mDataActivity=0 mPhoneSignalIconId=0x7f02048e/com.android.systemui:drawable/stat_sys_signal_3_auto_rotate mQSPhoneSignalIconId=0x7f02012b/com.android.systemui:drawable/ic_qs_signal_3 mDataDirectionIconId=0x0/(null) mDataSignalIconId=0x7f02048e/com.android.systemui:drawable/stat_sys_signal_3_auto_rotate mDataTypeIconId=0x0/(null) mQSDataTypeIconId=0x0/(null) mNoSimIconId=0x0/(null) mWifiIconId=0x7f020517/com.android.systemui:drawable/stat_sys_wifi_signal_4 mQSWifiIconId=0x7f020143/com.android.systemui:drawable/ic_qs_wifi_4 mWifiActivityIconId=0x7f0204ea/com.android.systemui:drawable/stat_sys_signal_no_inout mBluetoothTetherIconId=0x10808cc/android:drawable/stat_sys_tether_bluetooth
D/STATUSBAR-WifiQuickSettingButton( 1282): onWifiSignalChanged enabled=true enabledDesc:"27 Lambert"
D/StatusBar.NetworkController( 1282): refreshSignalCluster - setNWBoosterIndicators(false)
D/StatusBar.NetworkController( 1282): applyOpen
D/StatusBar.NetworkController( 1282): refreshSignalCluster - setNWBoosterIndicators(false)
D/StatusBar.NetworkController( 1282): applyOpen
D/StatusBar.NetworkController( 1282): refreshSignalCluster - setNWBoosterIndicators(false)
D/StatusBar.NetworkController( 1282): applyOpen
D/StatusBar.NetworkController( 1282): refreshSignalCluster - setNWBoosterIndicators(false)
D/StatusBar.NetworkController( 1282): applyOpen
D/SurfaceFlinger(  278): FPS : 1.40
W/SurfaceFlinger(  278): Fail to Open /sys/devices/platform/gpusysfs/fps
D/StatusBar.NetworkController( 1282): onSignalStrengthsChanged signalStrength=SignalStrength: 11 99 -120 -160 -120 -1 -1 99 2147483647 2147483647 2147483647 -1 2147483647 0x3 gsm|lte level=3
D/StatusBar.NetworkController( 1282): updateTelephonySignalStrength: hasService=true ss=SignalStrength: 11 99 -120 -160 -120 -1 -1 99 2147483647 2147483647 2147483647 -1 2147483647 0x3 gsm|lte
D/StatusBar.NetworkController( 1282): updateTelephonySignalStrength: iconLevel=3
D/StatusBar.NetworkController( 1282): updateTelephonySignalStrength, No signal level. mPhoneSignalIconId = com.android.systemui:drawable/stat_sys_signal_3_auto_rotate mDataSignalIconId = com.android.systemui:drawable/stat_sys_signal_3_auto_rotate mQSPhoneSignalIconId = com.android.systemui:drawable/ic_qs_signal_3 mContentDescriptionPhoneSignal = Phone three bars.
D/StatusBar.NetworkController( 1282): refreshViews connected={ wifi } level=3 combinedSignalIconId=0x7f020517/com.android.systemui:drawable/stat_sys_wifi_signal_4 mobileLabel=Emergency calls only wifiLabel="27 Lambert"xxxxXXXXxxxxXXXX emergencyOnly=true combinedLabel="27 Lambert"xxxxXXXXxxxxXXXX mAirplaneMode=false mDataActivity=0 mPhoneSignalIconId=0x7f02048e/com.android.systemui:drawable/stat_sys_signal_3_auto_rotate mQSPhoneSignalIconId=0x7f02012b/com.android.systemui:drawable/ic_qs_signal_3 mDataDirectionIconId=0x0/(null) mDataSignalIconId=0x7f02048e/com.android.systemui:drawable/stat_sys_signal_3_auto_rotate mDataTypeIconId=0x0/(null) mQSDataTypeIconId=0x0/(null) mNoSimIconId=0x0/(null) mWifiIconId=0x7f020517/com.android.systemui:drawable/stat_sys_wifi_signal_4 mQSWifiIconId=0x7f020143/com.android.systemui:drawable/ic_qs_wifi_4 mWifiActivityIconId=0x7f0204ea/com.android.systemui:drawable/stat_sys_signal_no_inout mBluetoothTetherIconId=0x10808cc/android:drawable/stat_sys_tether_bluetooth
D/STATUSBAR-WifiQuickSettingButton( 1282): onWifiSignalChanged enabled=true enabledDesc:"27 Lambert"
E/Diag_Lib(11359):  Diag_LSM_Init: Failed to open handle to diag driver, error = 2
D/DataRouter(  304): After the usb select
D/DataRouter(  304): read length is zero
D/DataRouter(  304): dr_usb_deinit
D/DataRouter(  304): dr_usb_init
E/DataRouter(  304): USB Interface is open with 0xa
D/DataRouter(  304): USB interface is now configured for usb_fd = 0xa
E/MTPRx   (11318): state from USB_STATE event DISCONNECTED
E/        (11318): [mtp_simple_sink_thread, 282] !!!!!! read failed errno [5], error [I/O error]
V/UsbDeviceManager(  901): USB UEVENT: {USB_STATE=DISCONNECTED, SUBSYSTEM=android_usb, SEQNUM=330240, ACTION=change, DEVPATH=/devices/virtual/android_usb/android0}
E/MTPRx   (11318): stop observing and calling usbRemoved 
W/MTPRx   (11318): MTP_RUNNING_STATUS = 1
E/MTPRx   (11318):  sendbooster is false!
E/MTPRx   (11318): In usbRemoved Status bar enabled
W/MTPRx   (11318): notification from stack 21
E/MTPRx   (11318): Read Error Came false
E/MTPRx   (11318): Read Error Came so calling usbRemoved()
W/MTPRx   (11318): MTP_RUNNING_STATUS = 1
E/MTPRx   (11318):  sendbooster is false!
E/MTPRx   (11318): In usbRemoved Status bar enabled
W/ContextImpl(11318): Calling a method in the system process without a qualified user: android.app.ContextImpl.sendBroadcast:1699 android.content.ContextWrapper.sendBroadcast:391 android.content.ContextWrapper.sendBroadcast:391 com.samsung.android.MtpApplication.MtpReceiver.usbRemoved:811 com.samsung.android.MtpApplication.MtpReceiver.access$200:92 
D/BatteryService(  901): !@BatteryListener : batteryPropertiesChanged!
I/BatteryStatsImpl(  901): Resetting battery stats: level=95 status=2 dischargeLevel=95 lowAmount=0 highAmount=0
E/MTPRx   (11318): Sending Broadcast
D/SettingsProvider(  901): name = mtp_usb_conditions_met
D/SettingsProvider(  901): name = mtp_running_status
D/[MyFiles](11606): MainActivity::Myfiles : android.intent.action.MTP_FILE_SCAN
E/        (11318): [mtp_simple_sink_thread 329] read error [0] [Success]
W/ContextImpl(11318): Calling a method in the system process without a qualified user: android.app.ContextImpl.sendBroadcast:1699 android.content.ContextWrapper.sendBroadcast:391 android.content.ContextWrapper.sendBroadcast:391 com.samsung.android.MtpApplication.MtpReceiver.usbRemoved:811 com.samsung.android.MtpApplication.MtpReceiver.access$200:92 
D/NetworkStatsFactory(  901): UpdateStatsForKnox
D/NetworkStatsFactory(  901): UpdateStatsForKnox
E/MTPRx   (11318): Sending Broadcast
D/SettingsProvider(  901): name = mtp_usb_conditions_met
D/SettingsProvider(  901): name = mtp_running_status
D/SettingsProvider(  901): name = mtp_usb_connection_status
D/SettingsProvider(  901): name = mtp_drive_display
D/SettingsProvider(  901): name = mtp_sync_alive
D/SettingsProvider(  901): name = mtp_usb_connection_status
D/SettingsProvider(  901): name = sdcard_launch
D/SettingsProvider(  901): name = mtp_open_session
D/SettingsProvider(  901): name = mtp_drive_display
D/SettingsProvider(  901): name = mtp_sync_alive
D/SettingsProvider(  901): name = sdcard_launch
D/SettingsProvider(  901): name = mtp_open_session
W/ContextImpl(11318): Calling a method in the system process without a qualified user: android.app.ContextImpl.stopService:2070 android.content.ContextWrapper.stopService:538 android.content.ContextWrapper.stopService:538 com.samsung.android.MtpApplication.MtpReceiver.usbRemoved:821 com.samsung.android.MtpApplication.MtpReceiver.access$200:92 
W/ContextImpl(11318): Calling a method in the system process without a qualified user: android.app.ContextImpl.stopService:2070 android.content.ContextWrapper.stopService:538 android.content.ContextWrapper.stopService:538 com.samsung.android.MtpApplication.MtpReceiver.usbRemoved:821 com.samsung.android.MtpApplication.MtpReceiver.access$200:92 
D/MediaScannerReceiver(14244): action: android.intent.action.MTP_FILE_SCAN
E/MtpService(11318): onDestroy.
D/[MyFiles](11606): MainActivity::Myfiles : android.intent.action.MTP_FILE_SCAN
D/BatteryService(  901): level:95, scale:100, status:3, health:2, present:true, voltage: 4143, temperature: 234, technology: Li-ion, AC powered:false, USB powered:false, Wireless powered:false, icon:17303673, invalid charger:0
D/BatteryService(  901): online:1, current avg:460, charge type:0, power sharing:false, high voltage charger:false, capacity:280000, current_now:460
D/BatteryService(  901): Sending ACTION_BATTERY_CHANGED.
D/ActivityManager(  901): startService callerProcessName:com.android.providers.media, calleePkgName: com.android.providers.media
D/KeyguardUpdateMonitor( 1282): received broadcast android.intent.action.BATTERY_CHANGED
D/PowerManagerService(  901): [api] updateIsPoweredLocked : mIsPowered: false mPlugType: 0
D/KeyguardUpdateMonitor( 1282): handleBatteryUpdate
E/MtpService(11318): Unregister Mtp disable Receiver
E/MtpService(11318): Receiver not registered: com.samsung.android.MtpApplication.MtpService$1@2d146034
E/MtpService(11318): Unregister mtpEmergencyReceiver
E/MtpService(11318): Receiver not registered: com.samsung.android.MtpApplication.MtpService$2@334fe5d
E/MtpService(11318): unregistering mtpMediaReceiver in UnregisterAllIntent
E/MtpService(11318): Receiver not registered: com.samsung.android.MtpApplication.MtpService$3@17655707
E/MTPJNIInterface(11318): noti = 3
D/        (11318): USB_MTP_ENABLED AND usb_ptp_enabled!
D/        (11318): __mtp_handler_eh_notify: USB plugged out.
D/        (11318): [__mtp_handler_eh_notify:624] is_connected = 1 and is_enumeration_finished = 1
D/        (11318):  [__mtp_handler_eh_notify:665] Enumeration is Complete and hence exiting the Mtp App 
I/MotionRecognitionService(  901): Unplugged
D/MotionRecognitionService(  901):   mReceiver.onReceive : ACTION_POWER_DISCONNECTED
I/MotionRecognitionService(  901): mGripSensorEnabled = false
D/UsbDeviceManager(  901): received ACTION_POWER_DISCONNECTED = -1
D/UsbDeviceManager(  901): handleMessage -> MSG_POWER_STATE = 0
D/UsbDeviceManager(  901): sending intent : ACTION_USB_CABLE_STATE : connected = false
D/PowerUI.Notification( 1282): updateNotificationSEC : No notification
D/STATUSBAR-PhoneStatusBar( 1282):  mBrightnessEnablebySettings = true mBrightnessEnablebyBattery = true mBrightnessEnablebyDisableFlag = true mPmsBrightnessEnablebySettings = true
D/BatteryMeterView( 1282): ACTION_BATTERY_CHANGED : level:95 status:3 health:2
D/BatteryMeterView( 1282): ACTION_BATTERY_CHANGED : level:95 status:3 health:2
D/BatteryMeterView( 1282): ACTION_BATTERY_CHANGED : level:95 status:3 health:2
D/        (11318): gbin_sem_mtp semphore destroy successful
D/        (11318): [__mtp_handler_eh_notify:729] sending event to event handler thread to close...
D/        (11318): [__mtp_handler_eh_notify:738] starting mtp_deinitialize() ...
D/        (11318):  cleaning MP3 properties
D/        (11318):  cleaning WMA properties
D/        (11318):  cleaning WMV properties
D/        (11318):  cleaning ALBUM properties
D/        (11318):  cleaning default properties
D/        (11318): [__mtp_handler_eh_notify:764] Checking for MMC_INSERTED and kill data threads ...
D/        (11318): [__mtp_handler_eh_notify:775] calling mtp_g_fs_mtp_init() ...
D/        (11318):  ************** In mtp_g_fs_mtp_init to kill the threads
D/        (11318): [mtp_g_fs_mtp_init] ********* gfs_mode = 0 mtp_clean_usb_driver  
D/        (11318): [mtp_g_fs_mtp_init] ************ Calling mtp_usb_mtp_finalize fn
E/        (11318): ****** [mtp_usb_mtp_finalize 1221] mtp_close_fd Calling 
E/        (11318): [mtp_close_fd 109]  fd = 32...
E/        (11318): [mtp_close_fd 114] USB endpoint [32] closed...
E/        (11318): ****** [mtp_usb_mtp_finalize 1224] Updating the gInitializeFlag Flag to FALSE 
E/        (11318): ****** [mtp_usb_mtp_finalize 1227] Calling mtp_stop_io 
D/        (11318): mtp_stop_io going to kill source thread, th_source value = 1
I/CAE     (  901): handleMessage(CaPowerManager.java:197) - POWER_DISCONNECTED
I/CAE     (  901): sendCmdToSensorHub(SensorHubCommManager.java:144) - -76, 13, -41, 0,
D/SensorHubManager(  901): SendSensorHubData: send data = -76, 13, -41, 0
D/Sensorhubs(  312): sendContextData: -76, 13, -41, 0
D/BatteryMeterView( 1282): onDraw batteryColor : -1
I/ActivityManager(  901): Process com.samsung.android.MtpApplication (pid 11318)(adj 0) has died(41,379)
D/ActivityManager(  901): cleanUpApplicationRecord -- 11318
D/SurfaceFlinger(  278): FPS : 0.96
W/SurfaceFlinger(  278): Fail to Open /sys/devices/platform/gpusysfs/fps
D/[MyFiles](11606): MainActivity::Receive == android.intent.action.MEDIA_SCANNER_STARTED
D/MediaScannerService(14244): !@start scanning volume external: [/storage/emulated/0, /storage/extSdCard, /storage/Private, /storage/UsbDriveA, /storage/UsbDriveB, /storage/UsbDriveC, /storage/UsbDriveD, /storage/UsbDriveE, /storage/UsbDriveF]
D/MediaScannerReceiver(14244): action: android.intent.action.MTP_FILE_SCAN
D/ActivityManager(  901): startService callerProcessName:com.android.providers.media, calleePkgName: com.android.providers.media
D/MediaProvider(14244): savePlaylistTableInBulkDeleter started
D/MediaProvider(14244): savePlaylistTableInBulkDeleter started - audio_playlists_map_cache existed
D/MediaProvider(14244): savePlaylistTableInBulkDeleter started - audio_playlists_map_cache is empty
D/MediaProvider(14244): savePlaylistTableInBulkDeleter finished
D/MediaProvider(14244): savePlaylistTableInBulkDeleter started
I/KIES_RECEIVE(11074): [APK BnR] Receive KIES_USB_DISCONNECT
D/MediaProvider(14244): savePlaylistTableInBulkDeleter started - audio_playlists_map_personal_cache existed
D/MediaProvider(14244): savePlaylistTableInBulkDeleter started - audio_playlists_map_personal_cache is empty
D/MediaProvider(14244): savePlaylistTableInBulkDeleter finished
W/ContextImpl(11074): Calling a method in the system process without a qualified user: android.app.ContextImpl.stopService:2070 android.content.ContextWrapper.stopService:538 android.content.ContextWrapper.stopService:538 com.sec.android.Kies.kies_receiver.onReceive:168 android.app.ActivityThread.handleReceiver:3002 
D/MediaScanner(14244): Prescan. DB items number : 771 DB_FILES_NUMBER_CACHING_LIMITATION : 7000  Caching mode : true
E/TranscodeReceiver( 8388): onReceive : android.intent.action.ACTION_POWER_DISCONNECTED
D/TranscodeService( 8388): onDestroy()
D/TranscodeService( 8388): releaseTranscodeThread.
I/KnoxUsageLogPro(11089): KnoxUsageReceiver onReceive :android.intent.action.ACTION_POWER_DISCONNECTED myUserId=0
I/KnoxUsageLogPro(11089): premStatus:2
I/KnoxUsageLogPro(11089): isEulaShown : false
I/KnoxUsageLogPro(11089): KnoxUsageReceiver onReceive : not Processible, just return
V/ApplicationPolicy(  901): isApplicationStateBlocked userId 0 pkgname com.sec.android.app.videoplayer
I/iu.Environment( 8102): update battery state; isPlugged? false*
V/MediaScanner(14244): processDirectory :  /storage/emulated/0
D/MediaScanner(14244): Skipping:
D/MediaScanner(14244): 7klwibgf7fvntblfd7(75ebcf7
D/MediaScanner(14244): Skipping:
D/MediaScanner(14244): 7klwibgf7fvntblfd7(7DCRV75lpnvaubrtk7
D/[MyFiles](11606): MainActivity::refreshActivity mCurrentView :0
I/[MyFiles](11606): AllFileBrowser::refreshActivity
I/[MyFiles](11606): AllFileBrowser::refresh by MediaMount
I/[MyFiles](11606): AllFileBrowser::Call showWaitProgressDialog : true
I/[MyFiles](11606): AllFileBrowser::finish browseTo : 
I/[MyFiles](11606): AllFileBrowser::load file list => start
D/[MyFiles](11606): AllFileBrowser::Loading handler - start
D/MediaScanner(14244): Skipping:
D/MediaScanner(14244): 7klwibgf7fvntblfd7(7Budiwrd7dblb7
D/[MyFiles](11606): AllFileBrowser::fill - size : 9
I/[MyFiles](11606): AllFileBrowser::load file list => finish
I/[MyFiles](11606): AllFileBrowser::sort after loading => start
I/[MyFiles](11606): AllFileBrowser::sort after loading => finish
I/[MyFiles](11606): ListAdapter::clearAll
V/[MyFiles](11606): ListAdapter::/ImageThumbnailManager.onPause
I/PathIndicator(11606): setPath() - folderPath : /storage/emulated/0/Pictures/Screenshots
V/[MyFiles](11606): ListAdapter::ThumbnailUpdateThread - Stopping update here image-thumbnail-manager
I/[MyFiles](11606): AllFileBrowser::updateAdapter => start
I/[MyFiles](11606): AllFileBrowser::File Count : 9
I/[MyFiles](11606): AllFileBrowser::updateAdapter => finish
I/[MyFiles](11606): AllFileBrowser::Call showWaitProgressDialog : false
I/[MyFiles](11606): AllFileBrowser::showWaitProgressDialog false
D/[MyFiles](11606): AllFileBrowser::Loading handler - finish
D/[MyFiles](11606): MainActivity::onPrepareOptionsMenu mCurrentView :0
D/[MyFiles](11606): AllFileBrowser::onPrepareOptionsMenu
W/ExifInterface(11606): Invalid image.
W/ExifInterface(11606): java.io.IOException: Invalid marker: 89
W/ExifInterface(11606): 	at android.media.ExifInterface.getJpegAttributes(ExifInterface.java:1607)
W/ExifInterface(11606): 	at android.media.ExifInterface.loadAttributes(ExifInterface.java:1336)
W/ExifInterface(11606): 	at android.media.ExifInterface.<init>(ExifInterface.java:1053)
W/ExifInterface(11606): 	at com.sec.android.app.myfiles.MediaLoader.getExifOrientation(MediaLoader.java:627)
W/ExifInterface(11606): 	at com.sec.android.app.myfiles.MediaLoader.getSampleSizeBitmap(MediaLoader.java:603)
W/ExifInterface(11606): 	at com.sec.android.app.myfiles.MediaLoader.getImageBitmap(MediaLoader.java:190)
W/ExifInterface(11606): 	at com.sec.android.app.myfiles.SimpleIcon.thumbnailBitmap(SimpleIcon.java:79)
W/ExifInterface(11606): 	at com.sec.android.app.myfiles.ImageLoader$1.run(ImageLoader.java:244)
W/ExifInterface(11606): 	at java.lang.Thread.run(Thread.java:818)
I/iu.UploadsManager( 8102): num queued entries: 0
W/ExifInterface(11606): Invalid image.
W/ExifInterface(11606): java.io.IOException: Invalid marker: 89
W/ExifInterface(11606): 	at android.media.ExifInterface.getJpegAttributes(ExifInterface.java:1607)
W/ExifInterface(11606): 	at android.media.ExifInterface.loadAttributes(ExifInterface.java:1336)
W/ExifInterface(11606): 	at android.media.ExifInterface.<init>(ExifInterface.java:1053)
W/ExifInterface(11606): 	at com.sec.android.app.myfiles.MediaLoader.getExifOrientation(MediaLoader.java:627)
W/ExifInterface(11606): 	at com.sec.android.app.myfiles.MediaLoader.getSampleSizeBitmap(MediaLoader.java:603)
W/ExifInterface(11606): 	at com.sec.android.app.myfiles.MediaLoader.getImageBitmap(MediaLoader.java:190)
W/ExifInterface(11606): 	at com.sec.android.app.myfiles.SimpleIcon.thumbnailBitmap(SimpleIcon.java:79)
W/ExifInterface(11606): 	at com.sec.android.app.myfiles.ImageLoader$1.run(ImageLoader.java:244)
W/ExifInterface(11606): 	at java.lang.Thread.run(Thread.java:818)
W/ExifInterface(11606): Invalid image.
W/ExifInterface(11606): java.io.IOException: Invalid marker: 89
W/ExifInterface(11606): 	at android.media.ExifInterface.getJpegAttributes(ExifInterface.java:1607)
W/ExifInterface(11606): 	at android.media.ExifInterface.loadAttributes(ExifInterface.java:1336)
W/ExifInterface(11606): 	at android.media.ExifInterface.<init>(ExifInterface.java:1053)
W/ExifInterface(11606): 	at com.sec.android.app.myfiles.MediaLoader.getExifOrientation(MediaLoader.java:627)
W/ExifInterface(11606): 	at com.sec.android.app.myfiles.MediaLoader.getSampleSizeBitmap(MediaLoader.java:603)
W/ExifInterface(11606): 	at com.sec.android.app.myfiles.MediaLoader.getImageBitmap(MediaLoader.java:190)
W/ExifInterface(11606): 	at com.sec.android.app.myfiles.SimpleIcon.thumbnailBitmap(SimpleIcon.java:79)
W/ExifInterface(11606): 	at com.sec.android.app.myfiles.ImageLoader$1.run(ImageLoader.java:244)
W/ExifInterface(11606): 	at java.lang.Thread.run(Thread.java:818)
D/UsbSettingsManager(  901): hasPermission++
D/UsbSettingsManager(  901): hasPermission: UsbDevice[mName=/dev/bus/usb/001/002,mVendorId=1478,mProductId=36940,mClass=0,mSubclass=0,mProtocol=0,mManufacturerName=Qualcomm, Incorporated,mProductName=Qualcomm CDMA Technologies MSM,mSerialNumber=null,mConfigurations=[
D/UsbSettingsManager(  901): UsbConfiguration[mId=1,mName=Qualcomm Configuration,mAttributes=224,mMaxPower=250,mInterfaces=[
D/UsbSettingsManager(  901): UsbInterface[mId=0,mAlternateSetting=0,mName=null,mClass=255,mSubclass=255,mProtocol=255,mEndpoints=[
D/UsbSettingsManager(  901): UsbEndpoint[mAddress=129,mAttributes=2,mMaxPacketSize=512,mInterval=32]
D/UsbSettingsManager(  901): UsbEndpoint[mAddress=1,mAttributes=2,mMaxPacketSize=512,mInterval=32]]
D/UsbSettingsManager(  901): UsbInterface[mId=1,mAlternateSetting=0,mName=null,mClass=255,mSubclass=255,mProtocol=255,mEndpoints=[
D/UsbSettingsManager(  901): UsbEndpoint[mAddress=130,mAttributes=2,mMaxPacketSize=512,mInterval=32]
D/UsbSettingsManager(  901): UsbEndpoint[mAddress=2,mAttributes=2,mMaxPacketSize=512,mInterval=32]]
D/UsbSettingsManager(  901): UsbInterface[mId=2,mAlternateSetting=0,mName=null,mClass=255,mSubclass=255,mProtocol=255,mEndpoints=[
D/UsbSettingsManager(  901): UsbEndpoint[mAddress=131,mAttributes=2,mMaxPacketSize=512,mInterval=32]
D/UsbSettingsManager(  901): UsbEndpoint[mAddress=3,mAttributes=2,mMaxPacketSize=512,mInterval=32]]
D/UsbSettingsManager(  901): UsbInterface[mId=3,mAlternateSetting=0,mName=null,mClass=255,mSubclass=255,mProtocol=255,mEndpoints=[
D/UsbSettingsManager(  901): UsbEndpoint[mAddress=132,mAttributes=3,mMaxPacketSize=64,mInterval=5]
D/UsbSettingsManager(  901): UsbEndpoint[mAddress=133,mAttributes=2,mMaxPacketSize=512,mInterval=32]
D/UsbSettingsManager(  901): UsbEndpoint[mAddress=4,mAttributes=2,mMaxPacketSize=512,mInterval=32]]
D/UsbSettingsManager(  901): UsbInterface[mId=4,mAlternateSetting=0,mName=null,mClass=255,mSubclass=254,mProtocol=255,mEndpoints=[
D/UsbSettingsManager(  901): UsbEndpoint[mAddress=134,mAttributes=3,mMaxPacketSize=64,mInterval=5]
D/UsbSettingsManager(  901): UsbEndpoint[mAddress=135,mAttributes=2,mMaxPacketSize=512,mInterval=32]
D/UsbSettingsManager(  901): UsbEndpoint[mAddress=5,mAttributes=2,mMaxPacketSize=512,mInterval=32]]
D/UsbSettingsManager(  901): UsbInterface[mId=5,mAlternateSetting=0,mName=null,mClass=255,mSubclass=255,mProtocol=255,mEndpoints=[
D/UsbSettingsManager(  901): UsbEndpoint[mAddress=136,mAttributes=3,mMaxPacketSize=64,mInterval=5]
D/UsbSettingsManager(  901): UsbEndpoint[mAddress=137,mAttributes=2,mMaxPacketSize=512,mInterval=32]
D/UsbSettingsManager(  901): UsbEndpoint[mAddress=6,mAttributes=2,mMaxPacketSize=512,mInterval=32]]
D/UsbSettingsManager(  901): UsbInterface[mId=6,mAlternateSetting=0,mName=null,mClass=255,mSubclass=255,mProtocol=255,mEndpoints=[
D/UsbSettingsManager(  901): UsbEndpoint[mAddress=138,mAttributes=3,mMaxPacketSize=64,mInterval=5]
D/UsbSettingsManager(  901): UsbEndpoint[mAddress=139,mAttributes=2,mMaxPacketSize=512,mInterval=32]
