D/UsbSettingsManager(  901): UsbEndpoint[mAddress=7,mAttributes=2,mMaxPacketSize=512,mInterval=32]]
D/UsbSettingsManager(  901): UsbInterface[mId=7,mAlternateSetting=0,mName=null,mClass=255,mSubclass=255,mProtocol=255,mEndpoints=[
D/UsbSettingsManager(  901): UsbEndpoint[mAddress=140,mAttributes=3,mMaxPacketSize=64,mInterval=5]
D/UsbSettingsManager(  901): UsbEndpoint[mAddress=141,mAttributes=2,mMaxPacketSize=512,mInterval=32]
D/UsbSettingsManager(  901): UsbEndpoint[mAddress=8,mAttributes=2,mMaxPacketSize=512,mInterval=32]]
D/UsbSettingsManager(  901): UsbInterface[mId=8,mAlternateSetting=0,mName=null,mClass=255,mSubclass=255,mProtocol=255,mEndpoints=[
D/UsbSettingsManager(  901): UsbEndpoint[mAddress=142,mAttributes=3,mMaxPacketSize=64,mInterval=5]
D/UsbSettingsManager(  901): UsbEndpoint[mAddress=143,mAttributes=2,mMaxPacketSize=512,mInterval=32]
D/UsbSettingsManager(  901): UsbEndpoint[mAddress=9,mAttributes=2,mMaxPacketSize=512,mInterval=32]]]]for {10286=true, 10295=true, 10296=true}
W/ExifInterface(11606): Invalid image.
W/ExifInterface(11606): java.io.IOException: Invalid marker: 89
W/ExifInterface(11606): 	at android.media.ExifInterface.getJpegAttributes(ExifInterface.java:1607)
W/ExifInterface(11606): 	at android.media.ExifInterface.loadAttributes(ExifInterface.java:1336)
W/ExifInterface(11606): 	at android.media.ExifInterface.<init>(ExifInterface.java:1053)
W/ExifInterface(11606): 	at com.sec.android.app.myfiles.MediaLoader.getExifOrientation(MediaLoader.java:627)
W/ExifInterface(11606): 	at com.sec.android.app.myfiles.MediaLoader.getSampleSizeBitmap(MediaLoader.java:603)
W/ExifInterface(11606): 	at com.sec.android.app.myfiles.MediaLoader.getImageBitmap(MediaLoader.java:190)
W/ExifInterface(11606): 	at com.sec.android.app.myfiles.SimpleIcon.thumbnailBitmap(SimpleIcon.java:79)
W/ExifInterface(11606): 	at com.sec.android.app.myfiles.ImageLoader$1.run(ImageLoader.java:244)
W/ExifInterface(11606): 	at java.lang.Thread.run(Thread.java:818)
I/iu.UploadsManager( 8102): num updated entries: 0
W/ExifInterface(11606): Invalid image.
W/ExifInterface(11606): java.io.IOException: Invalid marker: 89
W/ExifInterface(11606): 	at android.media.ExifInterface.getJpegAttributes(ExifInterface.java:1607)
W/ExifInterface(11606): 	at android.media.ExifInterface.loadAttributes(ExifInterface.java:1336)
W/ExifInterface(11606): 	at android.media.ExifInterface.<init>(ExifInterface.java:1053)
W/ExifInterface(11606): 	at com.sec.android.app.myfiles.MediaLoader.getExifOrientation(MediaLoader.java:627)
W/ExifInterface(11606): 	at com.sec.android.app.myfiles.MediaLoader.getSampleSizeBitmap(MediaLoader.java:603)
W/ExifInterface(11606): 	at com.sec.android.app.myfiles.MediaLoader.getImageBitmap(MediaLoader.java:190)
W/ExifInterface(11606): 	at com.sec.android.app.myfiles.SimpleIcon.thumbnailBitmap(SimpleIcon.java:79)
W/ExifInterface(11606): 	at com.sec.android.app.myfiles.ImageLoader$1.run(ImageLoader.java:244)
W/ExifInterface(11606): 	at java.lang.Thread.run(Thread.java:818)
D/MediaScanner(14244): Skipping:
D/MediaScanner(14244): 7klwibgf7fvntblfd7(75lpnvaubrtk7
I/iu.SyncManager( 8102): NEXT; no task
W/ExifInterface(11606): Invalid image.
W/ExifInterface(11606): java.io.IOException: Invalid marker: 89
W/ExifInterface(11606): 	at android.media.ExifInterface.getJpegAttributes(ExifInterface.java:1607)
W/ExifInterface(11606): 	at android.media.ExifInterface.loadAttributes(ExifInterface.java:1336)
W/ExifInterface(11606): 	at android.media.ExifInterface.<init>(ExifInterface.java:1053)
W/ExifInterface(11606): 	at com.sec.android.app.myfiles.MediaLoader.getExifOrientation(MediaLoader.java:627)
W/ExifInterface(11606): 	at com.sec.android.app.myfiles.MediaLoader.getSampleSizeBitmap(MediaLoader.java:603)
W/ExifInterface(11606): 	at com.sec.android.app.myfiles.MediaLoader.getImageBitmap(MediaLoader.java:190)
W/ExifInterface(11606): 	at com.sec.android.app.myfiles.SimpleIcon.thumbnailBitmap(SimpleIcon.java:79)
W/ExifInterface(11606): 	at com.sec.android.app.myfiles.ImageLoader$1.run(ImageLoader.java:244)
W/ExifInterface(11606): 	at java.lang.Thread.run(Thread.java:818)
V/MediaScanner(14244): processDirectory :  /storage/extSdCard
W/MediaScanner(14244): Error opening directory, reason : Permission denied.
W/MediaScanner(14244): 7klwibgf7fxlKdCbid7
D/[MyFiles](11606): MainActivity::Receive == android.intent.action.MEDIA_SCANNER_FINISHED
V/MediaScanner(14244):  prescan time: 128ms (DB items: 771)
V/MediaScanner(14244):     scan time: 375ms (Caching mode: true), (makeEntry time: 271ms ~72%),  (parsing time: 0ms ~0%),  (bitmapDecoding time: 0ms ~0%), (exifExtracting time : 0ms ~0%), (bulkInserter time : 0ms ~0%)
V/MediaScanner(14244): postscan time: 2ms (bulkDeleter : 0), (delete DeadThumbnail time : 0ms)
V/MediaScanner(14244):    total time: 505ms
V/MediaScanner(14244): checked files: 619  directories : 141  (I: 0, U: 0)
D/MediaScannerService(14244): !@done scanning volume external
D/MediaScannerService(14244): !@start scanning volume external: [/storage/emulated/0, /storage/extSdCard, /storage/Private, /storage/UsbDriveA, /storage/UsbDriveB, /storage/UsbDriveC, /storage/UsbDriveD, /storage/UsbDriveE, /storage/UsbDriveF]
E/CscFactoryReceiver( 1511): onReceive android.intent.action.MEDIA_SCANNER_FINISHED
D/CscFactoryReceiver( 1511): Media DB Scanner finished.
D/CscFactoryReceiver( 1511): start service to Set Ringtone
D/[MyFiles](11606): MainActivity::setSkipThumb = false
D/CscFactoryReceiver( 1511): start service to Set Notification
D/CscFactoryReceiver( 1511): start service to Set Alarmtone
D/CscUpdateService( 1511): onStart
E/CscUpdateService( 1511): costomer file is exists : it has been preconfiged.
D/CscUpdateService( 1511): only ringtone update
D/CscUpdateService( 1511): onStart
E/CscUpdateService( 1511): costomer file is exists : it has been preconfiged.
D/CscUpdateService( 1511): only notification update
D/CscUpdateService( 1511): onStart
E/CscUpdateService( 1511): costomer file is exists : it has been preconfiged.
D/CscUpdateService( 1511): only alarmtone update
D/[MyFiles](11606): MainActivity::Receive == android.intent.action.MEDIA_SCANNER_STARTED
E/CscParser( 1511): update(): xml file exist
E/CscParser( 1511): update(): xml file exist
D/ActivityManager(  901): startService callerProcessName:com.android.phone, calleePkgName: com.samsung.sec.android.application.csc
D/ActivityManager(  901): startService callerProcessName:com.android.phone, calleePkgName: com.samsung.sec.android.application.csc
D/ActivityManager(  901): startService callerProcessName:com.android.phone, calleePkgName: com.samsung.sec.android.application.csc
E/CscParser( 1511): update(): xml file exist
W/CSCSettings( 1511): Setting Ringtones (type) : 1
D/CscParser( 1511): RingTone: null
W/CSCSettings( 1511): 1. Tag_Str: null
W/CSCSettings( 1511): Setting Ringtones (type) : 2
D/CscParser( 1511): MessageTone: null
W/CSCSettings( 1511): 1. Tag_Str: null
W/CSCSettings( 1511): Setting Ringtones (type) : 4
D/CscParser( 1511): AlarmTone: null
W/CSCSettings( 1511): 1. Tag_Str: null
D/MediaProvider(14244): savePlaylistTableInBulkDeleter started
D/MediaProvider(14244): savePlaylistTableInBulkDeleter started - audio_playlists_map_cache existed
D/MediaProvider(14244): savePlaylistTableInBulkDeleter started - audio_playlists_map_cache is empty
D/MediaProvider(14244): savePlaylistTableInBulkDeleter finished
D/MediaProvider(14244): savePlaylistTableInBulkDeleter started
D/MediaProvider(14244): savePlaylistTableInBulkDeleter started - audio_playlists_map_personal_cache existed
D/MediaProvider(14244): savePlaylistTableInBulkDeleter started - audio_playlists_map_personal_cache is empty
D/MediaProvider(14244): savePlaylistTableInBulkDeleter finished
D/ActivityManager(  901): startService callerProcessName:com.sec.android.gallery3d, calleePkgName: com.sec.android.gallery3d
D/MediaScanner(14244): Prescan. DB items number : 771 DB_FILES_NUMBER_CACHING_LIMITATION : 7000  Caching mode : true
D/ActivityManager(  901): startService callerProcessName:com.sec.android.app.music, calleePkgName: com.sec.android.app.music
D/ContentApp(14244): startScan() is called.
D/ContentApp(14244): startScan() is end.
D/ContentApp(14244): face_restore FINISHED_TYPE: 3
D/FaceScanner(14244): isNeedToRestore : start
D/SMUSIC-Widget( 9550): There's no active widget.
D/StatusBar.NetworkController( 1282): onSignalStrengthsChanged signalStrength=SignalStrength: 10 99 -120 -160 -120 -1 -1 99 2147483647 2147483647 2147483647 -1 2147483647 0x3 gsm|lte level=3
D/StatusBar.NetworkController( 1282): updateTelephonySignalStrength: hasService=true ss=SignalStrength: 10 99 -120 -160 -120 -1 -1 99 2147483647 2147483647 2147483647 -1 2147483647 0x3 gsm|lte
D/StatusBar.NetworkController( 1282): updateTelephonySignalStrength: iconLevel=3
D/StatusBar.NetworkController( 1282): updateTelephonySignalStrength, No signal level. mPhoneSignalIconId = com.android.systemui:drawable/stat_sys_signal_3_auto_rotate mDataSignalIconId = com.android.systemui:drawable/stat_sys_signal_3_auto_rotate mQSPhoneSignalIconId = com.android.systemui:drawable/ic_qs_signal_3 mContentDescriptionPhoneSignal = Phone three bars.
D/StatusBar.NetworkController( 1282): refreshViews connected={ wifi } level=3 combinedSignalIconId=0x7f020517/com.android.systemui:drawable/stat_sys_wifi_signal_4 mobileLabel=Emergency calls only wifiLabel="27 Lambert"xxxxXXXXxxxxXXXX emergencyOnly=true combinedLabel="27 Lambert"xxxxXXXXxxxxXXXX mAirplaneMode=false mDataActivity=0 mPhoneSignalIconId=0x7f02048e/com.android.systemui:drawable/stat_sys_signal_3_auto_rotate mQSPhoneSignalIconId=0x7f02012b/com.android.systemui:drawable/ic_qs_signal_3 mDataDirectionIconId=0x0/(null) mDataSignalIconId=0x7f02048e/com.android.systemui:drawable/stat_sys_signal_3_auto_rotate mDataTypeIconId=0x0/(null) mQSDataTypeIconId=0x0/(null) mNoSimIconId=0x0/(null) mWifiIconId=0x7f020517/com.android.systemui:drawable/stat_sys_wifi_signal_4 mQSWifiIconId=0x7f020143/com.android.systemui:drawable/ic_qs_wifi_4 mWifiActivityIconId=0x7f0204ea/com.android.systemui:drawable/stat_sys_signal_no_inout mBluetoothTetherIconId=0x10808cc/android:drawable/stat_sys_tether_bluetooth
D/STATUSBAR-WifiQuickSettingButton( 1282): onWifiSignalChanged enabled=true enabledDesc:"27 Lambert"
D/Gallery_Performance(  826): UpdateQueueThread End spent time[54   msec ]
D/Gallery_Performance(  826): cleanFileInfoHashMap End spent time[12   msec ] before size : 61 After Size : 61
W/ExifInterface(11606): Invalid image.
W/ExifInterface(11606): java.io.IOException: Invalid marker: 89
W/ExifInterface(11606): 	at android.media.ExifInterface.getJpegAttributes(ExifInterface.java:1607)
W/ExifInterface(11606): 	at android.media.ExifInterface.loadAttributes(ExifInterface.java:1336)
W/ExifInterface(11606): 	at android.media.ExifInterface.<init>(ExifInterface.java:1053)
W/ExifInterface(11606): 	at com.sec.android.app.myfiles.MediaLoader.getExifOrientation(MediaLoader.java:627)
W/ExifInterface(11606): 	at com.sec.android.app.myfiles.MediaLoader.getSampleSizeBitmap(MediaLoader.java:603)
W/ExifInterface(11606): 	at com.sec.android.app.myfiles.MediaLoader.getImageBitmap(MediaLoader.java:190)
W/ExifInterface(11606): 	at com.sec.android.app.myfiles.SimpleIcon.thumbnailBitmap(SimpleIcon.java:79)
W/ExifInterface(11606): 	at com.sec.android.app.myfiles.ImageLoader$1.run(ImageLoader.java:244)
W/ExifInterface(11606): 	at java.lang.Thread.run(Thread.java:818)
D/GalleryCacheReady(  826): GalleryCacheReady end
W/ExifInterface(11606): Invalid image.
W/ExifInterface(11606): java.io.IOException: Invalid marker: 89
W/ExifInterface(11606): 	at android.media.ExifInterface.getJpegAttributes(ExifInterface.java:1607)
W/ExifInterface(11606): 	at android.media.ExifInterface.loadAttributes(ExifInterface.java:1336)
W/ExifInterface(11606): 	at android.media.ExifInterface.<init>(ExifInterface.java:1053)
W/ExifInterface(11606): 	at com.sec.android.app.myfiles.MediaLoader.getExifOrientation(MediaLoader.java:627)
W/ExifInterface(11606): 	at com.sec.android.app.myfiles.MediaLoader.getSampleSizeBitmap(MediaLoader.java:603)
W/ExifInterface(11606): 	at com.sec.android.app.myfiles.MediaLoader.getImageBitmap(MediaLoader.java:190)
W/ExifInterface(11606): 	at com.sec.android.app.myfiles.SimpleIcon.thumbnailBitmap(SimpleIcon.java:79)
W/ExifInterface(11606): 	at com.sec.android.app.myfiles.ImageLoader$1.run(ImageLoader.java:244)
W/ExifInterface(11606): 	at java.lang.Thread.run(Thread.java:818)
W/ExifInterface(11606): Invalid image.
W/ExifInterface(11606): java.io.IOException: Invalid marker: 89
W/ExifInterface(11606): 	at android.media.ExifInterface.getJpegAttributes(ExifInterface.java:1607)
W/ExifInterface(11606): 	at android.media.ExifInterface.loadAttributes(ExifInterface.java:1336)
W/ExifInterface(11606): 	at android.media.ExifInterface.<init>(ExifInterface.java:1053)
W/ExifInterface(11606): 	at com.sec.android.app.myfiles.MediaLoader.getExifOrientation(MediaLoader.java:627)
W/ExifInterface(11606): 	at com.sec.android.app.myfiles.MediaLoader.getSampleSizeBitmap(MediaLoader.java:603)
W/ExifInterface(11606): 	at com.sec.android.app.myfiles.MediaLoader.getImageBitmap(MediaLoader.java:190)
W/ExifInterface(11606): 	at com.sec.android.app.myfiles.SimpleIcon.thumbnailBitmap(SimpleIcon.java:79)
W/ExifInterface(11606): 	at com.sec.android.app.myfiles.ImageLoader$1.run(ImageLoader.java:244)
W/ExifInterface(11606): 	at java.lang.Thread.run(Thread.java:818)
V/MediaScanner(14244): processDirectory :  /storage/emulated/0
D/MediaScanner(14244): Skipping:
D/MediaScanner(14244): 7klwibgf7fvntblfd7(75ebcf7
I/art     (14244): Explicit concurrent mark sweep GC freed 45287(2MB) AllocSpace objects, 0(0B) LOS objects, 39% free, 18MB/31MB, paused 1.007ms total 247.650ms
D/MediaScanner(14244): Skipping:
D/MediaScanner(14244): 7klwibgf7fvntblfd7(7DCRV75lpnvaubrtk7
D/MediaScanner(14244): Skipping:
D/MediaScanner(14244): 7klwibgf7fvntblfd7(7Budiwrd7dblb7
D/ALSADevice(  308): standby: handle 0xb3c57700 h 0x0
V/ALSADevice(  308): standby handle h 0xb3c79d00
D/MediaScanner(14244): Skipping:
D/MediaScanner(14244): 7klwibgf7fvntblfd7(75lpnvaubrtk7
V/MediaScanner(14244): processDirectory :  /storage/extSdCard
W/MediaScanner(14244): Error opening directory, reason : Permission denied.
W/MediaScanner(14244): 7klwibgf7fxlKdCbid7
D/[MyFiles](11606): MainActivity::Receive == android.intent.action.MEDIA_SCANNER_FINISHED
E/CscFactoryReceiver( 1511): onReceive android.intent.action.MEDIA_SCANNER_FINISHED
D/CscFactoryReceiver( 1511): Media DB Scanner finished.
D/CscFactoryReceiver( 1511): start service to Set Ringtone
V/MediaScanner(14244):  prescan time: 343ms (DB items: 771)
V/MediaScanner(14244):     scan time: 329ms (Caching mode: true), (makeEntry time: 228ms ~69%),  (parsing time: 0ms ~0%),  (bitmapDecoding time: 0ms ~0%), (exifExtracting time : 0ms ~0%), (bulkInserter time : 0ms ~0%)
V/MediaScanner(14244): postscan time: 2ms (bulkDeleter : 0), (delete DeadThumbnail time : 0ms)
V/MediaScanner(14244):    total time: 674ms
V/MediaScanner(14244): checked files: 619  directories : 141  (I: 0, U: 0)
D/MediaScannerService(14244): !@done scanning volume external
D/ActivityManager(  901): startService callerProcessName:com.android.phone, calleePkgName: com.samsung.sec.android.application.csc
D/CscFactoryReceiver( 1511): start service to Set Notification
D/CscFactoryReceiver( 1511): start service to Set Alarmtone
D/CscUpdateService( 1511): onStart
E/CscUpdateService( 1511): costomer file is exists : it has been preconfiged.
D/CscUpdateService( 1511): only ringtone update
D/CscUpdateService( 1511): onStart
E/CscUpdateService( 1511): costomer file is exists : it has been preconfiged.
D/CscUpdateService( 1511): only notification update
D/CscUpdateService( 1511): onStart
E/CscUpdateService( 1511): costomer file is exists : it has been preconfiged.
D/CscUpdateService( 1511): only alarmtone update
E/CscParser( 1511): update(): xml file exist
D/ActivityManager(  901): startService callerProcessName:com.android.phone, calleePkgName: com.samsung.sec.android.application.csc
D/ActivityManager(  901): startService callerProcessName:com.android.phone, calleePkgName: com.samsung.sec.android.application.csc
D/alsa_ucm(  308): snd_use_case_set(): uc_mgr 0xb3c18510 identifier _verb value Inactive
D/alsa_ucm(  308): Set mixer controls for HiFi enable 0
D/alsa_ucm(  308): Setting mixer control: SLIMBUS_0_RX Audio Mixer MultiMedia1, value: 0
V/ALSADevice(  308): Number of modifiers 0
V/ALSADevice(  308): usecase_type is 0
D/alsa_ucm(  308): snd_use_case_set(): uc_mgr 0xb3c18510 identifier _disdev value Main Mic
D/alsa_ucm(  308): disdev: device Main Mic not enabled, no need to disable
D/alsa_ucm(  308): snd_use_case_set(): uc_mgr 0xb3c18510 identifier _disdev value Speaker
D/alsa_ucm(  308): Set mixer controls for Speaker enable 0
D/alsa_ucm(  308): Setting mixer control: RX5 MIX1 INP1, value: ZERO
D/alsa_ucm(  308): Setting mixer control: RX5 MIX1 INP2, value: ZERO
D/alsa_ucm(  308): Setting mixer control: LINEOUT2 Volume, value: 0
D/alsa_ucm(  308): Setting mixer control: LINEOUT4 Volume, value: 0
D/alsa_ucm(  308): Setting mixer control: RX5 Digital Volume, value: 0
E/CscParser( 1511): update(): xml file exist
D/UsbDeviceManager(  901): handleMessage -> MSG_UPDATE_STATE connected = 0,configured = 0
D/UsbDeviceManager(  901): updateUsbNotification : mConnected = false, mConfigured = false, mCurrentFunctions = mtp,adb
D/UsbDeviceManager(  901): updateUsbNotification : cancel id = 17040631, title = Connected as a media device
D/UsbDeviceManager(  901): setEnabledFunctions mtp,adb makeDefault: false
D/UsbDeviceManager(  901): broadcasting Intent { act=android.hardware.usb.action.USB_STATE flg=0x20000000 (has extras) } connected: false configured: false
D/LightsService(  901): [api] [SvcLED] turnOff:: id = 4 (uid: 1000 pid: 901) 
D/LightsService(  901): [SvcLED] setSvcLedStateLocked:: SvcLEDState : 0x0 -> 0x0 | SvcLED(id=4) set Off
D/LightsService(  901): [SvcLED] Lux failed to be updated in 700ms. -> handleForcedSvcLEDTasK
D/LightsService(  901): [SvcLED]  setSvcLedLightLocked :: Current SvcLED(id=4) maintains its priority right
D/UsbDeviceManager(  901): sending intent : ACTION_USB_STATE : connected = false, configured = false, functions = mtp,adb
D/KeyguardUpdateMonitor( 1282): updateCMASText( show = false )
D/[MyFiles](11606): MainActivity::setSkipThumb = false
W/Settings( 1282): Setting airplane_mode_on has moved from android.provider.Settings.System to android.provider.Settings.Global, returning read-only value.
D/NotificationStackScrollLayout( 1282): hasNotification()-C:4
D/NotificationStackScrollLayout( 1282): hasNotification()-0-N:false
D/NotificationStackScrollLayout( 1282): hasNotification()-0-V:0
D/NotificationStackScrollLayout( 1282): hasNotification()-1-N:false
D/NotificationStackScrollLayout( 1282): hasNotification()-1-V:0
D/NotificationStackScrollLayout( 1282): hasNotification()-2-N:true
D/NotificationStackScrollLayout( 1282): hasNotification()-2-V:8
D/NotificationStackScrollLayout( 1282): hasNotification()-3-N:false
D/NotificationStackScrollLayout( 1282): hasNotification()-3-V:8
D/PanelView( 1282): There is/are nonotification(s) 
D/KeyguardUpdateMonitor( 1282): updateCMASText( show = false )
W/Settings( 1282): Setting airplane_mode_on has moved from android.provider.Settings.System to android.provider.Settings.Global, returning read-only value.
D/NotificationStackScrollLayout( 1282): hasNotification()-C:4
D/NotificationStackScrollLayout( 1282): hasNotification()-0-N:false
D/NotificationStackScrollLayout( 1282): hasNotification()-0-V:0
D/NotificationStackScrollLayout( 1282): hasNotification()-1-N:false
D/NotificationStackScrollLayout( 1282): hasNotification()-1-V:0
D/NotificationStackScrollLayout( 1282): hasNotification()-2-N:true
D/NotificationStackScrollLayout( 1282): hasNotification()-2-V:8
D/NotificationStackScrollLayout( 1282): hasNotification()-3-N:false
D/NotificationStackScrollLayout( 1282): hasNotification()-3-V:8
D/PanelView( 1282): There is/are nonotification(s) 
D/PhoneStatusBar( 1282): animateCollapse(): mExpandedVisible=false flags=0
D/StatusBar-Window( 1282): fnf=true sanc=false, kni=false, sbf=false
D/CoverUI ( 1282): applyFocusableFlag() : Remove SAMSUNG_FLAG_SVIEW_COVER
D/KeyguardUpdateMonitor( 1282): updateCMASText( show = false )
W/Settings( 1282): Setting airplane_mode_on has moved from android.provider.Settings.System to android.provider.Settings.Global, returning read-only value.
D/NotificationStackScrollLayout( 1282): hasNotification()-C:4
D/NotificationStackScrollLayout( 1282): hasNotification()-0-N:false
D/NotificationStackScrollLayout( 1282): hasNotification()-0-V:0
D/NotificationStackScrollLayout( 1282): hasNotification()-1-N:false
D/NotificationStackScrollLayout( 1282): hasNotification()-1-V:0
D/NotificationStackScrollLayout( 1282): hasNotification()-2-N:true
D/NotificationStackScrollLayout( 1282): hasNotification()-2-V:8
D/NotificationStackScrollLayout( 1282): hasNotification()-3-N:false
D/NotificationStackScrollLayout( 1282): hasNotification()-3-V:8
D/PanelView( 1282): There is/are nonotification(s) 
D/KeyguardUpdateMonitor( 1282): updateCMASText( show = false )
W/CSCSettings( 1511): Setting Ringtones (type) : 4
D/CscParser( 1511): AlarmTone: null
W/CSCSettings( 1511): 1. Tag_Str: null
E/CscParser( 1511): update(): xml file exist
E/WindowState(  901): getStack: Window{8a51dc5 u0 com.riftinnovation.smartblade.cabbage/com.riftinnovation.smartblade.cabbage.UserLoginActivity} couldn't find taskId=15701 Callers=com.android.server.wm.WindowState.computeFrameLw:1054 com.android.internal.policy.impl.PhoneWindowManager.layoutWindowLw:4904 com.android.server.wm.WindowManagerService.performLayoutLockedInner:10917 com.android.server.wm.WindowManagerService.performLayoutAndPlaceSurfacesLockedInner:11857 
W/CSCSettings( 1511): Setting Ringtones (type) : 2
D/CscParser( 1511): MessageTone: null
W/CSCSettings( 1511): 1. Tag_Str: null
W/CSCSettings( 1511): Setting Ringtones (type) : 1
D/CscParser( 1511): RingTone: null
W/CSCSettings( 1511): 1. Tag_Str: null
D/Recents_AlternateRecentsComponent( 1282): isRecentsTopMost is getting called
D/SurfaceFlinger(  278): FPS : 0.72
W/SurfaceFlinger(  278): Fail to Open /sys/devices/platform/gpusysfs/fps
D/ActivityManager(  901): startService callerProcessName:com.sec.android.gallery3d, calleePkgName: com.sec.android.gallery3d
D/ContentApp(14244): startScan() is called.
D/ContentApp(14244): startScan() is end.
D/ContentApp(14244): face_restore FINISHED_TYPE: 3
D/FaceScanner(14244): isNeedToRestore : start
D/ActivityManager(  901): startService callerProcessName:com.sec.android.app.music, calleePkgName: com.sec.android.app.music
D/SMUSIC-Widget( 9550): There's no active widget.
D/ActivityManager(  901): startProcessLocked calleePkgName: com.samsung.android.MtpApplication, hostingType: broadcast
E/ActivityManager(  901): checkUser: useridlist=null, currentuser=0
E/ActivityManager(  901): checkUser: useridlist=null, currentuser=0
E/ActivityManager(  901): checkUser: useridlist=null, currentuser=0
E/ActivityManager(  901): checkUser: useridlist=null, currentuser=0
E/Zygote  (11416): MountEmulatedStorage()
E/Zygote  (11416): v2
I/SELinux (11416): Function: selinux_compare_spd_ram, SPD-policy is existed. and_ver=SEPF_GT-I9505_5.0.1-1 ver=51
I/SELinux (11416): Function: selinux_compare_spd_ram , priority [2] , priority version is VE=SEPF_GT-I9505_5.0.1-1_0070
E/SELinux (11416): [DEBUG] get_category: variable seinfo: platform sensitivity: NULL, cateogry: NULL
I/libpersona(11416): KNOX_SDCARD checking this for 1000
I/libpersona(11416): KNOX_SDCARD not a persona
I/ActivityManager(  901): Start proc com.samsung.android.MtpApplication for broadcast com.samsung.android.MtpApplication/.MtpReceiver: pid=11416 uid=1000 gids={41000, 9997, 3002, 3001, 3003, 1007, 1028, 1015, 1023, 2001, 1024, 1001} abi=armeabi-v7a
D/Gallery_Performance(  826): UpdateQueueThread End spent time[60   msec ]
D/ResourcesManager(11416): creating new AssetManager and set to /system/priv-app/MtpApplication/MtpApplication.apk
E/MTPRx   (11416): In MtpReceiverandroid.hardware.usb.action.USB_STATE
D/SecContentProvider2(  901): uri = 14 selection = getSealedState
D/SecContentProvider2(  901): mCursor = null
D/SecContentProvider2(  901): uri = 14 selection = getSealedUsbMassStorageState
D/SecContentProvider2(  901): mCursor = null
V/MTPRx   (11416): sealedState: false
V/MTPRx   (11416): sealedUsbMassStorageState: false
E/MTPRx   (11416): check value of boot_completed is1
E/MTPRx   (11416): check booting is completed_sys.boot_completed
E/MTPRx   (11416): Sd-Card path/storage/extSdCard
E/MTPRx   (11416): Status for mount/Unmount :removed
E/MTPRx   (11416): SDcard is not available
W/MTPRx   (11416): value of connected isfalse
W/MTPRx   (11416): value of configured isfalse
W/MTPRx   (11416): value of mtpEnabled istrue
W/MTPRx   (11416): value of ptpEnabled isfalse
E/MTPRx   (11416): Received USB_STATE with sdCardLaunch = 0
E/MTPRx   (11416): Unexpected Disconnection. call usbRemoved.
W/MTPRx   (11416): MTP_RUNNING_STATUS = 0
E/MTPRx   (11416):  sendbooster is false!
E/MTPRx   (11416): configured is false
D/GalleryCacheReady(  826): GalleryCacheReady end
I/ActivityManager(  901): Killing 10260:com.tripadvisor.tripadvisor/u0a186 (adj 15): emptyCount ##36
D/ActivityManager(  901): cleanUpApplicationRecord -- 10260
D/Gallery_Performance(  826): cleanFileInfoHashMap End spent time[347   msec ] before size : 61 After Size : 61
D/DataRouter(  304): dr_usb_deinit
D/DataRouter(  304): Initialise USB and start the thread
D/DataRouter(  304): dr_usb_init
E/DataRouter(  304): USB Interface is open with 0xa
D/DataRouter(  304): USB interface is now configured for usb_fd = 0xa
D/DataRouter(  304): monitor_data_of_usb
D/DataRouter(  304): USB monitor thread launched, usb_fd= 0xa
D/DataRouter(  304): Before the usb select
D/StatusBar.NetworkController( 1282): refreshViews connected={ wifi } level=3 combinedSignalIconId=0x7f020517/com.android.systemui:drawable/stat_sys_wifi_signal_4 mobileLabel=Emergency calls only wifiLabel="27 Lambert"xxxxXXXXxxxxXXXX emergencyOnly=true combinedLabel="27 Lambert"xxxxXXXXxxxxXXXX mAirplaneMode=false mDataActivity=0 mPhoneSignalIconId=0x7f02048e/com.android.systemui:drawable/stat_sys_signal_3_auto_rotate mQSPhoneSignalIconId=0x7f02012b/com.android.systemui:drawable/ic_qs_signal_3 mDataDirectionIconId=0x0/(null) mDataSignalIconId=0x7f02048e/com.android.systemui:drawable/stat_sys_signal_3_auto_rotate mDataTypeIconId=0x0/(null) mQSDataTypeIconId=0x0/(null) mNoSimIconId=0x0/(null) mWifiIconId=0x7f020517/com.android.systemui:drawable/stat_sys_wifi_signal_4 mQSWifiIconId=0x7f020143/com.android.systemui:drawable/ic_qs_wifi_4 mWifiActivityIconId=0x7f0204e8/com.android.systemui:drawable/stat_sys_signal_inout mBluetoothTetherIconId=0x10808cc/android:drawable/stat_sys_tether_bluetooth
D/STATUSBAR-WifiQuickSettingButton( 1282): onWifiSignalChanged enabled=true enabledDesc:"27 Lambert"
D/StatusBar.NetworkController( 1282): refreshSignalCluster - setNWBoosterIndicators(false)
D/StatusBar.NetworkController( 1282): applyOpen
D/StatusBar.NetworkController( 1282): refreshSignalCluster - setNWBoosterIndicators(false)
D/StatusBar.NetworkController( 1282): applyOpen
D/StatusBar.NetworkController( 1282): refreshSignalCluster - setNWBoosterIndicators(false)
D/StatusBar.NetworkController( 1282): applyOpen
D/StatusBar.NetworkController( 1282): refreshSignalCluster - setNWBoosterIndicators(false)
D/StatusBar.NetworkController( 1282): applyOpen
D/SurfaceFlinger(  278): FPS : 1.68
W/SurfaceFlinger(  278): Fail to Open /sys/devices/platform/gpusysfs/fps
D/UsbSettingsManager(  901): hasPermission++
D/UsbSettingsManager(  901): hasPermission: UsbDevice[mName=/dev/bus/usb/001/002,mVendorId=1478,mProductId=36940,mClass=0,mSubclass=0,mProtocol=0,mManufacturerName=Qualcomm, Incorporated,mProductName=Qualcomm CDMA Technologies MSM,mSerialNumber=null,mConfigurations=[
D/UsbSettingsManager(  901): UsbConfiguration[mId=1,mName=Qualcomm Configuration,mAttributes=224,mMaxPower=250,mInterfaces=[
D/UsbSettingsManager(  901): UsbInterface[mId=0,mAlternateSetting=0,mName=null,mClass=255,mSubclass=255,mProtocol=255,mEndpoints=[
D/UsbSettingsManager(  901): UsbEndpoint[mAddress=129,mAttributes=2,mMaxPacketSize=512,mInterval=32]
D/UsbSettingsManager(  901): UsbEndpoint[mAddress=1,mAttributes=2,mMaxPacketSize=512,mInterval=32]]
D/UsbSettingsManager(  901): UsbInterface[mId=1,mAlternateSetting=0,mName=null,mClass=255,mSubclass=255,mProtocol=255,mEndpoints=[
D/UsbSettingsManager(  901): UsbEndpoint[mAddress=130,mAttributes=2,mMaxPacketSize=512,mInterval=32]
D/UsbSettingsManager(  901): UsbEndpoint[mAddress=2,mAttributes=2,mMaxPacketSize=512,mInterval=32]]
D/UsbSettingsManager(  901): UsbInterface[mId=2,mAlternateSetting=0,mName=null,mClass=255,mSubclass=255,mProtocol=255,mEndpoints=[
D/UsbSettingsManager(  901): UsbEndpoint[mAddress=131,mAttributes=2,mMaxPacketSize=512,mInterval=32]
D/UsbSettingsManager(  901): UsbEndpoint[mAddress=3,mAttributes=2,mMaxPacketSize=512,mInterval=32]]
D/UsbSettingsManager(  901): UsbInterface[mId=3,mAlternateSetting=0,mName=null,mClass=255,mSubclass=255,mProtocol=255,mEndpoints=[
D/UsbSettingsManager(  901): UsbEndpoint[mAddress=132,mAttributes=3,mMaxPacketSize=64,mInterval=5]
D/UsbSettingsManager(  901): UsbEndpoint[mAddress=133,mAttributes=2,mMaxPacketSize=512,mInterval=32]
D/UsbSettingsManager(  901): UsbEndpoint[mAddress=4,mAttributes=2,mMaxPacketSize=512,mInterval=32]]
D/UsbSettingsManager(  901): UsbInterface[mId=4,mAlternateSetting=0,mName=null,mClass=255,mSubclass=254,mProtocol=255,mEndpoints=[
D/UsbSettingsManager(  901): UsbEndpoint[mAddress=134,mAttributes=3,mMaxPacketSize=64,mInterval=5]
D/UsbSettingsManager(  901): UsbEndpoint[mAddress=135,mAttributes=2,mMaxPacketSize=512,mInterval=32]
D/UsbSettingsManager(  901): UsbEndpoint[mAddress=5,mAttributes=2,mMaxPacketSize=512,mInterval=32]]
D/UsbSettingsManager(  901): UsbInterface[mId=5,mAlternateSetting=0,mName=null,mClass=255,mSubclass=255,mProtocol=255,mEndpoints=[
D/UsbSettingsManager(  901): UsbEndpoint[mAddress=136,mAttributes=3,mMaxPacketSize=64,mInterval=5]
D/UsbSettingsManager(  901): UsbEndpoint[mAddress=137,mAttributes=2,mMaxPacketSize=512,mInterval=32]
D/UsbSettingsManager(  901): UsbEndpoint[mAddress=6,mAttributes=2,mMaxPacketSize=512,mInterval=32]]
D/UsbSettingsManager(  901): UsbInterface[mId=6,mAlternateSetting=0,mName=null,mClass=255,mSubclass=255,mProtocol=255,mEndpoints=[
D/UsbSettingsManager(  901): UsbEndpoint[mAddress=138,mAttributes=3,mMaxPacketSize=64,mInterval=5]
D/UsbSettingsManager(  901): UsbEndpoint[mAddress=139,mAttributes=2,mMaxPacketSize=512,mInterval=32]
D/UsbSettingsManager(  901): UsbEndpoint[mAddress=7,mAttributes=2,mMaxPacketSize=512,mInterval=32]]
D/UsbSettingsManager(  901): UsbInterface[mId=7,mAlternateSetting=0,mName=null,mClass=255,mSubclass=255,mProtocol=255,mEndpoints=[
D/UsbSettingsManager(  901): UsbEndpoint[mAddress=140,mAttributes=3,mMaxPacketSize=64,mInterval=5]
D/UsbSettingsManager(  901): UsbEndpoint[mAddress=141,mAttributes=2,mMaxPacketSize=512,mInterval=32]
D/UsbSettingsManager(  901): UsbEndpoint[mAddress=8,mAttributes=2,mMaxPacketSize=512,mInterval=32]]
D/UsbSettingsManager(  901): UsbInterface[mId=8,mAlternateSetting=0,mName=null,mClass=255,mSubclass=255,mProtocol=255,mEndpoints=[
D/UsbSettingsManager(  901): UsbEndpoint[mAddress=142,mAttributes=3,mMaxPacketSize=64,mInterval=5]
D/UsbSettingsManager(  901): UsbEndpoint[mAddress=143,mAttributes=2,mMaxPacketSize=512,mInterval=32]
D/UsbSettingsManager(  901): UsbEndpoint[mAddress=9,mAttributes=2,mMaxPacketSize=512,mInterval=32]]]]for {10286=true, 10295=true, 10296=true}
E/SMD     (11187): smd_init start 
E/SMD     (11187): smd Interface open failed errno is 2 -1
D/StatusBar.NetworkController( 1282): refreshViews connected={ wifi } level=3 combinedSignalIconId=0x7f020517/com.android.systemui:drawable/stat_sys_wifi_signal_4 mobileLabel=Emergency calls only wifiLabel="27 Lambert"xxxxXXXXxxxxXXXX emergencyOnly=true combinedLabel="27 Lambert"xxxxXXXXxxxxXXXX mAirplaneMode=false mDataActivity=0 mPhoneSignalIconId=0x7f02048e/com.android.systemui:drawable/stat_sys_signal_3_auto_rotate mQSPhoneSignalIconId=0x7f02012b/com.android.systemui:drawable/ic_qs_signal_3 mDataDirectionIconId=0x0/(null) mDataSignalIconId=0x7f02048e/com.android.systemui:drawable/stat_sys_signal_3_auto_rotate mDataTypeIconId=0x0/(null) mQSDataTypeIconId=0x0/(null) mNoSimIconId=0x0/(null) mWifiIconId=0x7f020517/com.android.systemui:drawable/stat_sys_wifi_signal_4 mQSWifiIconId=0x7f020143/com.android.systemui:drawable/ic_qs_wifi_4 mWifiActivityIconId=0x7f0204ea/com.android.systemui:drawable/stat_sys_signal_no_inout mBluetoothTetherIconId=0x10808cc/android:drawable/stat_sys_tether_bluetooth
D/STATUSBAR-WifiQuickSettingButton( 1282): onWifiSignalChanged enabled=true enabledDesc:"27 Lambert"
D/StatusBar.NetworkController( 1282): refreshSignalCluster - setNWBoosterIndicators(false)
D/StatusBar.NetworkController( 1282): applyOpen
D/StatusBar.NetworkController( 1282): refreshSignalCluster - setNWBoosterIndicators(false)
D/StatusBar.NetworkController( 1282): applyOpen
D/StatusBar.NetworkController( 1282): refreshSignalCluster - setNWBoosterIndicators(false)
D/StatusBar.NetworkController( 1282): applyOpen
D/StatusBar.NetworkController( 1282): refreshSignalCluster - setNWBoosterIndicators(false)
D/StatusBar.NetworkController( 1282): applyOpen
D/SurfaceFlinger(  278): FPS : 0.96
W/SurfaceFlinger(  278): Fail to Open /sys/devices/platform/gpusysfs/fps
D/SSRM:n  (  901): SIOP:: AP = 330, CUR = 460
D/StatusBar.NetworkController( 1282): onSignalStrengthsChanged signalStrength=SignalStrength: 8 99 -120 -160 -120 -1 -1 99 2147483647 2147483647 2147483647 -1 2147483647 0x3 gsm|lte level=3
D/StatusBar.NetworkController( 1282): updateTelephonySignalStrength: hasService=true ss=SignalStrength: 8 99 -120 -160 -120 -1 -1 99 2147483647 2147483647 2147483647 -1 2147483647 0x3 gsm|lte
D/StatusBar.NetworkController( 1282): updateTelephonySignalStrength: iconLevel=3
D/StatusBar.NetworkController( 1282): updateTelephonySignalStrength, No signal level. mPhoneSignalIconId = com.android.systemui:drawable/stat_sys_signal_3_auto_rotate mDataSignalIconId = com.android.systemui:drawable/stat_sys_signal_3_auto_rotate mQSPhoneSignalIconId = com.android.systemui:drawable/ic_qs_signal_3 mContentDescriptionPhoneSignal = Phone three bars.
D/StatusBar.NetworkController( 1282): refreshViews connected={ wifi } level=3 combinedSignalIconId=0x7f020517/com.android.systemui:drawable/stat_sys_wifi_signal_4 mobileLabel=Emergency calls only wifiLabel="27 Lambert"xxxxXXXXxxxxXXXX emergencyOnly=true combinedLabel="27 Lambert"xxxxXXXXxxxxXXXX mAirplaneMode=false mDataActivity=0 mPhoneSignalIconId=0x7f02048e/com.android.systemui:drawable/stat_sys_signal_3_auto_rotate mQSPhoneSignalIconId=0x7f02012b/com.android.systemui:drawable/ic_qs_signal_3 mDataDirectionIconId=0x0/(null) mDataSignalIconId=0x7f02048e/com.android.systemui:drawable/stat_sys_signal_3_auto_rotate mDataTypeIconId=0x0/(null) mQSDataTypeIconId=0x0/(null) mNoSimIconId=0x0/(null) mWifiIconId=0x7f020517/com.android.systemui:drawable/stat_sys_wifi_signal_4 mQSWifiIconId=0x7f020143/com.android.systemui:drawable/ic_qs_wifi_4 mWifiActivityIconId=0x7f0204ea/com.android.systemui:drawable/stat_sys_signal_no_inout mBluetoothTetherIconId=0x10808cc/android:drawable/stat_sys_tether_bluetooth
D/STATUSBAR-WifiQuickSettingButton( 1282): onWifiSignalChanged enabled=true enabledDesc:"27 Lambert"
E/SMD     (11187): smd Interface open failed errno is 2 -1
D/StatusBar.NetworkController( 1282): refreshViews connected={ wifi } level=3 combinedSignalIconId=0x7f020517/com.android.systemui:drawable/stat_sys_wifi_signal_4 mobileLabel=Emergency calls only wifiLabel="27 Lambert"xxxxXXXXxxxxXXXX emergencyOnly=true combinedLabel="27 Lambert"xxxxXXXXxxxxXXXX mAirplaneMode=false mDataActivity=0 mPhoneSignalIconId=0x7f02048e/com.android.systemui:drawable/stat_sys_signal_3_auto_rotate mQSPhoneSignalIconId=0x7f02012b/com.android.systemui:drawable/ic_qs_signal_3 mDataDirectionIconId=0x0/(null) mDataSignalIconId=0x7f02048e/com.android.systemui:drawable/stat_sys_signal_3_auto_rotate mDataTypeIconId=0x0/(null) mQSDataTypeIconId=0x0/(null) mNoSimIconId=0x0/(null) mWifiIconId=0x7f020517/com.android.systemui:drawable/stat_sys_wifi_signal_4 mQSWifiIconId=0x7f020143/com.android.systemui:drawable/ic_qs_wifi_4 mWifiActivityIconId=0x7f0204e6/com.android.systemui:drawable/stat_sys_signal_in mBluetoothTetherIconId=0x10808cc/android:drawable/stat_sys_tether_bluetooth
D/STATUSBAR-WifiQuickSettingButton( 1282): onWifiSignalChanged enabled=true enabledDesc:"27 Lambert"
D/StatusBar.NetworkController( 1282): refreshSignalCluster - setNWBoosterIndicators(false)
D/StatusBar.NetworkController( 1282): applyOpen
D/StatusBar.NetworkController( 1282): refreshSignalCluster - setNWBoosterIndicators(false)
D/StatusBar.NetworkController( 1282): applyOpen
D/StatusBar.NetworkController( 1282): refreshSignalCluster - setNWBoosterIndicators(false)
D/StatusBar.NetworkController( 1282): applyOpen
D/StatusBar.NetworkController( 1282): refreshSignalCluster - setNWBoosterIndicators(false)
D/StatusBar.NetworkController( 1282): applyOpen
D/SurfaceFlinger(  278): FPS : 0.99
W/SurfaceFlinger(  278): Fail to Open /sys/devices/platform/gpusysfs/fps
E/Diag_Lib(11440):  Diag_LSM_Init: Failed to open handle to diag driver, error = 2
D/ApplicationPolicy(  901): isStatusBarNotificationAllowedAsUser: packageName = android,userId = -1
V/ApplicationPolicy(  901): isApplicationStateBlocked userId -1 pkgname android
D/UsbHostManager(  901): turnOnLcd :: 
D/PowerManagerService(  901): [api] [s] wakeUp (uid: 1000 pid: 901) eventTime = 597383514
D/UsbHostNotification(  901): setUsbObserverNotification : cancel id = 998563545, device = UsbDevices
D/UsbHostNotification(  901): setUsbObserverNotification : notify id = 998563545, device = UsbDevices, title = null
I/ValidateNoPeople(  901): skipping global notification
D/WindowManager(  901): showStatusBarByNotification() mOpenByNotification=false
D/UsbSettingsManager(  901): hasPermission++
D/UsbSettingsManager(  901): hasPermission: UsbDevice[mName=/dev/bus/usb/001/002,mVendorId=1478,mProductId=36940,mClass=0,mSubclass=0,mProtocol=0,mManufacturerName=Qualcomm, Incorporated,mProductName=Qualcomm CDMA Technologies MSM,mSerialNumber=null,mConfigurations=[
D/UsbSettingsManager(  901): UsbConfiguration[mId=1,mName=Qualcomm Configuration,mAttributes=224,mMaxPower=250,mInterfaces=[
D/UsbSettingsManager(  901): UsbInterface[mId=0,mAlternateSetting=0,mName=null,mClass=255,mSubclass=255,mProtocol=255,mEndpoints=[
D/UsbSettingsManager(  901): UsbEndpoint[mAddress=129,mAttributes=2,mMaxPacketSize=512,mInterval=32]
D/UsbSettingsManager(  901): UsbEndpoint[mAddress=1,mAttributes=2,mMaxPacketSize=512,mInterval=32]]
D/UsbSettingsManager(  901): UsbInterface[mId=1,mAlternateSetting=0,mName=null,mClass=255,mSubclass=255,mProtocol=255,mEndpoints=[
D/UsbSettingsManager(  901): UsbEndpoint[mAddress=130,mAttributes=2,mMaxPacketSize=512,mInterval=32]
D/UsbSettingsManager(  901): UsbEndpoint[mAddress=2,mAttributes=2,mMaxPacketSize=512,mInterval=32]]
D/UsbSettingsManager(  901): UsbInterface[mId=2,mAlternateSetting=0,mName=null,mClass=255,mSubclass=255,mProtocol=255,mEndpoints=[
D/UsbSettingsManager(  901): UsbEndpoint[mAddress=131,mAttributes=2,mMaxPacketSize=512,mInterval=32]
D/UsbSettingsManager(  901): UsbEndpoint[mAddress=3,mAttributes=2,mMaxPacketSize=512,mInterval=32]]
D/UsbSettingsManager(  901): UsbInterface[mId=3,mAlternateSetting=0,mName=null,mClass=255,mSubclass=255,mProtocol=255,mEndpoints=[
D/UsbSettingsManager(  901): UsbEndpoint[mAddress=132,mAttributes=3,mMaxPacketSize=64,mInterval=5]
D/UsbSettingsManager(  901): UsbEndpoint[mAddress=133,mAttributes=2,mMaxPacketSize=512,mInterval=32]
D/UsbSettingsManager(  901): UsbEndpoint[mAddress=4,mAttributes=2,mMaxPacketSize=512,mInterval=32]]
D/UsbSettingsManager(  901): UsbInterface[mId=4,mAlternateSetting=0,mName=null,mClass=255,mSubclass=254,mProtocol=255,mEndpoints=[
D/UsbSettingsManager(  901): UsbEndpoint[mAddress=134,mAttributes=3,mMaxPacketSize=64,mInterval=5]
D/UsbSettingsManager(  901): UsbEndpoint[mAddress=135,mAttributes=2,mMaxPacketSize=512,mInterval=32]
D/UsbSettingsManager(  901): UsbEndpoint[mAddress=5,mAttributes=2,mMaxPacketSize=512,mInterval=32]]
D/UsbSettingsManager(  901): UsbInterface[mId=5,mAlternateSetting=0,mName=null,mClass=255,mSubclass=255,mProtocol=255,mEndpoints=[
D/UsbSettingsManager(  901): UsbEndpoint[mAddress=136,mAttributes=3,mMaxPacketSize=64,mInterval=5]
D/UsbSettingsManager(  901): UsbEndpoint[mAddress=137,mAttributes=2,mMaxPacketSize=512,mInterval=32]
D/UsbSettingsManager(  901): UsbEndpoint[mAddress=6,mAttributes=2,mMaxPacketSize=512,mInterval=32]]
D/UsbSettingsManager(  901): UsbInterface[mId=6,mAlternateSetting=0,mName=null,mClass=255,mSubclass=255,mProtocol=255,mEndpoints=[
D/UsbSettingsManager(  901): UsbEndpoint[mAddress=138,mAttributes=3,mMaxPacketSize=64,mInterval=5]
D/UsbSettingsManager(  901): UsbEndpoint[mAddress=139,mAttributes=2,mMaxPacketSize=512,mInterval=32]
D/UsbSettingsManager(  901): UsbEndpoint[mAddress=7,mAttributes=2,mMaxPacketSize=512,mInterval=32]]
D/UsbSettingsManager(  901): UsbInterface[mId=7,mAlternateSetting=0,mName=null,mClass=255,mSubclass=255,mProtocol=255,mEndpoints=[
D/UsbSettingsManager(  901): UsbEndpoint[mAddress=140,mAttributes=3,mMaxPacketSize=64,mInterval=5]
D/UsbSettingsManager(  901): UsbEndpoint[mAddress=141,mAttributes=2,mMaxPacketSize=512,mInterval=32]
D/UsbSettingsManager(  901): UsbEndpoint[mAddress=8,mAttributes=2,mMaxPacketSize=512,mInterval=32]]
D/UsbSettingsManager(  901): UsbInterface[mId=8,mAlternateSetting=0,mName=null,mClass=255,mSubclass=255,mProtocol=255,mEndpoints=[
D/UsbSettingsManager(  901): UsbEndpoint[mAddress=142,mAttributes=3,mMaxPacketSize=64,mInterval=5]
D/UsbSettingsManager(  901): UsbEndpoint[mAddress=143,mAttributes=2,mMaxPacketSize=512,mInterval=32]
D/UsbSettingsManager(  901): UsbEndpoint[mAddress=9,mAttributes=2,mMaxPacketSize=512,mInterval=32]]]]for {10286=true, 10295=true, 10296=true}
D/UsbHostNotification(  901): send the timeout : current  1504075236201, vailed = -2974, displayed = 1504075236175
D/KnoxNotification( 1282): ----- inflateViews : modified publicViewLocal -----
D/KnoxNotification( 1282): ----- inflateViews : modified KnoxViewLocal -----
D/PersonaManager( 1282): PersonaID is invalid or persona doesn't exists. : -1
D/PersonaManager( 1282): isKioskContainerExistOnDevice
D/PersonaManager( 1282): isKioskContainerExistOnDevice
D/PhoneStatusBar( 1282): tick(): knoxCustomManager = android.app.enterprise.knoxcustom.KnoxCustomManager@3808b3d7
D/KeyguardUpdateMonitor( 1282): updateCMASText( show = false )
W/Settings( 1282): Setting airplane_mode_on has moved from android.provider.Settings.System to android.provider.Settings.Global, returning read-only value.
D/PanelView( 1282): There is/are notification(s) 
D/KeyguardUpdateMonitor( 1282): updateCMASText( show = false )
W/Settings( 1282): Setting airplane_mode_on has moved from android.provider.Settings.System to android.provider.Settings.Global, returning read-only value.
D/PanelView( 1282): There is/are notification(s) 
D/PersonaManager( 1282): isKioskContainerExistOnDevice
D/KeyguardUpdateMonitor( 1282): updateCMASText( show = false )
W/Settings( 1282): Setting airplane_mode_on has moved from android.provider.Settings.System to android.provider.Settings.Global, returning read-only value.
D/PanelView( 1282): There is/are notification(s) 
D/KeyguardUpdateMonitor( 1282): updateCMASText( show = false )
I/ActivityManager(  901): Killing 10647:za.co.reward/u0a74 (adj 15): emptyCount ##36
D/ActivityManager(  901): cleanUpApplicationRecord -- 10647
I/FirebaseCrash(11166): Sending crashes
D/UsbHostManager(  901): displayNotification : [09h,00h,00h]
D/UsbHostManager(  901): beginUsbDeviceAdded(/dev/bus/usb/002/001) is blacklisted.
E/SMD     (11187): smd Interface open failed errno is 2 -1
D/StatusBar.NetworkController( 1282): refreshViews connected={ wifi } level=3 combinedSignalIconId=0x7f020517/com.android.systemui:drawable/stat_sys_wifi_signal_4 mobileLabel=Emergency calls only wifiLabel="27 Lambert"xxxxXXXXxxxxXXXX emergencyOnly=true combinedLabel="27 Lambert"xxxxXXXXxxxxXXXX mAirplaneMode=false mDataActivity=0 mPhoneSignalIconId=0x7f02048e/com.android.systemui:drawable/stat_sys_signal_3_auto_rotate mQSPhoneSignalIconId=0x7f02012b/com.android.systemui:drawable/ic_qs_signal_3 mDataDirectionIconId=0x0/(null) mDataSignalIconId=0x7f02048e/com.android.systemui:drawable/stat_sys_signal_3_auto_rotate mDataTypeIconId=0x0/(null) mQSDataTypeIconId=0x0/(null) mNoSimIconId=0x0/(null) mWifiIconId=0x7f020517/com.android.systemui:drawable/stat_sys_wifi_signal_4 mQSWifiIconId=0x7f020143/com.android.systemui:drawable/ic_qs_wifi_4 mWifiActivityIconId=0x7f0204e8/com.android.systemui:drawable/stat_sys_signal_inout mBluetoothTetherIconId=0x10808cc/android:drawable/stat_sys_tether_bluetooth
D/STATUSBAR-WifiQuickSettingButton( 1282): onWifiSignalChanged enabled=true enabledDesc:"27 Lambert"
D/StatusBar.NetworkController( 1282): refreshSignalCluster - setNWBoosterIndicators(false)
D/StatusBar.NetworkController( 1282): applyOpen
D/StatusBar.NetworkController( 1282): refreshSignalCluster - setNWBoosterIndicators(false)
D/StatusBar.NetworkController( 1282): applyOpen
D/StatusBar.NetworkController( 1282): refreshSignalCluster - setNWBoosterIndicators(false)
D/StatusBar.NetworkController( 1282): applyOpen
D/StatusBar.NetworkController( 1282): refreshSignalCluster - setNWBoosterIndicators(false)
D/StatusBar.NetworkController( 1282): applyOpen
D/SurfaceFlinger(  278): FPS : 0.97
W/SurfaceFlinger(  278): Fail to Open /sys/devices/platform/gpusysfs/fps
D/UsbHostManager(  901): displayNotification : [0eh,01h,00h]
D/UsbHostManager(  901): displayNotification : [0eh,02h,00h]
D/ResourcesManager(  901): creating new AssetManager and set to /system/priv-app/SecGallery2013/SecGallery2013.apk
D/ResourcesManager(  901): creating new AssetManager and set to /data/app/com.sec.android.app.shealth-2/base.apk
D/StatusBar.NetworkController( 1282): onSignalStrengthsChanged signalStrength=SignalStrength: 8 99 -120 -160 -120 -1 -1 99 2147483647 2147483647 2147483647 -1 2147483647 0x3 gsm|lte level=3
D/StatusBar.NetworkController( 1282): updateTelephonySignalStrength: hasService=true ss=SignalStrength: 8 99 -120 -160 -120 -1 -1 99 2147483647 2147483647 2147483647 -1 2147483647 0x3 gsm|lte
D/StatusBar.NetworkController( 1282): updateTelephonySignalStrength: iconLevel=3
D/StatusBar.NetworkController( 1282): updateTelephonySignalStrength, No signal level. mPhoneSignalIconId = com.android.systemui:drawable/stat_sys_signal_3_auto_rotate mDataSignalIconId = com.android.systemui:drawable/stat_sys_signal_3_auto_rotate mQSPhoneSignalIconId = com.android.systemui:drawable/ic_qs_signal_3 mContentDescriptionPhoneSignal = Phone three bars.
D/StatusBar.NetworkController( 1282): refreshViews connected={ wifi } level=3 combinedSignalIconId=0x7f020517/com.android.systemui:drawable/stat_sys_wifi_signal_4 mobileLabel=Emergency calls only wifiLabel="27 Lambert"xxxxXXXXxxxxXXXX emergencyOnly=true combinedLabel="27 Lambert"xxxxXXXXxxxxXXXX mAirplaneMode=false mDataActivity=0 mPhoneSignalIconId=0x7f02048e/com.android.systemui:drawable/stat_sys_signal_3_auto_rotate mQSPhoneSignalIconId=0x7f02012b/com.android.systemui:drawable/ic_qs_signal_3 mDataDirectionIconId=0x0/(null) mDataSignalIconId=0x7f02048e/com.android.systemui:drawable/stat_sys_signal_3_auto_rotate mDataTypeIconId=0x0/(null) mQSDataTypeIconId=0x0/(null) mNoSimIconId=0x0/(null) mWifiIconId=0x7f020517/com.android.systemui:drawable/stat_sys_wifi_signal_4 mQSWifiIconId=0x7f020143/com.android.systemui:drawable/ic_qs_wifi_4 mWifiActivityIconId=0x7f0204e8/com.android.systemui:drawable/stat_sys_signal_inout mBluetoothTetherIconId=0x10808cc/android:drawable/stat_sys_tether_bluetooth
D/STATUSBAR-WifiQuickSettingButton( 1282): onWifiSignalChanged enabled=true enabledDesc:"27 Lambert"
E/SMD     (11187): smd Interface open failed errno is 2 -1
D/ResourcesManager(  901): creating new AssetManager and set to /data/app/com.hp.android.printservice-1/base.apk
D/UsbSettingsManager(  901): deviceAttached: /dev/bus/usb/002/002 def package null
D/UsbSettingsManager(  901): deviceAttached, send intent Intent { act=android.hardware.usb.action.USB_DEVICE_ATTACHED flg=0x10000000 (has extras) }
W/ContextImpl(  901): Calling a method in the system process without a qualified user: android.app.ContextImpl.sendBroadcast:1699 com.android.server.usb.UsbSettingsManager.deviceAttached:754 com.android.server.usb.UsbHostManager.endUsbDeviceAdded:332 com.android.server.usb.UsbHostManager.monitorUsbHostBus:-2 com.android.server.usb.UsbHostManager.access$000:68 
D/EventHub(  901): No input device configuration file found for device 'USB2.0 Camera'.
D/UsbSettingsManager(  901): deviceAttached, call to resolveActivity started, Intent { act=android.hardware.usb.action.USB_DEVICE_ATTACHED flg=0x10000000 (has extras) }
D/UsbSettingsManager(  901): resolveActivity : matches count = 0, defaultPackage = null
D/UsbSettingsManager(  901): deviceAttached, call to resolveActivity ended, Intent { act=android.hardware.usb.action.USB_DEVICE_ATTACHED flg=0x10000000 (has extras) }
